Analyzing DAILY-HISAB-...                                       

warning • The declaration '<unnamed>' isn't referenced. Try removing the declaration of '<unnamed>' • lib/main.dart:1:1 • unused_element
  error • Expected a method, getter, setter or operator declaration. This appears to be incomplete code. Try removing it or completing it • lib/main.dart:1:1 • expected_executable
  error • Expected a method, getter, setter or operator declaration. This appears to be incomplete code. Try removing it or completing it • lib/main.dart:1:2 • expected_executable
  error • Undefined class 'DOCTYPE'. Try changing the name to the name of an existing class, or creating a class with the name 'DOCTYPE' • lib/main.dart:1:3 • undefined_class
  error • Expected to find ';' • lib/main.dart:1:11 • expected_token
  error • Expected a method, getter, setter or operator declaration. This appears to be incomplete code. Try removing it or completing it • lib/main.dart:1:15 • expected_executable
  error • Expected a method, getter, setter or operator declaration. This appears to be incomplete code. Try removing it or completing it • lib/main.dart:2:1 • expected_executable
  error • html isn't a type. Try correcting the name to match an existing type • lib/main.dart:2:2 • not_a_type
  error • The operator '>' isn't defined for the type 'String'. Try defining the operator '>' • lib/main.dart:2:16 • undefined_operator
  error • The name 'head' isn't a type, so it can't be used as a type argument. Try correcting the name to an existing type, or defining a type named 'head' • lib/main.dart:3:2 • non_type_as_type_argument
  error • A comparison expression can't be an operand of another comparison expression. Try putting parentheses around one of the comparisons • lib/main.dart:4:1 • equality_cannot_be_equality_operand
  error • Expected to find '[' • lib/main.dart:4:1 • expected_token
  error • Expected to find ';' • lib/main.dart:4:2 • expected_token
  error • Undefined name 'meta'. Try correcting the name to one that is defined, or defining the name • lib/main.dart:4:2 • undefined_identifier
  error • Variables must be declared using the keywords 'const', 'final', 'var' or a type name. Try adding the name of the type of the variable or the keyword 'var' • lib/main.dart:4:7 • missing_const_final_var_or_type
  error • The operator '>' isn't defined for the type 'String'. Try defining the operator '>' • lib/main.dart:4:22 • undefined_operator
  error • Expected to find ';' • lib/main.dart:5:2 • expected_token
  error • Expected to find '>' • lib/main.dart:5:2 • expected_token
  error • The name 'meta' isn't a type, so it can't be used as a type argument. Try correcting the name to an existing type, or defining a type named 'meta' • lib/main.dart:5:2 • non_type_as_type_argument
  error • Expected to find '[' • lib/main.dart:5:7 • expected_token
  error • Variables must be declared using the keywords 'const', 'final', 'var' or a type name. Try adding the name of the type of the variable or the keyword 'var' • lib/main.dart:5:7 • missing_const_final_var_or_type
  error • Expected to find ';' • lib/main.dart:5:12 • expected_token
  error • Variables must be declared using the keywords 'const', 'final', 'var' or a type name. Try adding the name of the type of the variable or the keyword 'var' • lib/main.dart:5:23 • missing_const_final_var_or_type
  error • The operator '>' isn't defined for the type 'String'. Try defining the operator '>' • lib/main.dart:5:67 • undefined_operator
  error • Expected to find ';' • lib/main.dart:6:2 • expected_token
  error • Expected to find '>' • lib/main.dart:6:2 • expected_token
  error • The name 'meta' isn't a type, so it can't be used as a type argument. Try correcting the name to an existing type, or defining a type named 'meta' • lib/main.dart:6:2 • non_type_as_type_argument
  error • Expected to find '[' • lib/main.dart:6:7 • expected_token
  error • The name 'name' is already defined. Try renaming one of the declarations • lib/main.dart:6:7 • duplicate_definition
  error • Variables must be declared using the keywords 'const', 'final', 'var' or a type name. Try adding the name of the type of the variable or the keyword 'var' • lib/main.dart:6:7 • missing_const_final_var_or_type
  error • Expected to find ';' • lib/main.dart:6:12 • expected_token
  error • The name 'content' is already defined. Try renaming one of the declarations • lib/main.dart:6:26 • duplicate_definition
  error • Variables must be declared using the keywords 'const', 'final', 'var' or a type name. Try adding the name of the type of the variable or the keyword 'var' • lib/main.dart:6:26 • missing_const_final_var_or_type
  error • The operator '>' isn't defined for the type 'String'. Try defining the operator '>' • lib/main.dart:6:43 • undefined_operator
  error • The name 'title' isn't a type, so it can't be used as a type argument. Try correcting the name to an existing type, or defining a type named 'title' • lib/main.dart:7:2 • non_type_as_type_argument
  error • Expected to find ';' • lib/main.dart:7:7 • expected_token
  error • Expected to find '[' • lib/main.dart:7:8 • expected_token
  error • Undefined class 'Daily'. Try changing the name to the name of an existing class, or creating a class with the name 'Daily' • lib/main.dart:7:8 • undefined_class
   info • The variable name 'Hisab' isn't a lowerCamelCase identifier. Try changing the name to follow the lowerCamelCase style • lib/main.dart:7:14 • non_constant_identifier_names
  error • Functions must have an explicit list of parameters. Try adding a parameter list • lib/main.dart:7:14 • missing_function_parameters
  error • Expected an identifier • lib/main.dart:7:20 • missing_identifier
  error • Expected to find ',' • lib/main.dart:7:21 • expected_token
  error • A function body must be provided. Try adding a function body • lib/main.dart:8:1 • missing_function_body
  error • Expected a method, getter, setter or operator declaration. This appears to be incomplete code. Try removing it or completing it • lib/main.dart:8:1 • expected_executable
  error • Undefined class 'link'. Try changing the name to the name of an existing class, or creating a class with the name 'link' • lib/main.dart:8:2 • undefined_class
  error • Expected to find ';' • lib/main.dart:8:11 • expected_token
  error • Variables must be declared using the keywords 'const', 'final', 'var' or a type name. Try adding the name of the type of the variable or the keyword 'var' • lib/main.dart:8:22 • missing_const_final_var_or_type
  error • The operator '>' isn't defined for the type 'String'. Try defining the operator '>' • lib/main.dart:8:42 • undefined_operator
  error • The name 'style' isn't a type, so it can't be used as a type argument. Try correcting the name to an existing type, or defining a type named 'style' • lib/main.dart:10:2 • non_type_as_type_argument
  error • Expected to find '[' • lib/main.dart:11:1 • expected_token
  error • The operator '*' isn't defined for the type 'List<InvalidType>'. Try defining the operator '*' • lib/main.dart:11:1 • undefined_operator
  error • Undefined name 'sizing'. Try correcting the name to one that is defined, or defining the name • lib/main.dart:11:7 • undefined_identifier
  error • Undefined name 'border'. Try correcting the name to one that is defined, or defining the name • lib/main.dart:11:14 • undefined_identifier
  error • Expected to find ';' • lib/main.dart:11:24 • expected_token
   info • Missing type annotation. Try adding a type annotation • lib/main.dart:13:1 • strict_top_level_inference
  error • Functions must have an explicit list of parameters. Try adding a parameter list • lib/main.dart:13:1 • missing_function_parameters
warning • The label 'margin' isn't used. Try removing the label, or using it in either a 'break' or 'continue' statement • lib/main.dart:14:1 • unused_label
  error • Undefined name 'font'. Try correcting the name to one that is defined, or defining the name • lib/main.dart:15:1 • undefined_identifier
  error • Expected to find ';' • lib/main.dart:15:6 • expected_token
  error • Undefined name 'family'. Try correcting the name to one that is defined, or defining the name • lib/main.dart:15:6 • undefined_identifier
  error • Expected an identifier • lib/main.dart:15:12 • missing_identifier
  error • Unexpected text ';'. Try removing the text • lib/main.dart:15:12 • unexpected_token
  error • Expected to find ';' • lib/main.dart:15:13 • expected_token
  error • Undefined name 'Arial'. Try correcting the name to one that is defined, or defining the name • lib/main.dart:15:13 • undefined_identifier
  error • Expected an identifier • lib/main.dart:15:18 • missing_identifier
  error • Unexpected text ';'. Try removing the text • lib/main.dart:15:18 • unexpected_token
  error • Undefined name 'sans'. Try correcting the name to one that is defined, or defining the name • lib/main.dart:15:19 • undefined_identifier
  error • Undefined name 'serif'. Try correcting the name to one that is defined, or defining the name • lib/main.dart:15:24 • undefined_identifier
warning • The label 'background' isn't used. Try removing the label, or using it in either a 'break' or 'continue' statement • lib/main.dart:16:1 • unused_label
warning • The label 'color' isn't used. Try removing the label, or using it in either a 'break' or 'continue' statement • lib/main.dart:17:1 • unused_label
  error • Expected to find ';' • lib/main.dart:17:7 • expected_token
  error • Expected an identifier • lib/main.dart:17:8 • missing_identifier
   info • Missing type annotation. Try adding a type annotation • lib/main.dart:20:1 • strict_top_level_inference
  error • Functions must have an explicit list of parameters. Try adding a parameter list • lib/main.dart:20:1 • missing_function_parameters
warning • The label 'background' isn't used. Try removing the label, or using it in either a 'break' or 'continue' statement • lib/main.dart:21:1 • unused_label
  error • Expected to find ';' • lib/main.dart:21:12 • expected_token
  error • Expected an identifier • lib/main.dart:21:13 • missing_identifier
warning • The label 'color' isn't used. Try removing the label, or using it in either a 'break' or 'continue' statement • lib/main.dart:22:1 • unused_label
  error • Undefined name 'white'. Try correcting the name to one that is defined, or defining the name • lib/main.dart:22:7 • undefined_identifier
warning • The label 'padding' isn't used. Try removing the label, or using it in either a 'break' or 'continue' statement • lib/main.dart:23:1 • unused_label
  error • Expected to find ';' • lib/main.dart:23:9 • expected_token
  error • Undefined name 'px'. Try correcting the name to one that is defined, or defining the name • lib/main.dart:23:11 • undefined_identifier
  error • Undefined name 'text'. Try correcting the name to one that is defined, or defining the name • lib/main.dart:24:1 • undefined_identifier
  error • Expected to find ';' • lib/main.dart:24:6 • expected_token
  error • Undefined name 'align'. Try correcting the name to one that is defined, or defining the name • lib/main.dart:24:6 • undefined_identifier
  error • Expected an identifier • lib/main.dart:24:11 • missing_identifier
  error • Unexpected text ';'. Try removing the text • lib/main.dart:24:11 • unexpected_token
  error • Undefined name 'center'. Try correcting the name to one that is defined, or defining the name • lib/main.dart:24:12 • undefined_identifier
  error • header isn't a type. Try correcting the name to match an existing type • lib/main.dart:27:1 • not_a_type
  error • Functions must have an explicit list of parameters. Try adding a parameter list • lib/main.dart:27:8 • missing_function_parameters
warning • The label 'margin' isn't used. Try removing the label, or using it in either a 'break' or 'continue' statement • lib/main.dart:28:1 • unused_label
   info • Missing type annotation. Try adding a type annotation • lib/main.dart:31:1 • strict_top_level_inference
  error • Functions must have an explicit list of parameters. Try adding a parameter list • lib/main.dart:31:1 • missing_function_parameters
warning • The label 'display' isn't used. Try removing the label, or using it in either a 'break' or 'continue' statement • lib/main.dart:32:1 • unused_label
  error • Undefined name 'flex'. Try correcting the name to one that is defined, or defining the name • lib/main.dart:32:9 • undefined_identifier
  error • Undefined name 'overflow'. Try correcting the name to one that is defined, or defining the name • lib/main.dart:33:1 • undefined_identifier
  error • Expected to find ';' • lib/main.dart:33:10 • expected_token
  error • Undefined name 'x'. Try correcting the name to one that is defined, or defining the name • lib/main.dart:33:10 • undefined_identifier
  error • Expected an identifier • lib/main.dart:33:11 • missing_identifier
  error • Unexpected text ';'. Try removing the text • lib/main.dart:33:11 • unexpected_token
  error • Undefined name 'auto'. Try correcting the name to one that is defined, or defining the name • lib/main.dart:33:12 • undefined_identifier
warning • The label 'background' isn't used. Try removing the label, or using it in either a 'break' or 'continue' statement • lib/main.dart:34:1 • unused_label
  error • Undefined name 'white'. Try correcting the name to one that is defined, or defining the name • lib/main.dart:34:12 • undefined_identifier
warning • The label 'position' isn't used. Try removing the label, or using it in either a 'break' or 'continue' statement • lib/main.dart:35:1 • unused_label
  error • Undefined name 'sticky'. Try correcting the name to one that is defined, or defining the name • lib/main.dart:35:10 • undefined_identifier
warning • The label 'top' isn't used. Try removing the label, or using it in either a 'break' or 'continue' statement • lib/main.dart:36:1 • unused_label
  error • Undefined name 'z'. Try correcting the name to one that is defined, or defining the name • lib/main.dart:37:1 • undefined_identifier
  error • Expected to find ';' • lib/main.dart:37:3 • expected_token
  error • Undefined name 'index'. Try correcting the name to one that is defined, or defining the name • lib/main.dart:37:3 • undefined_identifier
  error • Expected an identifier • lib/main.dart:37:8 • missing_identifier
  error • Unexpected text ';'. Try removing the text • lib/main.dart:37:8 • unexpected_token
  error • Expected to find ';' • lib/main.dart:38:5 • expected_token
  error • Undefined name 'shadow'. Try correcting the name to one that is defined, or defining the name • lib/main.dart:38:5 • undefined_identifier
  error • Expected an identifier • lib/main.dart:38:11 • missing_identifier
  error • Unexpected text ';'. Try removing the text • lib/main.dart:38:11 • unexpected_token
  error • Expected to find ';' • lib/main.dart:38:12 • expected_token
  error • Expected to find ';' • lib/main.dart:38:14 • expected_token
  error • Expected to find ';' • lib/main.dart:38:15 • expected_token
  error • Undefined name 'px'. Try correcting the name to one that is defined, or defining the name • lib/main.dart:38:15 • undefined_identifier
  error • Expected to find ';' • lib/main.dart:38:18 • expected_token
  error • Expected to find ';' • lib/main.dart:38:19 • expected_token
  error • Undefined name 'px'. Try correcting the name to one that is defined, or defining the name • lib/main.dart:38:19 • undefined_identifier
  error • nav isn't a type. Try correcting the name to match an existing type • lib/main.dart:41:1 • not_a_type
  error • Functions must have an explicit list of parameters. Try adding a parameter list • lib/main.dart:41:5 • missing_function_parameters
  error • The operator '-' isn't defined for the type 'String'. Try defining the operator '-' • lib/main.dart:42:4 • undefined_operator
  error • Expected to find ';' • lib/main.dart:42:5 • expected_token
  error • Undefined name 'width'. Try correcting the name to one that is defined, or defining the name • lib/main.dart:42:5 • undefined_identifier
  error • Expected an identifier • lib/main.dart:42:10 • missing_identifier
  error • Unexpected text ';'. Try removing the text • lib/main.dart:42:10 • unexpected_token
  error • Expected to find ';' • lib/main.dart:42:11 • expected_token
  error • Undefined name 'px'. Try correcting the name to one that is defined, or defining the name • lib/main.dart:42:14 • undefined_identifier
warning • The label 'padding' isn't used. Try removing the label, or using it in either a 'break' or 'continue' statement • lib/main.dart:43:1 • unused_label
  error • Expected to find ';' • lib/main.dart:43:9 • expected_token
  error • Expected to find ';' • lib/main.dart:43:11 • expected_token
  error • Undefined name 'px'. Try correcting the name to one that is defined, or defining the name • lib/main.dart:43:11 • undefined_identifier
  error • Expected to find ';' • lib/main.dart:43:14 • expected_token
  error • Undefined name 'px'. Try correcting the name to one that is defined, or defining the name • lib/main.dart:43:15 • undefined_identifier
warning • The label 'border' isn't used. Try removing the label, or using it in either a 'break' or 'continue' statement • lib/main.dart:44:1 • unused_label
warning • The label 'background' isn't used. Try removing the label, or using it in either a 'break' or 'continue' statement • lib/main.dart:45:1 • unused_label
  error • Undefined name 'white'. Try correcting the name to one that is defined, or defining the name • lib/main.dart:45:12 • undefined_identifier
  error • Undefined name 'font'. Try correcting the name to one that is defined, or defining the name • lib/main.dart:46:1 • undefined_identifier
  error • Expected to find ';' • lib/main.dart:46:6 • expected_token
  error • Undefined name 'weight'. Try correcting the name to one that is defined, or defining the name • lib/main.dart:46:6 • undefined_identifier
  error • Expected an identifier • lib/main.dart:46:12 • missing_identifier
  error • Unexpected text ';'. Try removing the text • lib/main.dart:46:12 • unexpected_token
  error • Undefined name 'bold'. Try correcting the name to one that is defined, or defining the name • lib/main.dart:46:13 • undefined_identifier
  error • nav isn't a type. Try correcting the name to match an existing type • lib/main.dart:49:1 • not_a_type
  error • Functions must have an explicit list of parameters. Try adding a parameter list • lib/main.dart:49:5 • missing_function_parameters
  error • The name 'button' is already defined. Try renaming one of the declarations • lib/main.dart:49:5 • duplicate_definition
  error • A function body must be provided. Try adding a function body • lib/main.dart:49:11 • missing_function_body
  error • Expected a method, getter, setter or operator declaration. This appears to be incomplete code. Try removing it or completing it • lib/main.dart:49:11 • expected_executable
   info • Missing type annotation. Try adding a type annotation • lib/main.dart:49:12 • strict_top_level_inference
  error • Functions must have an explicit list of parameters. Try adding a parameter list • lib/main.dart:49:12 • missing_function_parameters
warning • The label 'color' isn't used. Try removing the label, or using it in either a 'break' or 'continue' statement • lib/main.dart:50:1 • unused_label
  error • Expected to find ';' • lib/main.dart:50:7 • expected_token
  error • Expected an identifier • lib/main.dart:50:8 • missing_identifier
  error • Undefined name 'border'. Try correcting the name to one that is defined, or defining the name • lib/main.dart:51:1 • undefined_identifier
  error • Expected to find ';' • lib/main.dart:51:8 • expected_token
  error • Undefined name 'bottom'. Try correcting the name to one that is defined, or defining the name • lib/main.dart:51:8 • undefined_identifier
  error • Expected an identifier • lib/main.dart:51:14 • missing_identifier
  error • Unexpected text ';'. Try removing the text • lib/main.dart:51:14 • unexpected_token
  error • Expected to find ';' • lib/main.dart:51:15 • expected_token
  error • Undefined class 'px'. Try changing the name to the name of an existing class, or creating a class with the name 'px' • lib/main.dart:51:16 • undefined_class
warning • The value of the local variable 'solid' isn't used. Try removing the variable or using it • lib/main.dart:51:19 • unused_local_variable
  error • Expected to find ';' • lib/main.dart:51:19 • expected_token
  error • Expected to find ';' • lib/main.dart:51:25 • expected_token
  error • Expected an identifier • lib/main.dart:51:26 • missing_identifier
   info • Missing type annotation. Try adding a type annotation • lib/main.dart:54:1 • strict_top_level_inference
  error • Functions must have an explicit list of parameters. Try adding a parameter list • lib/main.dart:54:1 • missing_function_parameters
  error • Undefined name 'max'. Try correcting the name to one that is defined, or defining the name • lib/main.dart:55:1 • undefined_identifier
  error • Expected to find ';' • lib/main.dart:55:5 • expected_token
  error • Undefined name 'width'. Try correcting the name to one that is defined, or defining the name • lib/main.dart:55:5 • undefined_identifier
  error • Expected an identifier • lib/main.dart:55:10 • missing_identifier
  error • Unexpected text ';'. Try removing the text • lib/main.dart:55:10 • unexpected_token
  error • Expected to find ';' • lib/main.dart:55:11 • expected_token
  error • Undefined name 'px'. Try correcting the name to one that is defined, or defining the name • lib/main.dart:55:14 • undefined_identifier
warning • The label 'margin' isn't used. Try removing the label, or using it in either a 'break' or 'continue' statement • lib/main.dart:56:1 • unused_label
  error • Undefined name 'auto'. Try correcting the name to one that is defined, or defining the name • lib/main.dart:56:8 • undefined_identifier
warning • The label 'padding' isn't used. Try removing the label, or using it in either a 'break' or 'continue' statement • lib/main.dart:57:1 • unused_label
  error • Expected to find ';' • lib/main.dart:57:9 • expected_token
  error • Undefined name 'px'. Try correcting the name to one that is defined, or defining the name • lib/main.dart:57:11 • undefined_identifier
  error • Expected a method, getter, setter or operator declaration. This appears to be incomplete code. Try removing it or completing it • lib/main.dart:60:1 • expected_executable
   info • Missing type annotation. Try adding a type annotation • lib/main.dart:60:2 • strict_top_level_inference
  error • Functions must have an explicit list of parameters. Try adding a parameter list • lib/main.dart:60:2 • missing_function_parameters
warning • The label 'display' isn't used. Try removing the label, or using it in either a 'break' or 'continue' statement • lib/main.dart:61:1 • unused_label
  error • Undefined name 'none'. Try correcting the name to one that is defined, or defining the name • lib/main.dart:61:9 • undefined_identifier
  error • Expected a method, getter, setter or operator declaration. This appears to be incomplete code. Try removing it or completing it • lib/main.dart:64:1 • expected_executable
   info • Missing type annotation. Try adding a type annotation • lib/main.dart:64:2 • strict_top_level_inference
  error • Functions must have an explicit list of parameters. Try adding a parameter list • lib/main.dart:64:2 • missing_function_parameters
  error • The name 'page' is already defined. Try renaming one of the declarations • lib/main.dart:64:2 • duplicate_definition
  error • A function body must be provided. Try adding a function body • lib/main.dart:64:6 • missing_function_body
  error • Expected a method, getter, setter or operator declaration. This appears to be incomplete code. Try removing it or completing it • lib/main.dart:64:6 • expected_executable
   info • Missing type annotation. Try adding a type annotation • lib/main.dart:64:7 • strict_top_level_inference
  error • Functions must have an explicit list of parameters. Try adding a parameter list • lib/main.dart:64:7 • missing_function_parameters
  error • The name 'active' is already defined. Try renaming one of the declarations • lib/main.dart:64:7 • duplicate_definition
warning • The label 'display' isn't used. Try removing the label, or using it in either a 'break' or 'continue' statement • lib/main.dart:65:1 • unused_label
  error • Undefined name 'block'. Try correcting the name to one that is defined, or defining the name • lib/main.dart:65:9 • undefined_identifier
  error • Expected a method, getter, setter or operator declaration. This appears to be incomplete code. Try removing it or completing it • lib/main.dart:68:1 • expected_executable
   info • Missing type annotation. Try adding a type annotation • lib/main.dart:68:2 • strict_top_level_inference
  error • Functions must have an explicit list of parameters. Try adding a parameter list • lib/main.dart:68:2 • missing_function_parameters
warning • The label 'display' isn't used. Try removing the label, or using it in either a 'break' or 'continue' statement • lib/main.dart:69:1 • unused_label
  error • Undefined name 'grid'. Try correcting the name to one that is defined, or defining the name • lib/main.dart:69:9 • undefined_identifier
  error • Undefined name 'grid'. Try correcting the name to one that is defined, or defining the name • lib/main.dart:70:1 • undefined_identifier
  error • Undefined name 'template'. Try correcting the name to one that is defined, or defining the name • lib/main.dart:70:6 • undefined_identifier
  error • Expected to find ';' • lib/main.dart:70:15 • expected_token
  error • Undefined name 'columns'. Try correcting the name to one that is defined, or defining the name • lib/main.dart:70:15 • undefined_identifier
  error • Expected an identifier • lib/main.dart:70:22 • missing_identifier
  error • Unexpected text ';'. Try removing the text • lib/main.dart:70:22 • unexpected_token
  error • The function 'repeat' isn't defined. Try importing the library that defines 'repeat', correcting the name to the name of an existing function, or defining a function named 'repeat' • lib/main.dart:70:23 • undefined_function
  error • Expected to find ',' • lib/main.dart:70:33 • expected_token
  error • Undefined name 'fr'. Try correcting the name to one that is defined, or defining the name • lib/main.dart:70:33 • undefined_identifier
warning • The label 'gap' isn't used. Try removing the label, or using it in either a 'break' or 'continue' statement • lib/main.dart:71:1 • unused_label
  error • Expected to find ';' • lib/main.dart:71:5 • expected_token
  error • Undefined name 'px'. Try correcting the name to one that is defined, or defining the name • lib/main.dart:71:7 • undefined_identifier
  error • Expected a method, getter, setter or operator declaration. This appears to be incomplete code. Try removing it or completing it • lib/main.dart:74:1 • expected_executable
   info • An uninitialized variable should have an explicit type annotation. Try adding a type annotation • lib/main.dart:74:2 • prefer_typing_uninitialized_variables
   info • Missing type annotation. Try splitting the declaration and specify the different type annotations • lib/main.dart:74:2 • strict_top_level_inference
  error • Variables must be declared using the keywords 'const', 'final', 'var' or a type name. Try adding the name of the type of the variable or the keyword 'var' • lib/main.dart:74:2 • missing_const_final_var_or_type
  error • Expected an identifier • lib/main.dart:74:7 • missing_identifier
  error • Expected to find ';' • lib/main.dart:74:7 • expected_token
   info • An uninitialized variable should have an explicit type annotation. Try adding a type annotation • lib/main.dart:74:8 • prefer_typing_uninitialized_variables
   info • An uninitialized variable should have an explicit type annotation. Try adding a type annotation • lib/main.dart:74:8 • prefer_typing_uninitialized_variables
   info • Missing type annotation. Try splitting the declaration and specify the different type annotations • lib/main.dart:74:8 • strict_top_level_inference
  error • Variables must be declared using the keywords 'const', 'final', 'var' or a type name. Try adding the name of the type of the variable or the keyword 'var' • lib/main.dart:74:8 • missing_const_final_var_or_type
  error • Expected an identifier • lib/main.dart:74:12 • missing_identifier
  error • Expected to find ';' • lib/main.dart:74:12 • expected_token
   info • An uninitialized variable should have an explicit type annotation. Try adding a type annotation • lib/main.dart:74:13 • prefer_typing_uninitialized_variables
   info • Missing type annotation. Try adding a type annotation • lib/main.dart:74:13 • strict_top_level_inference
  error • Functions must have an explicit list of parameters. Try adding a parameter list • lib/main.dart:74:13 • missing_function_parameters
warning • The label 'background' isn't used. Try removing the label, or using it in either a 'break' or 'continue' statement • lib/main.dart:75:1 • unused_label
  error • Undefined name 'white'. Try correcting the name to one that is defined, or defining the name • lib/main.dart:75:12 • undefined_identifier
warning • The label 'padding' isn't used. Try removing the label, or using it in either a 'break' or 'continue' statement • lib/main.dart:76:1 • unused_label
  error • Expected to find ';' • lib/main.dart:76:9 • expected_token
  error • Undefined name 'px'. Try correcting the name to one that is defined, or defining the name • lib/main.dart:76:11 • undefined_identifier
  error • Undefined name 'border'. Try correcting the name to one that is defined, or defining the name • lib/main.dart:77:1 • undefined_identifier
  error • Expected to find ';' • lib/main.dart:77:8 • expected_token
  error • Undefined name 'radius'. Try correcting the name to one that is defined, or defining the name • lib/main.dart:77:8 • undefined_identifier
  error • Expected an identifier • lib/main.dart:77:14 • missing_identifier
  error • Unexpected text ';'. Try removing the text • lib/main.dart:77:14 • unexpected_token
  error • Expected to find ';' • lib/main.dart:77:15 • expected_token
  error • Undefined name 'px'. Try correcting the name to one that is defined, or defining the name • lib/main.dart:77:17 • undefined_identifier
  error • Expected to find ';' • lib/main.dart:78:5 • expected_token
  error • Undefined name 'shadow'. Try correcting the name to one that is defined, or defining the name • lib/main.dart:78:5 • undefined_identifier
  error • Expected an identifier • lib/main.dart:78:11 • missing_identifier
  error • Unexpected text ';'. Try removing the text • lib/main.dart:78:11 • unexpected_token
  error • Expected to find ';' • lib/main.dart:78:12 • expected_token
  error • Expected to find ';' • lib/main.dart:78:14 • expected_token
  error • Expected to find ';' • lib/main.dart:78:15 • expected_token
  error • Undefined name 'px'. Try correcting the name to one that is defined, or defining the name • lib/main.dart:78:15 • undefined_identifier
  error • Expected to find ';' • lib/main.dart:78:18 • expected_token
  error • Expected to find ';' • lib/main.dart:78:19 • expected_token
  error • Undefined name 'px'. Try correcting the name to one that is defined, or defining the name • lib/main.dart:78:19 • undefined_identifier
  error • Undefined name 'margin'. Try correcting the name to one that is defined, or defining the name • lib/main.dart:79:1 • undefined_identifier
  error • Expected to find ';' • lib/main.dart:79:8 • expected_token
  error • Undefined name 'bottom'. Try correcting the name to one that is defined, or defining the name • lib/main.dart:79:8 • undefined_identifier
  error • Expected an identifier • lib/main.dart:79:14 • missing_identifier
  error • Unexpected text ';'. Try removing the text • lib/main.dart:79:14 • unexpected_token
  error • Expected to find ';' • lib/main.dart:79:15 • expected_token
  error • Undefined name 'px'. Try correcting the name to one that is defined, or defining the name • lib/main.dart:79:17 • undefined_identifier
  error • Expected a method, getter, setter or operator declaration. This appears to be incomplete code. Try removing it or completing it • lib/main.dart:82:1 • expected_executable
  error • card isn't a type. Try correcting the name to match an existing type • lib/main.dart:82:2 • not_a_type
  error • Functions must have an explicit list of parameters. Try adding a parameter list • lib/main.dart:82:7 • missing_function_parameters
warning • The label 'display' isn't used. Try removing the label, or using it in either a 'break' or 'continue' statement • lib/main.dart:83:1 • unused_label
  error • Undefined name 'block'. Try correcting the name to one that is defined, or defining the name • lib/main.dart:83:9 • undefined_identifier
  error • Undefined name 'font'. Try correcting the name to one that is defined, or defining the name • lib/main.dart:84:1 • undefined_identifier
  error • Expected to find ';' • lib/main.dart:84:6 • expected_token
  error • Undefined name 'size'. Try correcting the name to one that is defined, or defining the name • lib/main.dart:84:6 • undefined_identifier
  error • Expected an identifier • lib/main.dart:84:10 • missing_identifier
  error • Unexpected text ';'. Try removing the text • lib/main.dart:84:10 • unexpected_token
  error • Expected to find ';' • lib/main.dart:84:11 • expected_token
  error • Undefined name 'px'. Try correcting the name to one that is defined, or defining the name • lib/main.dart:84:13 • undefined_identifier
  error • Undefined name 'margin'. Try correcting the name to one that is defined, or defining the name • lib/main.dart:85:1 • undefined_identifier
  error • Expected to find ';' • lib/main.dart:85:8 • expected_token
  error • Undefined name 'top'. Try correcting the name to one that is defined, or defining the name • lib/main.dart:85:8 • undefined_identifier
  error • Expected an identifier • lib/main.dart:85:11 • missing_identifier
  error • Unexpected text ';'. Try removing the text • lib/main.dart:85:11 • unexpected_token
  error • Expected to find ';' • lib/main.dart:85:12 • expected_token
  error • Undefined name 'px'. Try correcting the name to one that is defined, or defining the name • lib/main.dart:85:13 • undefined_identifier
  error • Expected a method, getter, setter or operator declaration. This appears to be incomplete code. Try removing it or completing it • lib/main.dart:88:1 • expected_executable
   info • Missing type annotation. Try adding a type annotation • lib/main.dart:88:2 • strict_top_level_inference
  error • Functions must have an explicit list of parameters. Try adding a parameter list • lib/main.dart:88:2 • missing_function_parameters
warning • The label 'color' isn't used. Try removing the label, or using it in either a 'break' or 'continue' statement • lib/main.dart:88:9 • unused_label
  error • Expected to find ';' • lib/main.dart:88:15 • expected_token
  error • Expected an identifier • lib/main.dart:88:16 • missing_identifier
  error • Expected to find ';' • lib/main.dart:88:16 • expected_token
  error • Expected a method, getter, setter or operator declaration. This appears to be incomplete code. Try removing it or completing it • lib/main.dart:89:1 • expected_executable
   info • Missing type annotation. Try adding a type annotation • lib/main.dart:89:2 • strict_top_level_inference
  error • Functions must have an explicit list of parameters. Try adding a parameter list • lib/main.dart:89:2 • missing_function_parameters
warning • The label 'color' isn't used. Try removing the label, or using it in either a 'break' or 'continue' statement • lib/main.dart:89:10 • unused_label
  error • Expected to find ';' • lib/main.dart:89:17 • expected_token
  error • Expected a method, getter, setter or operator declaration. This appears to be incomplete code. Try removing it or completing it • lib/main.dart:90:1 • expected_executable
   info • Missing type annotation. Try adding a type annotation • lib/main.dart:90:2 • strict_top_level_inference
  error • Functions must have an explicit list of parameters. Try adding a parameter list • lib/main.dart:90:2 • missing_function_parameters
warning • The label 'color' isn't used. Try removing the label, or using it in either a 'break' or 'continue' statement • lib/main.dart:90:13 • unused_label
  error • Expected to find ';' • lib/main.dart:90:19 • expected_token
  error • Expected an identifier • lib/main.dart:90:20 • missing_identifier
  error • Expected to find ';' • lib/main.dart:90:20 • expected_token
  error • Expected to find ';' • lib/main.dart:90:21 • expected_token
  error • Undefined name 'd6efd'. Try correcting the name to one that is defined, or defining the name • lib/main.dart:90:21 • undefined_identifier
  error • Expected a method, getter, setter or operator declaration. This appears to be incomplete code. Try removing it or completing it • lib/main.dart:91:1 • expected_executable
   info • Missing type annotation. Try adding a type annotation • lib/main.dart:91:2 • strict_top_level_inference
  error • Functions must have an explicit list of parameters. Try adding a parameter list • lib/main.dart:91:2 • missing_function_parameters
warning • The label 'color' isn't used. Try removing the label, or using it in either a 'break' or 'continue' statement • lib/main.dart:91:10 • unused_label
  error • Expected to find ';' • lib/main.dart:91:17 • expected_token
   info • Missing type annotation. Try adding a type annotation • lib/main.dart:93:1 • strict_top_level_inference
  error • Functions must have an explicit list of parameters. Try adding a parameter list • lib/main.dart:93:1 • missing_function_parameters
warning • The label 'display' isn't used. Try removing the label, or using it in either a 'break' or 'continue' statement • lib/main.dart:94:1 • unused_label
  error • Undefined name 'block'. Try correcting the name to one that is defined, or defining the name • lib/main.dart:94:9 • undefined_identifier
  error • Undefined name 'font'. Try correcting the name to one that is defined, or defining the name • lib/main.dart:95:1 • undefined_identifier
  error • Expected to find ';' • lib/main.dart:95:6 • expected_token
  error • Undefined name 'weight'. Try correcting the name to one that is defined, or defining the name • lib/main.dart:95:6 • undefined_identifier
  error • Expected an identifier • lib/main.dart:95:12 • missing_identifier
  error • Unexpected text ';'. Try removing the text • lib/main.dart:95:12 • unexpected_token
  error • Undefined name 'bold'. Try correcting the name to one that is defined, or defining the name • lib/main.dart:95:13 • undefined_identifier
warning • The label 'margin' isn't used. Try removing the label, or using it in either a 'break' or 'continue' statement • lib/main.dart:96:1 • unused_label
  error • Expected to find ';' • lib/main.dart:96:8 • expected_token
  error • Expected to find ';' • lib/main.dart:96:10 • expected_token
  error • Undefined name 'px'. Try correcting the name to one that is defined, or defining the name • lib/main.dart:96:10 • undefined_identifier
  error • Expected to find ';' • lib/main.dart:96:13 • expected_token
  error • Expected to find ';' • lib/main.dart:96:15 • expected_token
  error • Undefined name 'px'. Try correcting the name to one that is defined, or defining the name • lib/main.dart:96:16 • undefined_identifier
   info • An uninitialized variable should have an explicit type annotation. Try adding a type annotation • lib/main.dart:99:1 • prefer_typing_uninitialized_variables
   info • Missing type annotation. Try splitting the declaration and specify the different type annotations • lib/main.dart:99:1 • strict_top_level_inference
  error • Variables must be declared using the keywords 'const', 'final', 'var' or a type name. Try adding the name of the type of the variable or the keyword 'var' • lib/main.dart:99:1 • missing_const_final_var_or_type
   info • An uninitialized variable should have an explicit type annotation. Try adding a type annotation • lib/main.dart:99:7 • prefer_typing_uninitialized_variables
   info • Missing type annotation. Try splitting the declaration and specify the different type annotations • lib/main.dart:99:7 • strict_top_level_inference
   info • An uninitialized variable should have an explicit type annotation. Try adding a type annotation • lib/main.dart:99:14 • prefer_typing_uninitialized_variables
   info • Missing type annotation. Try splitting the declaration and specify the different type annotations • lib/main.dart:99:14 • strict_top_level_inference
  error • Expected to find ';' • lib/main.dart:99:14 • expected_token
  error • Expected a method, getter, setter or operator declaration. This appears to be incomplete code. Try removing it or completing it • lib/main.dart:99:22 • expected_executable
   info • Missing type annotation. Try adding a type annotation • lib/main.dart:107:1 • strict_top_level_inference
  error • Functions must have an explicit list of parameters. Try adding a parameter list • lib/main.dart:107:1 • missing_function_parameters
  error • The name 'textarea' is already defined. Try renaming one of the declarations • lib/main.dart:107:1 • duplicate_definition
  error • The operator '-' isn't defined for the type 'String'. Try defining the operator '-' • lib/main.dart:108:4 • undefined_operator
  error • Expected to find ';' • lib/main.dart:108:5 • expected_token
  error • Undefined name 'height'. Try correcting the name to one that is defined, or defining the name • lib/main.dart:108:5 • undefined_identifier
  error • Expected an identifier • lib/main.dart:108:11 • missing_identifier
  error • Unexpected text ';'. Try removing the text • lib/main.dart:108:11 • unexpected_token
  error • Expected to find ';' • lib/main.dart:108:12 • expected_token
  error • Undefined name 'px'. Try correcting the name to one that is defined, or defining the name • lib/main.dart:108:14 • undefined_identifier
   info • Missing type annotation. Try adding a type annotation • lib/main.dart:111:1 • strict_top_level_inference
  error • Functions must have an explicit list of parameters. Try adding a parameter list • lib/main.dart:111:1 • missing_function_parameters
  error • The name 'button' is already defined. Try renaming one of the declarations • lib/main.dart:111:1 • duplicate_definition
  error • A function body must be provided. Try adding a function body • lib/main.dart:111:7 • missing_function_body
  error • Expected a method, getter, setter or operator declaration. This appears to be incomplete code. Try removing it or completing it • lib/main.dart:111:7 • expected_executable
   info • Missing type annotation. Try adding a type annotation • lib/main.dart:111:8 • strict_top_level_inference
  error • Functions must have an explicit list of parameters. Try adding a parameter list • lib/main.dart:111:8 • missing_function_parameters
warning • The label 'background' isn't used. Try removing the label, or using it in either a 'break' or 'continue' statement • lib/main.dart:112:1 • unused_label
  error • Expected to find ';' • lib/main.dart:112:12 • expected_token
  error • Expected an identifier • lib/main.dart:112:13 • missing_identifier
warning • The label 'color' isn't used. Try removing the label, or using it in either a 'break' or 'continue' statement • lib/main.dart:113:1 • unused_label
  error • Undefined name 'white'. Try correcting the name to one that is defined, or defining the name • lib/main.dart:113:7 • undefined_identifier
warning • The label 'border' isn't used. Try removing the label, or using it in either a 'break' or 'continue' statement • lib/main.dart:114:1 • unused_label
warning • The label 'padding' isn't used. Try removing the label, or using it in either a 'break' or 'continue' statement • lib/main.dart:115:1 • unused_label
  error • Expected to find ';' • lib/main.dart:115:9 • expected_token
  error • Expected to find ';' • lib/main.dart:115:11 • expected_token
  error • Undefined name 'px'. Try correcting the name to one that is defined, or defining the name • lib/main.dart:115:11 • undefined_identifier
  error • Expected to find ';' • lib/main.dart:115:14 • expected_token
  error • Undefined name 'px'. Try correcting the name to one that is defined, or defining the name • lib/main.dart:115:16 • undefined_identifier
  error • Undefined name 'border'. Try correcting the name to one that is defined, or defining the name • lib/main.dart:116:1 • undefined_identifier
  error • Expected to find ';' • lib/main.dart:116:8 • expected_token
  error • Undefined name 'radius'. Try correcting the name to one that is defined, or defining the name • lib/main.dart:116:8 • undefined_identifier
  error • Expected an identifier • lib/main.dart:116:14 • missing_identifier
  error • Unexpected text ';'. Try removing the text • lib/main.dart:116:14 • unexpected_token
  error • Expected to find ';' • lib/main.dart:116:15 • expected_token
  error • Undefined name 'px'. Try correcting the name to one that is defined, or defining the name • lib/main.dart:116:16 • undefined_identifier
  error • Undefined name 'font'. Try correcting the name to one that is defined, or defining the name • lib/main.dart:117:1 • undefined_identifier
  error • Expected to find ';' • lib/main.dart:117:6 • expected_token
  error • Undefined name 'weight'. Try correcting the name to one that is defined, or defining the name • lib/main.dart:117:6 • undefined_identifier
  error • Expected an identifier • lib/main.dart:117:12 • missing_identifier
  error • Unexpected text ';'. Try removing the text • lib/main.dart:117:12 • unexpected_token
  error • Undefined name 'bold'. Try correcting the name to one that is defined, or defining the name • lib/main.dart:117:13 • undefined_identifier
  error • Undefined name 'margin'. Try correcting the name to one that is defined, or defining the name • lib/main.dart:118:1 • undefined_identifier
  error • Expected to find ';' • lib/main.dart:118:8 • expected_token
  error • Undefined name 'top'. Try correcting the name to one that is defined, or defining the name • lib/main.dart:118:8 • undefined_identifier
  error • Expected an identifier • lib/main.dart:118:11 • missing_identifier
  error • Unexpected text ';'. Try removing the text • lib/main.dart:118:11 • unexpected_token
  error • Expected to find ';' • lib/main.dart:118:12 • expected_token
  error • Undefined name 'px'. Try correcting the name to one that is defined, or defining the name • lib/main.dart:118:14 • undefined_identifier
   info • Missing type annotation. Try adding a type annotation • lib/main.dart:121:1 • strict_top_level_inference
  error • Functions must have an explicit list of parameters. Try adding a parameter list • lib/main.dart:121:1 • missing_function_parameters
  error • The name 'button' is already defined. Try renaming one of the declarations • lib/main.dart:121:1 • duplicate_definition
  error • A function body must be provided. Try adding a function body • lib/main.dart:121:7 • missing_function_body
  error • Expected a method, getter, setter or operator declaration. This appears to be incomplete code. Try removing it or completing it • lib/main.dart:121:7 • expected_executable
   info • Missing type annotation. Try adding a type annotation • lib/main.dart:121:8 • strict_top_level_inference
  error • Functions must have an explicit list of parameters. Try adding a parameter list • lib/main.dart:121:8 • missing_function_parameters
warning • The label 'background' isn't used. Try removing the label, or using it in either a 'break' or 'continue' statement • lib/main.dart:122:1 • unused_label
warning • The label 'color' isn't used. Try removing the label, or using it in either a 'break' or 'continue' statement • lib/main.dart:123:1 • unused_label
  error • Undefined name 'white'. Try correcting the name to one that is defined, or defining the name • lib/main.dart:123:7 • undefined_identifier
warning • The label 'border' isn't used. Try removing the label, or using it in either a 'break' or 'continue' statement • lib/main.dart:124:1 • unused_label
warning • The label 'padding' isn't used. Try removing the label, or using it in either a 'break' or 'continue' statement • lib/main.dart:125:1 • unused_label
  error • Expected to find ';' • lib/main.dart:125:9 • expected_token
  error • Expected to find ';' • lib/main.dart:125:10 • expected_token
  error • Undefined name 'px'. Try correcting the name to one that is defined, or defining the name • lib/main.dart:125:10 • undefined_identifier
  error • Expected to find ';' • lib/main.dart:125:13 • expected_token
  error • Undefined name 'px'. Try correcting the name to one that is defined, or defining the name • lib/main.dart:125:15 • undefined_identifier
  error • Undefined name 'border'. Try correcting the name to one that is defined, or defining the name • lib/main.dart:126:1 • undefined_identifier
  error • Expected to find ';' • lib/main.dart:126:8 • expected_token
  error • Undefined name 'radius'. Try correcting the name to one that is defined, or defining the name • lib/main.dart:126:8 • undefined_identifier
  error • Expected an identifier • lib/main.dart:126:14 • missing_identifier
  error • Unexpected text ';'. Try removing the text • lib/main.dart:126:14 • unexpected_token
  error • Expected to find ';' • lib/main.dart:126:15 • expected_token
  error • Undefined name 'px'. Try correcting the name to one that is defined, or defining the name • lib/main.dart:126:16 • undefined_identifier
   info • Missing type annotation. Try adding a type annotation • lib/main.dart:129:1 • strict_top_level_inference
  error • Functions must have an explicit list of parameters. Try adding a parameter list • lib/main.dart:129:1 • missing_function_parameters
  error • The name 'button' is already defined. Try renaming one of the declarations • lib/main.dart:129:1 • duplicate_definition
  error • A function body must be provided. Try adding a function body • lib/main.dart:129:7 • missing_function_body
  error • Expected a method, getter, setter or operator declaration. This appears to be incomplete code. Try removing it or completing it • lib/main.dart:129:7 • expected_executable
   info • Missing type annotation. Try adding a type annotation • lib/main.dart:129:8 • strict_top_level_inference
  error • Functions must have an explicit list of parameters. Try adding a parameter list • lib/main.dart:129:8 • missing_function_parameters
warning • The label 'background' isn't used. Try removing the label, or using it in either a 'break' or 'continue' statement • lib/main.dart:130:1 • unused_label
warning • The label 'border' isn't used. Try removing the label, or using it in either a 'break' or 'continue' statement • lib/main.dart:131:1 • unused_label
warning • The label 'padding' isn't used. Try removing the label, or using it in either a 'break' or 'continue' statement • lib/main.dart:132:1 • unused_label
  error • Expected to find ';' • lib/main.dart:132:9 • expected_token
  error • Undefined name 'px'. Try correcting the name to one that is defined, or defining the name • lib/main.dart:132:10 • undefined_identifier
  error • Undefined name 'border'. Try correcting the name to one that is defined, or defining the name • lib/main.dart:133:1 • undefined_identifier
  error • Expected to find ';' • lib/main.dart:133:8 • expected_token
  error • Undefined name 'radius'. Try correcting the name to one that is defined, or defining the name • lib/main.dart:133:8 • undefined_identifier
  error • Expected an identifier • lib/main.dart:133:14 • missing_identifier
  error • Unexpected text ';'. Try removing the text • lib/main.dart:133:14 • unexpected_token
  error • Expected to find ';' • lib/main.dart:133:15 • expected_token
  error • Undefined name 'px'. Try correcting the name to one that is defined, or defining the name • lib/main.dart:133:16 • undefined_identifier
  error • Undefined name 'margin'. Try correcting the name to one that is defined, or defining the name • lib/main.dart:134:1 • undefined_identifier
  error • Expected to find ';' • lib/main.dart:134:8 • expected_token
  error • Undefined name 'top'. Try correcting the name to one that is defined, or defining the name • lib/main.dart:134:8 • undefined_identifier
  error • Expected an identifier • lib/main.dart:134:11 • missing_identifier
  error • Unexpected text ';'. Try removing the text • lib/main.dart:134:11 • unexpected_token
  error • Expected to find ';' • lib/main.dart:134:12 • expected_token
  error • Undefined name 'px'. Try correcting the name to one that is defined, or defining the name • lib/main.dart:134:13 • undefined_identifier
  error • Expected a method, getter, setter or operator declaration. This appears to be incomplete code. Try removing it or completing it • lib/main.dart:137:1 • expected_executable
   info • Missing type annotation. Try adding a type annotation • lib/main.dart:137:2 • strict_top_level_inference
  error • Functions must have an explicit list of parameters. Try adding a parameter list • lib/main.dart:137:2 • missing_function_parameters
warning • The label 'display' isn't used. Try removing the label, or using it in either a 'break' or 'continue' statement • lib/main.dart:138:1 • unused_label
  error • Undefined name 'flex'. Try correcting the name to one that is defined, or defining the name • lib/main.dart:138:9 • undefined_identifier
  error • Undefined name 'justify'. Try correcting the name to one that is defined, or defining the name • lib/main.dart:139:1 • undefined_identifier
  error • Expected to find ';' • lib/main.dart:139:9 • expected_token
  error • Expected an identifier • lib/main.dart:139:16 • missing_identifier
  error • Unexpected text ';'. Try removing the text • lib/main.dart:139:16 • unexpected_token
  error • Undefined name 'space'. Try correcting the name to one that is defined, or defining the name • lib/main.dart:139:17 • undefined_identifier
  error • Undefined name 'between'. Try correcting the name to one that is defined, or defining the name • lib/main.dart:139:23 • undefined_identifier
warning • The label 'gap' isn't used. Try removing the label, or using it in either a 'break' or 'continue' statement • lib/main.dart:140:1 • unused_label
  error • Expected to find ';' • lib/main.dart:140:5 • expected_token
  error • Undefined name 'px'. Try correcting the name to one that is defined, or defining the name • lib/main.dart:140:7 • undefined_identifier
  error • Undefined name 'align'. Try correcting the name to one that is defined, or defining the name • lib/main.dart:141:1 • undefined_identifier
  error • Expected to find ';' • lib/main.dart:141:7 • expected_token
  error • Undefined name 'items'. Try correcting the name to one that is defined, or defining the name • lib/main.dart:141:7 • undefined_identifier
  error • Expected an identifier • lib/main.dart:141:12 • missing_identifier
  error • Unexpected text ';'. Try removing the text • lib/main.dart:141:12 • unexpected_token
  error • Undefined name 'center'. Try correcting the name to one that is defined, or defining the name • lib/main.dart:141:13 • undefined_identifier
  error • Expected a method, getter, setter or operator declaration. This appears to be incomplete code. Try removing it or completing it • lib/main.dart:144:1 • expected_executable
   info • Missing type annotation. Try adding a type annotation • lib/main.dart:144:2 • strict_top_level_inference
  error • Functions must have an explicit list of parameters. Try adding a parameter list • lib/main.dart:144:2 • missing_function_parameters
warning • The label 'color' isn't used. Try removing the label, or using it in either a 'break' or 'continue' statement • lib/main.dart:145:1 • unused_label
  error • Expected to find ';' • lib/main.dart:145:7 • expected_token
  error • Expected an identifier • lib/main.dart:145:8 • missing_identifier
  error • Expected a method, getter, setter or operator declaration. This appears to be incomplete code. Try removing it or completing it • lib/main.dart:148:1 • expected_executable
   info • Missing type annotation. Try adding a type annotation • lib/main.dart:148:2 • strict_top_level_inference
  error • Functions must have an explicit list of parameters. Try adding a parameter list • lib/main.dart:148:2 • missing_function_parameters
warning • The label 'display' isn't used. Try removing the label, or using it in either a 'break' or 'continue' statement • lib/main.dart:149:1 • unused_label
  error • Undefined name 'none'. Try correcting the name to one that is defined, or defining the name • lib/main.dart:149:9 • undefined_identifier
  error • Expected to find ';' • lib/main.dart:149:13 • expected_token
  error • Undefined name 'important'. Try correcting the name to one that is defined, or defining the name • lib/main.dart:149:14 • undefined_identifier
  error • Expected a method, getter, setter or operator declaration. This appears to be incomplete code. Try removing it or completing it • lib/main.dart:152:1 • expected_executable
   info • An uninitialized variable should have an explicit type annotation. Try adding a type annotation • lib/main.dart:152:2 • prefer_typing_uninitialized_variables
   info • Missing type annotation. Try adding a type annotation • lib/main.dart:152:2 • strict_top_level_inference
  error • Expected to find ';' • lib/main.dart:152:2 • expected_token
  error • Variables must be declared using the keywords 'const', 'final', 'var' or a type name. Try adding the name of the type of the variable or the keyword 'var' • lib/main.dart:152:2 • missing_const_final_var_or_type
  error • Expected a method, getter, setter or operator declaration. This appears to be incomplete code. Try removing it or completing it • lib/main.dart:152:7 • expected_executable
   info • Missing type annotation. Try adding a type annotation • lib/main.dart:152:8 • strict_top_level_inference
  error • Functions must have an explicit list of parameters. Try adding a parameter list • lib/main.dart:152:8 • missing_function_parameters
  error • The operator '-' isn't defined for the type 'String'. Try defining the operator '-' • lib/main.dart:153:4 • undefined_operator
  error • Expected to find ';' • lib/main.dart:153:5 • expected_token
  error • Undefined name 'height'. Try correcting the name to one that is defined, or defining the name • lib/main.dart:153:5 • undefined_identifier
  error • Expected an identifier • lib/main.dart:153:11 • missing_identifier
  error • Unexpected text ';'. Try removing the text • lib/main.dart:153:11 • unexpected_token
  error • Expected to find ';' • lib/main.dart:153:12 • expected_token
  error • Undefined name 'vh'. Try correcting the name to one that is defined, or defining the name • lib/main.dart:153:15 • undefined_identifier
warning • The label 'display' isn't used. Try removing the label, or using it in either a 'break' or 'continue' statement • lib/main.dart:154:1 • unused_label
  error • Undefined name 'flex'. Try correcting the name to one that is defined, or defining the name • lib/main.dart:154:9 • undefined_identifier
  error • Undefined name 'align'. Try correcting the name to one that is defined, or defining the name • lib/main.dart:155:1 • undefined_identifier
  error • Expected to find ';' • lib/main.dart:155:7 • expected_token
  error • Undefined name 'items'. Try correcting the name to one that is defined, or defining the name • lib/main.dart:155:7 • undefined_identifier
  error • Expected an identifier • lib/main.dart:155:12 • missing_identifier
  error • Unexpected text ';'. Try removing the text • lib/main.dart:155:12 • unexpected_token
  error • Undefined name 'center'. Try correcting the name to one that is defined, or defining the name • lib/main.dart:155:13 • undefined_identifier
  error • Undefined name 'justify'. Try correcting the name to one that is defined, or defining the name • lib/main.dart:156:1 • undefined_identifier
  error • Expected to find ';' • lib/main.dart:156:9 • expected_token
  error • Expected an identifier • lib/main.dart:156:16 • missing_identifier
  error • Unexpected text ';'. Try removing the text • lib/main.dart:156:16 • unexpected_token
  error • Undefined name 'center'. Try correcting the name to one that is defined, or defining the name • lib/main.dart:156:17 • undefined_identifier
warning • The label 'padding' isn't used. Try removing the label, or using it in either a 'break' or 'continue' statement • lib/main.dart:157:1 • unused_label
  error • Expected to find ';' • lib/main.dart:157:9 • expected_token
  error • Undefined name 'px'. Try correcting the name to one that is defined, or defining the name • lib/main.dart:157:11 • undefined_identifier
warning • The label 'background' isn't used. Try removing the label, or using it in either a 'break' or 'continue' statement • lib/main.dart:158:1 • unused_label
  error • Expected a method, getter, setter or operator declaration. This appears to be incomplete code. Try removing it or completing it • lib/main.dart:161:1 • expected_executable
   info • An uninitialized variable should have an explicit type annotation. Try adding a type annotation • lib/main.dart:161:2 • prefer_typing_uninitialized_variables
   info • Missing type annotation. Try adding a type annotation • lib/main.dart:161:2 • strict_top_level_inference
  error • Expected to find ';' • lib/main.dart:161:2 • expected_token
  error • The name 'login' is already defined. Try renaming one of the declarations • lib/main.dart:161:2 • duplicate_definition
  error • Variables must be declared using the keywords 'const', 'final', 'var' or a type name. Try adding the name of the type of the variable or the keyword 'var' • lib/main.dart:161:2 • missing_const_final_var_or_type
  error • Expected a method, getter, setter or operator declaration. This appears to be incomplete code. Try removing it or completing it • lib/main.dart:161:7 • expected_executable
   info • Missing type annotation. Try adding a type annotation • lib/main.dart:161:8 • strict_top_level_inference
  error • Functions must have an explicit list of parameters. Try adding a parameter list • lib/main.dart:161:8 • missing_function_parameters
  error • The name 'box' is already defined. Try renaming one of the declarations • lib/main.dart:161:8 • duplicate_definition
warning • The label 'width' isn't used. Try removing the label, or using it in either a 'break' or 'continue' statement • lib/main.dart:162:1 • unused_label
  error • Expected an identifier • lib/main.dart:162:11 • missing_identifier
  error • Undefined name 'max'. Try correcting the name to one that is defined, or defining the name • lib/main.dart:163:1 • undefined_identifier
  error • Expected to find ';' • lib/main.dart:163:5 • expected_token
  error • Undefined name 'width'. Try correcting the name to one that is defined, or defining the name • lib/main.dart:163:5 • undefined_identifier
  error • Expected an identifier • lib/main.dart:163:10 • missing_identifier
  error • Unexpected text ';'. Try removing the text • lib/main.dart:163:10 • unexpected_token
  error • Expected to find ';' • lib/main.dart:163:11 • expected_token
  error • Undefined name 'px'. Try correcting the name to one that is defined, or defining the name • lib/main.dart:163:14 • undefined_identifier
warning • The label 'background' isn't used. Try removing the label, or using it in either a 'break' or 'continue' statement • lib/main.dart:164:1 • unused_label
  error • Undefined name 'white'. Try correcting the name to one that is defined, or defining the name • lib/main.dart:164:12 • undefined_identifier
warning • The label 'padding' isn't used. Try removing the label, or using it in either a 'break' or 'continue' statement • lib/main.dart:165:1 • unused_label
  error • Expected to find ';' • lib/main.dart:165:9 • expected_token
  error • Undefined name 'px'. Try correcting the name to one that is defined, or defining the name • lib/main.dart:165:11 • undefined_identifier
  error • Undefined name 'border'. Try correcting the name to one that is defined, or defining the name • lib/main.dart:166:1 • undefined_identifier
  error • Expected to find ';' • lib/main.dart:166:8 • expected_token
  error • Undefined name 'radius'. Try correcting the name to one that is defined, or defining the name • lib/main.dart:166:8 • undefined_identifier
  error • Expected an identifier • lib/main.dart:166:14 • missing_identifier
  error • Unexpected text ';'. Try removing the text • lib/main.dart:166:14 • unexpected_token
  error • Expected to find ';' • lib/main.dart:166:15 • expected_token
  error • Undefined name 'px'. Try correcting the name to one that is defined, or defining the name • lib/main.dart:166:17 • undefined_identifier
  error • Expected to find ';' • lib/main.dart:167:5 • expected_token
  error • Undefined name 'shadow'. Try correcting the name to one that is defined, or defining the name • lib/main.dart:167:5 • undefined_identifier
  error • Expected an identifier • lib/main.dart:167:11 • missing_identifier
  error • Unexpected text ';'. Try removing the text • lib/main.dart:167:11 • unexpected_token
  error • Expected to find ';' • lib/main.dart:167:12 • expected_token
  error • Expected to find ';' • lib/main.dart:167:14 • expected_token
  error • Expected to find ';' • lib/main.dart:167:15 • expected_token
  error • Undefined name 'px'. Try correcting the name to one that is defined, or defining the name • lib/main.dart:167:15 • undefined_identifier
  error • Expected to find ';' • lib/main.dart:167:18 • expected_token
  error • Expected to find ';' • lib/main.dart:167:20 • expected_token
  error • Undefined name 'px'. Try correcting the name to one that is defined, or defining the name • lib/main.dart:167:20 • undefined_identifier
  error • Expected a method, getter, setter or operator declaration. This appears to be incomplete code. Try removing it or completing it • lib/main.dart:170:1 • expected_executable
   info • An uninitialized variable should have an explicit type annotation. Try adding a type annotation • lib/main.dart:170:2 • prefer_typing_uninitialized_variables
   info • Missing type annotation. Try adding a type annotation • lib/main.dart:170:2 • strict_top_level_inference
  error • Expected to find ';' • lib/main.dart:170:2 • expected_token
  error • The name 'login' is already defined. Try renaming one of the declarations • lib/main.dart:170:2 • duplicate_definition
  error • Variables must be declared using the keywords 'const', 'final', 'var' or a type name. Try adding the name of the type of the variable or the keyword 'var' • lib/main.dart:170:2 • missing_const_final_var_or_type
  error • Expected a method, getter, setter or operator declaration. This appears to be incomplete code. Try removing it or completing it • lib/main.dart:170:7 • expected_executable
  error • box isn't a type. Try correcting the name to match an existing type • lib/main.dart:170:8 • not_a_type
  error • Functions must have an explicit list of parameters. Try adding a parameter list • lib/main.dart:170:12 • missing_function_parameters
  error • The name 'h1' is already defined. Try renaming one of the declarations • lib/main.dart:170:12 • duplicate_definition
  error • Undefined name 'text'. Try correcting the name to one that is defined, or defining the name • lib/main.dart:171:1 • undefined_identifier
  error • Expected to find ';' • lib/main.dart:171:6 • expected_token
  error • Undefined name 'align'. Try correcting the name to one that is defined, or defining the name • lib/main.dart:171:6 • undefined_identifier
  error • Expected an identifier • lib/main.dart:171:11 • missing_identifier
  error • Unexpected text ';'. Try removing the text • lib/main.dart:171:11 • unexpected_token
  error • Undefined name 'center'. Try correcting the name to one that is defined, or defining the name • lib/main.dart:171:12 • undefined_identifier
warning • The label 'color' isn't used. Try removing the label, or using it in either a 'break' or 'continue' statement • lib/main.dart:172:1 • unused_label
  error • Expected to find ';' • lib/main.dart:172:7 • expected_token
  error • Expected an identifier • lib/main.dart:172:8 • missing_identifier
  error • Expected a method, getter, setter or operator declaration. This appears to be incomplete code. Try removing it or completing it • lib/main.dart:175:1 • expected_executable
   info • An uninitialized variable should have an explicit type annotation. Try adding a type annotation • lib/main.dart:175:2 • prefer_typing_uninitialized_variables
   info • Missing type annotation. Try adding a type annotation • lib/main.dart:175:2 • strict_top_level_inference
  error • Expected to find ';' • lib/main.dart:175:2 • expected_token
  error • The name 'login' is already defined. Try renaming one of the declarations • lib/main.dart:175:2 • duplicate_definition
  error • Variables must be declared using the keywords 'const', 'final', 'var' or a type name. Try adding the name of the type of the variable or the keyword 'var' • lib/main.dart:175:2 • missing_const_final_var_or_type
  error • Expected a method, getter, setter or operator declaration. This appears to be incomplete code. Try removing it or completing it • lib/main.dart:175:7 • expected_executable
   info • Missing type annotation. Try adding a type annotation • lib/main.dart:175:8 • strict_top_level_inference
  error • Functions must have an explicit list of parameters. Try adding a parameter list • lib/main.dart:175:8 • missing_function_parameters
warning • The label 'color' isn't used. Try removing the label, or using it in either a 'break' or 'continue' statement • lib/main.dart:176:1 • unused_label
  error • Undefined name 'margin'. Try correcting the name to one that is defined, or defining the name • lib/main.dart:177:1 • undefined_identifier
  error • Expected to find ';' • lib/main.dart:177:8 • expected_token
  error • Undefined name 'top'. Try correcting the name to one that is defined, or defining the name • lib/main.dart:177:8 • undefined_identifier
  error • Expected an identifier • lib/main.dart:177:11 • missing_identifier
  error • Unexpected text ';'. Try removing the text • lib/main.dart:177:11 • unexpected_token
  error • Expected to find ';' • lib/main.dart:177:12 • expected_token
  error • Undefined name 'px'. Try correcting the name to one that is defined, or defining the name • lib/main.dart:177:14 • undefined_identifier
  error • Undefined name 'text'. Try correcting the name to one that is defined, or defining the name • lib/main.dart:178:1 • undefined_identifier
  error • Expected to find ';' • lib/main.dart:178:6 • expected_token
  error • Undefined name 'align'. Try correcting the name to one that is defined, or defining the name • lib/main.dart:178:6 • undefined_identifier
  error • Expected an identifier • lib/main.dart:178:11 • missing_identifier
  error • Unexpected text ';'. Try removing the text • lib/main.dart:178:11 • unexpected_token
  error • Undefined name 'center'. Try correcting the name to one that is defined, or defining the name • lib/main.dart:178:12 • undefined_identifier
  error • Expected a method, getter, setter or operator declaration. This appears to be incomplete code. Try removing it or completing it • lib/main.dart:181:1 • expected_executable
   info • Missing type annotation. Try adding a type annotation • lib/main.dart:181:2 • strict_top_level_inference
  error • Functions must have an explicit list of parameters. Try adding a parameter list • lib/main.dart:181:2 • missing_function_parameters
warning • The label 'padding' isn't used. Try removing the label, or using it in either a 'break' or 'continue' statement • lib/main.dart:182:1 • unused_label
  error • Expected to find ';' • lib/main.dart:182:9 • expected_token
  error • Undefined name 'px'. Try correcting the name to one that is defined, or defining the name • lib/main.dart:182:10 • undefined_identifier
  error • Undefined name 'text'. Try correcting the name to one that is defined, or defining the name • lib/main.dart:183:1 • undefined_identifier
  error • Expected to find ';' • lib/main.dart:183:6 • expected_token
  error • Undefined name 'align'. Try correcting the name to one that is defined, or defining the name • lib/main.dart:183:6 • undefined_identifier
  error • Expected an identifier • lib/main.dart:183:11 • missing_identifier
  error • Unexpected text ';'. Try removing the text • lib/main.dart:183:11 • unexpected_token
  error • Undefined name 'center'. Try correcting the name to one that is defined, or defining the name • lib/main.dart:183:12 • undefined_identifier
  error • Undefined name 'font'. Try correcting the name to one that is defined, or defining the name • lib/main.dart:184:1 • undefined_identifier
  error • Expected to find ';' • lib/main.dart:184:6 • expected_token
  error • Undefined name 'size'. Try correcting the name to one that is defined, or defining the name • lib/main.dart:184:6 • undefined_identifier
  error • Expected an identifier • lib/main.dart:184:10 • missing_identifier
  error • Unexpected text ';'. Try removing the text • lib/main.dart:184:10 • unexpected_token
  error • Expected to find ';' • lib/main.dart:184:11 • expected_token
  error • Undefined name 'px'. Try correcting the name to one that is defined, or defining the name • lib/main.dart:184:13 • undefined_identifier
warning • The label 'background' isn't used. Try removing the label, or using it in either a 'break' or 'continue' statement • lib/main.dart:185:1 • unused_label
warning • The label 'color' isn't used. Try removing the label, or using it in either a 'break' or 'continue' statement • lib/main.dart:186:1 • unused_label
  error • Expected to find ';' • lib/main.dart:186:7 • expected_token
  error • Expected an identifier • lib/main.dart:186:8 • missing_identifier
  error • Expected a method, getter, setter or operator declaration. This appears to be incomplete code. Try removing it or completing it • lib/main.dart:189:1 • expected_executable
   info • Missing type annotation. Try adding a type annotation • lib/main.dart:189:2 • strict_top_level_inference
  error • Functions must have an explicit list of parameters. Try adding a parameter list • lib/main.dart:189:2 • missing_function_parameters
  error • Undefined name 'text'. Try correcting the name to one that is defined, or defining the name • lib/main.dart:190:1 • undefined_identifier
  error • Expected to find ';' • lib/main.dart:190:6 • expected_token
  error • Undefined name 'align'. Try correcting the name to one that is defined, or defining the name • lib/main.dart:190:6 • undefined_identifier
  error • Expected an identifier • lib/main.dart:190:11 • missing_identifier
  error • Unexpected text ';'. Try removing the text • lib/main.dart:190:11 • unexpected_token
  error • Undefined name 'center'. Try correcting the name to one that is defined, or defining the name • lib/main.dart:190:12 • undefined_identifier
warning • The label 'padding' isn't used. Try removing the label, or using it in either a 'break' or 'continue' statement • lib/main.dart:191:1 • unused_label
  error • Expected to find ';' • lib/main.dart:191:9 • expected_token
  error • Undefined name 'px'. Try correcting the name to one that is defined, or defining the name • lib/main.dart:191:11 • undefined_identifier
warning • The label 'color' isn't used. Try removing the label, or using it in either a 'break' or 'continue' statement • lib/main.dart:192:1 • unused_label
  error • Expected to find ';' • lib/main.dart:192:7 • expected_token
  error • Expected an identifier • lib/main.dart:192:8 • missing_identifier
  error • Expected a method, getter, setter or operator declaration. This appears to be incomplete code. Try removing it or completing it • lib/main.dart:194:1 • expected_executable
  error • Expected a method, getter, setter or operator declaration. This appears to be incomplete code. Try removing it or completing it • lib/main.dart:194:2 • expected_executable
   info • An uninitialized variable should have an explicit type annotation. Try adding a type annotation • lib/main.dart:194:3 • prefer_typing_uninitialized_variables
   info • Missing type annotation. Try adding a type annotation • lib/main.dart:194:3 • strict_top_level_inference
  error • Expected to find ';' • lib/main.dart:194:3 • expected_token
  error • Variables must be declared using the keywords 'const', 'final', 'var' or a type name. Try adding the name of the type of the variable or the keyword 'var' • lib/main.dart:194:3 • missing_const_final_var_or_type
  error • Expected a method, getter, setter or operator declaration. This appears to be incomplete code. Try removing it or completing it • lib/main.dart:194:8 • expected_executable
  error • Expected a method, getter, setter or operator declaration. This appears to be incomplete code. Try removing it or completing it • lib/main.dart:195:1 • expected_executable
  error • Expected a method, getter, setter or operator declaration. This appears to be incomplete code. Try removing it or completing it • lib/main.dart:195:2 • expected_executable
   info • An uninitialized variable should have an explicit type annotation. Try adding a type annotation • lib/main.dart:195:3 • prefer_typing_uninitialized_variables
   info • Missing type annotation. Try adding a type annotation • lib/main.dart:195:3 • strict_top_level_inference
  error • Expected to find ';' • lib/main.dart:195:3 • expected_token
  error • Variables must be declared using the keywords 'const', 'final', 'var' or a type name. Try adding the name of the type of the variable or the keyword 'var' • lib/main.dart:195:3 • missing_const_final_var_or_type
  error • Expected a method, getter, setter or operator declaration. This appears to be incomplete code. Try removing it or completing it • lib/main.dart:195:7 • expected_executable
  error • Expected a method, getter, setter or operator declaration. This appears to be incomplete code. Try removing it or completing it • lib/main.dart:197:1 • expected_executable
   info • An uninitialized variable should have an explicit type annotation. Try adding a type annotation • lib/main.dart:197:2 • prefer_typing_uninitialized_variables
   info • Missing type annotation. Try adding a type annotation • lib/main.dart:197:2 • strict_top_level_inference
  error • Expected to find ';' • lib/main.dart:197:2 • expected_token
  error • The name 'body' is already defined. Try renaming one of the declarations • lib/main.dart:197:2 • duplicate_definition
  error • Variables must be declared using the keywords 'const', 'final', 'var' or a type name. Try adding the name of the type of the variable or the keyword 'var' • lib/main.dart:197:2 • missing_const_final_var_or_type
  error • Expected a method, getter, setter or operator declaration. This appears to be incomplete code. Try removing it or completing it • lib/main.dart:197:6 • expected_executable
  error • Expected a method, getter, setter or operator declaration. This appears to be incomplete code. Try removing it or completing it • lib/main.dart:199:1 • expected_executable
  error • section isn't a type. Try correcting the name to match an existing type • lib/main.dart:199:2 • not_a_type
  error • Expected to find ';' • lib/main.dart:199:13 • expected_token
  error • Expected an identifier • lib/main.dart:199:32 • missing_identifier
  error • Expected to find ';' • lib/main.dart:199:32 • expected_token
  error • Expected a method, getter, setter or operator declaration. This appears to be incomplete code. Try removing it or completing it • lib/main.dart:199:33 • expected_executable
  error • Expected a type name • lib/main.dart:199:33 • expected_type_name
  error • Expected to find 'with' • lib/main.dart:199:33 • expected_token
  error • Expected a method, getter, setter or operator declaration. This appears to be incomplete code. Try removing it or completing it • lib/main.dart:199:47 • expected_executable
  error • Expected a method, getter, setter or operator declaration. This appears to be incomplete code. Try removing it or completing it • lib/main.dart:201:1 • expected_executable
  error • div isn't a type. Try correcting the name to match an existing type • lib/main.dart:201:2 • not_a_type
  error • 'class' can't be used as an identifier because it's a keyword. Try renaming this to be an identifier that isn't a keyword • lib/main.dart:201:6 • expected_identifier_but_got_keyword
  error • The operator '>' isn't defined for the type 'String'. Try defining the operator '>' • lib/main.dart:201:23 • undefined_operator
  error • The name 'h1' isn't a type, so it can't be used as a type argument. Try correcting the name to an existing type, or defining a type named 'h1' • lib/main.dart:203:2 • non_type_as_type_argument
  error • Expected to find ';' • lib/main.dart:203:4 • expected_token
  error • Expected to find '[' • lib/main.dart:203:5 • expected_token
  error • Undefined class 'Daily'. Try changing the name to the name of an existing class, or creating a class with the name 'Daily' • lib/main.dart:203:5 • undefined_class
   info • The variable name 'Hisab' isn't a lowerCamelCase identifier. Try changing the name to follow the lowerCamelCase style • lib/main.dart:203:11 • non_constant_identifier_names
  error • Functions must have an explicit list of parameters. Try adding a parameter list • lib/main.dart:203:11 • missing_function_parameters
  error • The name 'Hisab' is already defined. Try renaming one of the declarations • lib/main.dart:203:11 • duplicate_definition
  error • Expected an identifier • lib/main.dart:203:17 • missing_identifier
  error • Expected to find ',' • lib/main.dart:203:18 • expected_token
  error • A function body must be provided. Try adding a function body • lib/main.dart:205:1 • missing_function_body
  error • Expected a method, getter, setter or operator declaration. This appears to be incomplete code. Try removing it or completing it • lib/main.dart:205:1 • expected_executable
  error • Undefined class 'p'. Try changing the name to the name of an existing class, or creating a class with the name 'p' • lib/main.dart:205:2 • undefined_class
  error • 'class' can't be used as an identifier because it's a keyword. Try renaming this to be an identifier that isn't a keyword • lib/main.dart:205:4 • expected_identifier_but_got_keyword
  error • The name 'class' is already defined. Try renaming one of the declarations • lib/main.dart:205:4 • duplicate_definition
  error • Expected to find ';' • lib/main.dart:205:10 • expected_token
  error • The name 'style' is already defined. Try renaming one of the declarations • lib/main.dart:205:18 • duplicate_definition
  error • Variables must be declared using the keywords 'const', 'final', 'var' or a type name. Try adding the name of the type of the variable or the keyword 'var' • lib/main.dart:205:18 • missing_const_final_var_or_type
  error • The operator '>' isn't defined for the type 'String'. Try defining the operator '>' • lib/main.dart:205:43 • undefined_operator
  error • Expected to find ';' • lib/main.dart:206:1 • expected_token
  error • Undefined name 'Login'. Try correcting the name to one that is defined, or defining the name • lib/main.dart:206:1 • undefined_identifier
  error • to isn't a type. Try correcting the name to match an existing type • lib/main.dart:206:7 • not_a_type
  error • 'continue' can't be used as an identifier because it's a keyword. Try renaming this to be an identifier that isn't a keyword • lib/main.dart:206:10 • expected_identifier_but_got_keyword
  error • Functions must have an explicit list of parameters. Try adding a parameter list • lib/main.dart:206:10 • missing_function_parameters
  error • Expected an identifier • lib/main.dart:207:2 • missing_identifier
  error • Expected to find ',' • lib/main.dart:207:3 • expected_token
  error • A function body must be provided. Try adding a function body • lib/main.dart:209:1 • missing_function_body
  error • Expected a method, getter, setter or operator declaration. This appears to be incomplete code. Try removing it or completing it • lib/main.dart:209:1 • expected_executable
   info • An uninitialized variable should have an explicit type annotation. Try adding a type annotation • lib/main.dart:209:2 • prefer_typing_uninitialized_variables
   info • Missing type annotation. Try adding a type annotation • lib/main.dart:209:2 • strict_top_level_inference
  error • Expected to find ';' • lib/main.dart:209:2 • expected_token
  error • The name 'label' is already defined. Try renaming one of the declarations • lib/main.dart:209:2 • duplicate_definition
  error • Variables must be declared using the keywords 'const', 'final', 'var' or a type name. Try adding the name of the type of the variable or the keyword 'var' • lib/main.dart:209:2 • missing_const_final_var_or_type
  error • Expected a method, getter, setter or operator declaration. This appears to be incomplete code. Try removing it or completing it • lib/main.dart:209:7 • expected_executable
   info • Missing type annotation. Try adding a type annotation • lib/main.dart:209:8 • strict_top_level_inference
   info • The variable name 'Email' isn't a lowerCamelCase identifier. Try changing the name to follow the lowerCamelCase style • lib/main.dart:209:8 • non_constant_identifier_names
  error • Functions must have an explicit list of parameters. Try adding a parameter list • lib/main.dart:209:8 • missing_function_parameters
  error • Expected an identifier • lib/main.dart:209:14 • missing_identifier
  error • Expected to find ',' • lib/main.dart:209:15 • expected_token
  error • A function body must be provided. Try adding a function body • lib/main.dart:211:1 • missing_function_body
  error • Expected a method, getter, setter or operator declaration. This appears to be incomplete code. Try removing it or completing it • lib/main.dart:211:1 • expected_executable
  error • input isn't a type. Try correcting the name to match an existing type • lib/main.dart:211:2 • not_a_type
  error • The name 'id' is already defined. Try renaming one of the declarations • lib/main.dart:212:1 • duplicate_definition
  error • Expected to find ';' • lib/main.dart:212:4 • expected_token
  error • Variables must be declared using the keywords 'const', 'final', 'var' or a type name. Try adding the name of the type of the variable or the keyword 'var' • lib/main.dart:213:1 • missing_const_final_var_or_type
  error • Expected to find ';' • lib/main.dart:213:6 • expected_token
  error • Variables must be declared using the keywords 'const', 'final', 'var' or a type name. Try adding the name of the type of the variable or the keyword 'var' • lib/main.dart:214:1 • missing_const_final_var_or_type
  error • Expected to find ';' • lib/main.dart:214:13 • expected_token
  error • Variables must be declared using the keywords 'const', 'final', 'var' or a type name. Try adding the name of the type of the variable or the keyword 'var' • lib/main.dart:215:1 • missing_const_final_var_or_type
  error • The operator '>' isn't defined for the type 'String'. Try defining the operator '>' • lib/main.dart:216:1 • undefined_operator
  error • The name 'label' isn't a type, so it can't be used as a type argument. Try correcting the name to an existing type, or defining a type named 'label' • lib/main.dart:218:2 • non_type_as_type_argument
  error • Expected to find ';' • lib/main.dart:218:7 • expected_token
   info • Missing type annotation. Try adding a type annotation • lib/main.dart:218:8 • strict_top_level_inference
   info • The variable name 'Password' isn't a lowerCamelCase identifier. Try changing the name to follow the lowerCamelCase style • lib/main.dart:218:8 • non_constant_identifier_names
  error • Expected to find '[' • lib/main.dart:218:8 • expected_token
  error • Functions must have an explicit list of parameters. Try adding a parameter list • lib/main.dart:218:8 • missing_function_parameters
  error • Expected an identifier • lib/main.dart:218:17 • missing_identifier
  error • Expected to find ',' • lib/main.dart:218:18 • expected_token
  error • A function body must be provided. Try adding a function body • lib/main.dart:220:1 • missing_function_body
  error • Expected a method, getter, setter or operator declaration. This appears to be incomplete code. Try removing it or completing it • lib/main.dart:220:1 • expected_executable
  error • input isn't a type. Try correcting the name to match an existing type • lib/main.dart:220:2 • not_a_type
  error • The name 'id' is already defined. Try renaming one of the declarations • lib/main.dart:221:1 • duplicate_definition
  error • Expected to find ';' • lib/main.dart:221:4 • expected_token
  error • The name 'type' is already defined. Try renaming one of the declarations • lib/main.dart:222:1 • duplicate_definition
  error • Variables must be declared using the keywords 'const', 'final', 'var' or a type name. Try adding the name of the type of the variable or the keyword 'var' • lib/main.dart:222:1 • missing_const_final_var_or_type
  error • Expected to find ';' • lib/main.dart:222:6 • expected_token
  error • The name 'placeholder' is already defined. Try renaming one of the declarations • lib/main.dart:223:1 • duplicate_definition
  error • Variables must be declared using the keywords 'const', 'final', 'var' or a type name. Try adding the name of the type of the variable or the keyword 'var' • lib/main.dart:223:1 • missing_const_final_var_or_type
  error • Expected to find ';' • lib/main.dart:223:13 • expected_token
  error • The name 'autocomplete' is already defined. Try renaming one of the declarations • lib/main.dart:224:1 • duplicate_definition
  error • Variables must be declared using the keywords 'const', 'final', 'var' or a type name. Try adding the name of the type of the variable or the keyword 'var' • lib/main.dart:224:1 • missing_const_final_var_or_type
  error • The operator '>' isn't defined for the type 'String'. Try defining the operator '>' • lib/main.dart:225:1 • undefined_operator
  error • Expected to find ';' • lib/main.dart:227:2 • expected_token
  error • Expected to find '>' • lib/main.dart:227:2 • expected_token
  error • The name 'button' isn't a type, so it can't be used as a type argument. Try correcting the name to an existing type, or defining a type named 'button' • lib/main.dart:227:2 • non_type_as_type_argument
  error • Expected to find '[' • lib/main.dart:228:1 • expected_token
  error • Expected an identifier • lib/main.dart:228:6 • missing_identifier
  error • Expected to find ';' • lib/main.dart:228:6 • expected_token
  error • Expected a method, getter, setter or operator declaration. This appears to be incomplete code. Try removing it or completing it • lib/main.dart:228:7 • expected_executable
  error • Expected a type name • lib/main.dart:228:7 • expected_type_name
  error • Expected to find 'with' • lib/main.dart:228:7 • expected_token
  error • The name 'style' is already defined. Try renaming one of the declarations • lib/main.dart:229:1 • duplicate_definition
  error • Variables must be declared using the keywords 'const', 'final', 'var' or a type name. Try adding the name of the type of the variable or the keyword 'var' • lib/main.dart:229:1 • missing_const_final_var_or_type
  error • Expected to find ';' • lib/main.dart:229:7 • expected_token
  error • The name 'id' is already defined. Try renaming one of the declarations • lib/main.dart:230:1 • duplicate_definition
  error • Variables must be declared using the keywords 'const', 'final', 'var' or a type name. Try adding the name of the type of the variable or the keyword 'var' • lib/main.dart:230:1 • missing_const_final_var_or_type
  error • The operator '>' isn't defined for the type 'String'. Try defining the operator '>' • lib/main.dart:231:1 • undefined_operator
  error • Undefined name 'Login'. Try correcting the name to one that is defined, or defining the name • lib/main.dart:232:1 • undefined_identifier
  error • A comparison expression can't be an operand of another comparison expression. Try putting parentheses around one of the comparisons • lib/main.dart:233:1 • equality_cannot_be_equality_operand
  error • Expected an identifier • lib/main.dart:233:2 • missing_identifier
  error • A comparison expression can't be an operand of another comparison expression. Try putting parentheses around one of the comparisons • lib/main.dart:233:9 • equality_cannot_be_equality_operand
  error • Expected to find ';' • lib/main.dart:235:2 • expected_token
  error • Expected to find '>' • lib/main.dart:235:2 • expected_token
  error • The name 'div' isn't a type, so it can't be used as a type argument. Try correcting the name to an existing type, or defining a type named 'div' • lib/main.dart:235:2 • non_type_as_type_argument
  error • Expected to find '[' • lib/main.dart:236:1 • expected_token
  error • The name 'id' is already defined. Try renaming one of the declarations • lib/main.dart:236:1 • duplicate_definition
  error • Variables must be declared using the keywords 'const', 'final', 'var' or a type name. Try adding the name of the type of the variable or the keyword 'var' • lib/main.dart:236:1 • missing_const_final_var_or_type
  error • Expected to find ';' • lib/main.dart:236:4 • expected_token
  error • Expected an identifier • lib/main.dart:237:6 • missing_identifier
  error • Expected to find ';' • lib/main.dart:237:6 • expected_token
  error • Expected a method, getter, setter or operator declaration. This appears to be incomplete code. Try removing it or completing it • lib/main.dart:237:7 • expected_executable
  error • Expected a type name • lib/main.dart:237:7 • expected_type_name
  error • Expected to find 'with' • lib/main.dart:237:7 • expected_token
  error • Expected a method, getter, setter or operator declaration. This appears to be incomplete code. Try removing it or completing it • lib/main.dart:238:1 • expected_executable
  error • Expected a method, getter, setter or operator declaration. This appears to be incomplete code. Try removing it or completing it • lib/main.dart:238:2 • expected_executable
  error • Expected a method, getter, setter or operator declaration. This appears to be incomplete code. Try removing it or completing it • lib/main.dart:238:3 • expected_executable
   info • An uninitialized variable should have an explicit type annotation. Try adding a type annotation • lib/main.dart:238:4 • prefer_typing_uninitialized_variables
   info • Missing type annotation. Try adding a type annotation • lib/main.dart:238:4 • strict_top_level_inference
  error • Expected to find ';' • lib/main.dart:238:4 • expected_token
  error • Variables must be declared using the keywords 'const', 'final', 'var' or a type name. Try adding the name of the type of the variable or the keyword 'var' • lib/main.dart:238:4 • missing_const_final_var_or_type
  error • Expected a method, getter, setter or operator declaration. This appears to be incomplete code. Try removing it or completing it • lib/main.dart:238:7 • expected_executable
  error • Expected a method, getter, setter or operator declaration. This appears to be incomplete code. Try removing it or completing it • lib/main.dart:240:1 • expected_executable
  error • Expected a method, getter, setter or operator declaration. This appears to be incomplete code. Try removing it or completing it • lib/main.dart:240:2 • expected_executable
   info • An uninitialized variable should have an explicit type annotation. Try adding a type annotation • lib/main.dart:240:3 • prefer_typing_uninitialized_variables
   info • Missing type annotation. Try adding a type annotation • lib/main.dart:240:3 • strict_top_level_inference
  error • Expected to find ';' • lib/main.dart:240:3 • expected_token
  error • The name 'div' is already defined. Try renaming one of the declarations • lib/main.dart:240:3 • duplicate_definition
  error • Variables must be declared using the keywords 'const', 'final', 'var' or a type name. Try adding the name of the type of the variable or the keyword 'var' • lib/main.dart:240:3 • missing_const_final_var_or_type
  error • Expected a method, getter, setter or operator declaration. This appears to be incomplete code. Try removing it or completing it • lib/main.dart:240:6 • expected_executable
  error • Expected a method, getter, setter or operator declaration. This appears to be incomplete code. Try removing it or completing it • lib/main.dart:242:1 • expected_executable
  error • Expected a method, getter, setter or operator declaration. This appears to be incomplete code. Try removing it or completing it • lib/main.dart:242:2 • expected_executable
   info • An uninitialized variable should have an explicit type annotation. Try adding a type annotation • lib/main.dart:242:3 • prefer_typing_uninitialized_variables
   info • Missing type annotation. Try adding a type annotation • lib/main.dart:242:3 • strict_top_level_inference
  error • Expected to find ';' • lib/main.dart:242:3 • expected_token
  error • Variables must be declared using the keywords 'const', 'final', 'var' or a type name. Try adding the name of the type of the variable or the keyword 'var' • lib/main.dart:242:3 • missing_const_final_var_or_type
  error • Expected a method, getter, setter or operator declaration. This appears to be incomplete code. Try removing it or completing it • lib/main.dart:242:10 • expected_executable
  error • Expected a method, getter, setter or operator declaration. This appears to be incomplete code. Try removing it or completing it • lib/main.dart:244:1 • expected_executable
  error • div isn't a type. Try correcting the name to match an existing type • lib/main.dart:244:2 • not_a_type
  error • The name 'id' is already defined. Try renaming one of the declarations • lib/main.dart:244:6 • duplicate_definition
  error • Expected to find ';' • lib/main.dart:244:9 • expected_token
  error • Expected an identifier • lib/main.dart:244:20 • missing_identifier
  error • Expected to find ';' • lib/main.dart:244:20 • expected_token
  error • Expected a method, getter, setter or operator declaration. This appears to be incomplete code. Try removing it or completing it • lib/main.dart:244:21 • expected_executable
  error • Expected a type name • lib/main.dart:244:21 • expected_type_name
  error • Expected to find 'with' • lib/main.dart:244:21 • expected_token
  error • Expected a method, getter, setter or operator declaration. This appears to be incomplete code. Try removing it or completing it • lib/main.dart:244:29 • expected_executable
  error • Expected a method, getter, setter or operator declaration. This appears to be incomplete code. Try removing it or completing it • lib/main.dart:246:1 • expected_executable
   info • An uninitialized variable should have an explicit type annotation. Try adding a type annotation • lib/main.dart:246:2 • prefer_typing_uninitialized_variables
   info • Missing type annotation. Try adding a type annotation • lib/main.dart:246:2 • strict_top_level_inference
  error • Expected to find ';' • lib/main.dart:246:2 • expected_token
  error • The name 'header' is already defined. Try renaming one of the declarations • lib/main.dart:246:2 • duplicate_definition
  error • Variables must be declared using the keywords 'const', 'final', 'var' or a type name. Try adding the name of the type of the variable or the keyword 'var' • lib/main.dart:246:2 • missing_const_final_var_or_type
  error • Expected a method, getter, setter or operator declaration. This appears to be incomplete code. Try removing it or completing it • lib/main.dart:246:8 • expected_executable
  error • Expected a method, getter, setter or operator declaration. This appears to be incomplete code. Try removing it or completing it • lib/main.dart:248:1 • expected_executable
   info • An uninitialized variable should have an explicit type annotation. Try adding a type annotation • lib/main.dart:248:2 • prefer_typing_uninitialized_variables
   info • Missing type annotation. Try adding a type annotation • lib/main.dart:248:2 • strict_top_level_inference
  error • Expected to find ';' • lib/main.dart:248:2 • expected_token
  error • The name 'h1' is already defined. Try renaming one of the declarations • lib/main.dart:248:2 • duplicate_definition
  error • Variables must be declared using the keywords 'const', 'final', 'var' or a type name. Try adding the name of the type of the variable or the keyword 'var' • lib/main.dart:248:2 • missing_const_final_var_or_type
  error • Expected a method, getter, setter or operator declaration. This appears to be incomplete code. Try removing it or completing it • lib/main.dart:248:4 • expected_executable
  error • Undefined class 'Daily'. Try changing the name to the name of an existing class, or creating a class with the name 'Daily' • lib/main.dart:248:5 • undefined_class
   info • The variable name 'Hisab' isn't a lowerCamelCase identifier. Try changing the name to follow the lowerCamelCase style • lib/main.dart:248:11 • non_constant_identifier_names
  error • Functions must have an explicit list of parameters. Try adding a parameter list • lib/main.dart:248:11 • missing_function_parameters
  error • The name 'Hisab' is already defined. Try renaming one of the declarations • lib/main.dart:248:11 • duplicate_definition
  error • Expected an identifier • lib/main.dart:248:17 • missing_identifier
  error • Expected to find ',' • lib/main.dart:248:18 • expected_token
  error • A function body must be provided. Try adding a function body • lib/main.dart:250:1 • missing_function_body
  error • Expected a method, getter, setter or operator declaration. This appears to be incomplete code. Try removing it or completing it • lib/main.dart:250:1 • expected_executable
  error • Undefined class 'small'. Try changing the name to the name of an existing class, or creating a class with the name 'small' • lib/main.dart:250:2 • undefined_class
  error • The name 'id' is already defined. Try renaming one of the declarations • lib/main.dart:250:8 • duplicate_definition
  error • The operator '>' isn't defined for the type 'String'. Try defining the operator '>' • lib/main.dart:250:22 • undefined_operator
  error • Expected a type name • lib/main.dart:250:24 • expected_type_name
  error • A comparison expression can't be an operand of another comparison expression. Try putting parentheses around one of the comparisons • lib/main.dart:252:1 • equality_cannot_be_equality_operand
  error • Expected to find '[' • lib/main.dart:252:1 • expected_token
  error • Undefined name 'br'. Try correcting the name to one that is defined, or defining the name • lib/main.dart:252:2 • undefined_identifier
  error • A comparison expression can't be an operand of another comparison expression. Try putting parentheses around one of the comparisons • lib/main.dart:252:4 • equality_cannot_be_equality_operand
  error • Expected to find ';' • lib/main.dart:254:2 • expected_token
  error • Expected to find '>' • lib/main.dart:254:2 • expected_token
  error • The name 'button' isn't a type, so it can't be used as a type argument. Try correcting the name to an existing type, or defining a type named 'button' • lib/main.dart:254:2 • non_type_as_type_argument
  error • Expected to find '[' • lib/main.dart:255:1 • expected_token
  error • The name 'id' is already defined. Try renaming one of the declarations • lib/main.dart:255:1 • duplicate_definition
  error • Variables must be declared using the keywords 'const', 'final', 'var' or a type name. Try adding the name of the type of the variable or the keyword 'var' • lib/main.dart:255:1 • missing_const_final_var_or_type
  error • Expected to find ';' • lib/main.dart:255:4 • expected_token
  error • Expected an identifier • lib/main.dart:256:6 • missing_identifier
  error • Expected to find ';' • lib/main.dart:256:6 • expected_token
  error • Expected a method, getter, setter or operator declaration. This appears to be incomplete code. Try removing it or completing it • lib/main.dart:256:7 • expected_executable
  error • Expected a type name • lib/main.dart:256:7 • expected_type_name
  error • Expected to find 'with' • lib/main.dart:256:7 • expected_token
  error • Expected a method, getter, setter or operator declaration. This appears to be incomplete code. Try removing it or completing it • lib/main.dart:257:1 • expected_executable
   info • Missing type annotation. Try adding a type annotation • lib/main.dart:258:1 • strict_top_level_inference
   info • The variable name 'Logout' isn't a lowerCamelCase identifier. Try changing the name to follow the lowerCamelCase style • lib/main.dart:258:1 • non_constant_identifier_names
  error • Functions must have an explicit list of parameters. Try adding a parameter list • lib/main.dart:258:1 • missing_function_parameters
  error • Expected an identifier • lib/main.dart:259:2 • missing_identifier
  error • Expected to find ',' • lib/main.dart:259:3 • expected_token
  error • A function body must be provided. Try adding a function body • lib/main.dart:261:1 • missing_function_body
  error • Expected a method, getter, setter or operator declaration. This appears to be incomplete code. Try removing it or completing it • lib/main.dart:261:1 • expected_executable
  error • Expected a method, getter, setter or operator declaration. This appears to be incomplete code. Try removing it or completing it • lib/main.dart:261:2 • expected_executable
   info • An uninitialized variable should have an explicit type annotation. Try adding a type annotation • lib/main.dart:261:3 • prefer_typing_uninitialized_variables
   info • Missing type annotation. Try adding a type annotation • lib/main.dart:261:3 • strict_top_level_inference
  error • Expected to find ';' • lib/main.dart:261:3 • expected_token
  error • The name 'header' is already defined. Try renaming one of the declarations • lib/main.dart:261:3 • duplicate_definition
  error • Variables must be declared using the keywords 'const', 'final', 'var' or a type name. Try adding the name of the type of the variable or the keyword 'var' • lib/main.dart:261:3 • missing_const_final_var_or_type
  error • Expected a method, getter, setter or operator declaration. This appears to be incomplete code. Try removing it or completing it • lib/main.dart:261:9 • expected_executable
  error • Expected a method, getter, setter or operator declaration. This appears to be incomplete code. Try removing it or completing it • lib/main.dart:263:1 • expected_executable
  error • div isn't a type. Try correcting the name to match an existing type • lib/main.dart:263:2 • not_a_type
  error • The name 'id' is already defined. Try renaming one of the declarations • lib/main.dart:263:6 • duplicate_definition
  error • Expected to find ';' • lib/main.dart:263:9 • expected_token
  error • Expected an identifier • lib/main.dart:263:27 • missing_identifier
  error • Expected to find ';' • lib/main.dart:263:27 • expected_token
  error • Expected a method, getter, setter or operator declaration. This appears to be incomplete code. Try removing it or completing it • lib/main.dart:263:28 • expected_executable
  error • Expected a type name • lib/main.dart:263:28 • expected_type_name
  error • Expected to find 'with' • lib/main.dart:263:28 • expected_token
  error • Expected a method, getter, setter or operator declaration. This appears to be incomplete code. Try removing it or completing it • lib/main.dart:263:36 • expected_executable
  error • Undefined class 'Connecting'. Try changing the name to the name of an existing class, or creating a class with the name 'Connecting' • lib/main.dart:264:1 • undefined_class
  error • Expected to find ';' • lib/main.dart:264:12 • expected_token
   info • An uninitialized variable should have an explicit type annotation. Try adding a type annotation • lib/main.dart:264:15 • prefer_typing_uninitialized_variables
   info • Missing type annotation. Try adding a type annotation • lib/main.dart:264:15 • strict_top_level_inference
  error • Expected to find ';' • lib/main.dart:264:15 • expected_token
  error • Variables must be declared using the keywords 'const', 'final', 'var' or a type name. Try adding the name of the type of the variable or the keyword 'var' • lib/main.dart:264:15 • missing_const_final_var_or_type
  error • Expected a method, getter, setter or operator declaration. This appears to be incomplete code. Try removing it or completing it • lib/main.dart:264:20 • expected_executable
  error • Expected a method, getter, setter or operator declaration. This appears to be incomplete code. Try removing it or completing it • lib/main.dart:265:1 • expected_executable
  error • Expected a method, getter, setter or operator declaration. This appears to be incomplete code. Try removing it or completing it • lib/main.dart:265:2 • expected_executable
   info • An uninitialized variable should have an explicit type annotation. Try adding a type annotation • lib/main.dart:265:3 • prefer_typing_uninitialized_variables
   info • Missing type annotation. Try adding a type annotation • lib/main.dart:265:3 • strict_top_level_inference
  error • Expected to find ';' • lib/main.dart:265:3 • expected_token
  error • The name 'div' is already defined. Try renaming one of the declarations • lib/main.dart:265:3 • duplicate_definition
  error • Variables must be declared using the keywords 'const', 'final', 'var' or a type name. Try adding the name of the type of the variable or the keyword 'var' • lib/main.dart:265:3 • missing_const_final_var_or_type
  error • Expected a method, getter, setter or operator declaration. This appears to be incomplete code. Try removing it or completing it • lib/main.dart:265:6 • expected_executable
  error • Expected a method, getter, setter or operator declaration. This appears to be incomplete code. Try removing it or completing it • lib/main.dart:267:1 • expected_executable
   info • An uninitialized variable should have an explicit type annotation. Try adding a type annotation • lib/main.dart:267:2 • prefer_typing_uninitialized_variables
   info • Missing type annotation. Try adding a type annotation • lib/main.dart:267:2 • strict_top_level_inference
  error • Expected to find ';' • lib/main.dart:267:2 • expected_token
  error • The name 'nav' is already defined. Try renaming one of the declarations • lib/main.dart:267:2 • duplicate_definition
  error • Variables must be declared using the keywords 'const', 'final', 'var' or a type name. Try adding the name of the type of the variable or the keyword 'var' • lib/main.dart:267:2 • missing_const_final_var_or_type
  error • Expected a method, getter, setter or operator declaration. This appears to be incomplete code. Try removing it or completing it • lib/main.dart:267:5 • expected_executable
  error • Expected a method, getter, setter or operator declaration. This appears to be incomplete code. Try removing it or completing it • lib/main.dart:269:1 • expected_executable
  error • button isn't a type. Try correcting the name to match an existing type • lib/main.dart:269:2 • not_a_type
  error • 'class' can't be used as an identifier because it's a keyword. Try renaming this to be an identifier that isn't a keyword • lib/main.dart:270:1 • expected_identifier_but_got_keyword
  error • The name 'class' is already defined. Try renaming one of the declarations • lib/main.dart:270:1 • duplicate_definition
  error • Expected to find ';' • lib/main.dart:270:7 • expected_token
   info • An uninitialized variable should have an explicit type annotation. Try adding a type annotation • lib/main.dart:271:1 • prefer_typing_uninitialized_variables
   info • Missing type annotation. Try adding a type annotation • lib/main.dart:271:1 • strict_top_level_inference
  error • Expected to find ';' • lib/main.dart:271:1 • expected_token
  error • Variables must be declared using the keywords 'const', 'final', 'var' or a type name. Try adding the name of the type of the variable or the keyword 'var' • lib/main.dart:271:1 • missing_const_final_var_or_type
  error • Expected a method, getter, setter or operator declaration. This appears to be incomplete code. Try removing it or completing it • lib/main.dart:271:5 • expected_executable
  error • The name 'page' is already defined. Try renaming one of the declarations • lib/main.dart:271:6 • duplicate_definition
  error • Variables must be declared using the keywords 'const', 'final', 'var' or a type name. Try adding the name of the type of the variable or the keyword 'var' • lib/main.dart:271:6 • missing_const_final_var_or_type
  error • The operator '>' isn't defined for the type 'String'. Try defining the operator '>' • lib/main.dart:272:1 • undefined_operator
  error • A comparison expression can't be an operand of another comparison expression. Try putting parentheses around one of the comparisons • lib/main.dart:274:1 • equality_cannot_be_equality_operand
  error • Expected an identifier • lib/main.dart:274:2 • missing_identifier
  error • A comparison expression can't be an operand of another comparison expression. Try putting parentheses around one of the comparisons • lib/main.dart:274:9 • equality_cannot_be_equality_operand
  error • Expected to find ';' • lib/main.dart:276:2 • expected_token
  error • Expected to find '>' • lib/main.dart:276:2 • expected_token
  error • The name 'button' isn't a type, so it can't be used as a type argument. Try correcting the name to an existing type, or defining a type named 'button' • lib/main.dart:276:2 • non_type_as_type_argument
  error • Expected to find '[' • lib/main.dart:277:1 • expected_token
  error • Expected an identifier • lib/main.dart:277:6 • missing_identifier
  error • Expected to find ';' • lib/main.dart:277:6 • expected_token
  error • Expected a method, getter, setter or operator declaration. This appears to be incomplete code. Try removing it or completing it • lib/main.dart:277:7 • expected_executable
  error • Expected a type name • lib/main.dart:277:7 • expected_type_name
  error • Expected to find 'with' • lib/main.dart:277:7 • expected_token
   info • An uninitialized variable should have an explicit type annotation. Try adding a type annotation • lib/main.dart:278:1 • prefer_typing_uninitialized_variables
   info • Missing type annotation. Try adding a type annotation • lib/main.dart:278:1 • strict_top_level_inference
  error • Expected to find ';' • lib/main.dart:278:1 • expected_token
  error • The name 'data' is already defined. Try renaming one of the declarations • lib/main.dart:278:1 • duplicate_definition
  error • Variables must be declared using the keywords 'const', 'final', 'var' or a type name. Try adding the name of the type of the variable or the keyword 'var' • lib/main.dart:278:1 • missing_const_final_var_or_type
  error • Expected a method, getter, setter or operator declaration. This appears to be incomplete code. Try removing it or completing it • lib/main.dart:278:5 • expected_executable
  error • The name 'page' is already defined. Try renaming one of the declarations • lib/main.dart:278:6 • duplicate_definition
  error • Variables must be declared using the keywords 'const', 'final', 'var' or a type name. Try adding the name of the type of the variable or the keyword 'var' • lib/main.dart:278:6 • missing_const_final_var_or_type
  error • The operator '>' isn't defined for the type 'String'. Try defining the operator '>' • lib/main.dart:279:1 • undefined_operator
  error • A comparison expression can't be an operand of another comparison expression. Try putting parentheses around one of the comparisons • lib/main.dart:281:1 • equality_cannot_be_equality_operand
  error • Expected an identifier • lib/main.dart:281:2 • missing_identifier
  error • A comparison expression can't be an operand of another comparison expression. Try putting parentheses around one of the comparisons • lib/main.dart:281:9 • equality_cannot_be_equality_operand
  error • Expected to find ';' • lib/main.dart:283:2 • expected_token
  error • Expected to find '>' • lib/main.dart:283:2 • expected_token
  error • The name 'button' isn't a type, so it can't be used as a type argument. Try correcting the name to an existing type, or defining a type named 'button' • lib/main.dart:283:2 • non_type_as_type_argument
  error • Expected to find '[' • lib/main.dart:284:1 • expected_token
  error • Expected an identifier • lib/main.dart:284:6 • missing_identifier
  error • Expected to find ';' • lib/main.dart:284:6 • expected_token
  error • Expected a method, getter, setter or operator declaration. This appears to be incomplete code. Try removing it or completing it • lib/main.dart:284:7 • expected_executable
  error • Expected a type name • lib/main.dart:284:7 • expected_type_name
  error • Expected to find 'with' • lib/main.dart:284:7 • expected_token
   info • An uninitialized variable should have an explicit type annotation. Try adding a type annotation • lib/main.dart:285:1 • prefer_typing_uninitialized_variables
   info • Missing type annotation. Try adding a type annotation • lib/main.dart:285:1 • strict_top_level_inference
  error • Expected to find ';' • lib/main.dart:285:1 • expected_token
  error • The name 'data' is already defined. Try renaming one of the declarations • lib/main.dart:285:1 • duplicate_definition
  error • Variables must be declared using the keywords 'const', 'final', 'var' or a type name. Try adding the name of the type of the variable or the keyword 'var' • lib/main.dart:285:1 • missing_const_final_var_or_type
  error • Expected a method, getter, setter or operator declaration. This appears to be incomplete code. Try removing it or completing it • lib/main.dart:285:5 • expected_executable
  error • The name 'page' is already defined. Try renaming one of the declarations • lib/main.dart:285:6 • duplicate_definition
  error • Variables must be declared using the keywords 'const', 'final', 'var' or a type name. Try adding the name of the type of the variable or the keyword 'var' • lib/main.dart:285:6 • missing_const_final_var_or_type
  error • The operator '>' isn't defined for the type 'String'. Try defining the operator '>' • lib/main.dart:286:1 • undefined_operator
  error • A comparison expression can't be an operand of another comparison expression. Try putting parentheses around one of the comparisons • lib/main.dart:288:1 • equality_cannot_be_equality_operand
  error • Expected an identifier • lib/main.dart:288:2 • missing_identifier
  error • A comparison expression can't be an operand of another comparison expression. Try putting parentheses around one of the comparisons • lib/main.dart:288:9 • equality_cannot_be_equality_operand
  error • Expected to find ';' • lib/main.dart:290:2 • expected_token
  error • Expected to find '>' • lib/main.dart:290:2 • expected_token
  error • The name 'button' isn't a type, so it can't be used as a type argument. Try correcting the name to an existing type, or defining a type named 'button' • lib/main.dart:290:2 • non_type_as_type_argument
  error • Expected to find '[' • lib/main.dart:291:1 • expected_token
  error • Expected an identifier • lib/main.dart:291:6 • missing_identifier
  error • Expected to find ';' • lib/main.dart:291:6 • expected_token
  error • Expected a method, getter, setter or operator declaration. This appears to be incomplete code. Try removing it or completing it • lib/main.dart:291:7 • expected_executable
  error • Expected a type name • lib/main.dart:291:7 • expected_type_name
  error • Expected to find 'with' • lib/main.dart:291:7 • expected_token
   info • An uninitialized variable should have an explicit type annotation. Try adding a type annotation • lib/main.dart:292:1 • prefer_typing_uninitialized_variables
   info • Missing type annotation. Try adding a type annotation • lib/main.dart:292:1 • strict_top_level_inference
  error • Expected to find ';' • lib/main.dart:292:1 • expected_token
  error • The name 'data' is already defined. Try renaming one of the declarations • lib/main.dart:292:1 • duplicate_definition
  error • Variables must be declared using the keywords 'const', 'final', 'var' or a type name. Try adding the name of the type of the variable or the keyword 'var' • lib/main.dart:292:1 • missing_const_final_var_or_type
  error • Expected a method, getter, setter or operator declaration. This appears to be incomplete code. Try removing it or completing it • lib/main.dart:292:5 • expected_executable
  error • The name 'page' is already defined. Try renaming one of the declarations • lib/main.dart:292:6 • duplicate_definition
  error • Variables must be declared using the keywords 'const', 'final', 'var' or a type name. Try adding the name of the type of the variable or the keyword 'var' • lib/main.dart:292:6 • missing_const_final_var_or_type
  error • The operator '>' isn't defined for the type 'String'. Try defining the operator '>' • lib/main.dart:293:1 • undefined_operator
  error • A comparison expression can't be an operand of another comparison expression. Try putting parentheses around one of the comparisons • lib/main.dart:295:1 • equality_cannot_be_equality_operand
  error • Expected an identifier • lib/main.dart:295:2 • missing_identifier
  error • A comparison expression can't be an operand of another comparison expression. Try putting parentheses around one of the comparisons • lib/main.dart:295:9 • equality_cannot_be_equality_operand
  error • Expected to find ';' • lib/main.dart:297:2 • expected_token
  error • Expected to find '>' • lib/main.dart:297:2 • expected_token
  error • The name 'button' isn't a type, so it can't be used as a type argument. Try correcting the name to an existing type, or defining a type named 'button' • lib/main.dart:297:2 • non_type_as_type_argument
  error • Expected to find '[' • lib/main.dart:298:1 • expected_token
  error • Expected an identifier • lib/main.dart:298:6 • missing_identifier
  error • Expected to find ';' • lib/main.dart:298:6 • expected_token
  error • Expected a method, getter, setter or operator declaration. This appears to be incomplete code. Try removing it or completing it • lib/main.dart:298:7 • expected_executable
  error • Expected a type name • lib/main.dart:298:7 • expected_type_name
  error • Expected to find 'with' • lib/main.dart:298:7 • expected_token
   info • An uninitialized variable should have an explicit type annotation. Try adding a type annotation • lib/main.dart:299:1 • prefer_typing_uninitialized_variables
   info • Missing type annotation. Try adding a type annotation • lib/main.dart:299:1 • strict_top_level_inference
  error • Expected to find ';' • lib/main.dart:299:1 • expected_token
  error • The name 'data' is already defined. Try renaming one of the declarations • lib/main.dart:299:1 • duplicate_definition
  error • Variables must be declared using the keywords 'const', 'final', 'var' or a type name. Try adding the name of the type of the variable or the keyword 'var' • lib/main.dart:299:1 • missing_const_final_var_or_type
  error • Expected a method, getter, setter or operator declaration. This appears to be incomplete code. Try removing it or completing it • lib/main.dart:299:5 • expected_executable
  error • The name 'page' is already defined. Try renaming one of the declarations • lib/main.dart:299:6 • duplicate_definition
  error • Variables must be declared using the keywords 'const', 'final', 'var' or a type name. Try adding the name of the type of the variable or the keyword 'var' • lib/main.dart:299:6 • missing_const_final_var_or_type
  error • The operator '>' isn't defined for the type 'String'. Try defining the operator '>' • lib/main.dart:300:1 • undefined_operator
  error • A comparison expression can't be an operand of another comparison expression. Try putting parentheses around one of the comparisons • lib/main.dart:302:1 • equality_cannot_be_equality_operand
  error • Expected an identifier • lib/main.dart:302:2 • missing_identifier
  error • A comparison expression can't be an operand of another comparison expression. Try putting parentheses around one of the comparisons • lib/main.dart:302:9 • equality_cannot_be_equality_operand
  error • Expected a type name • lib/main.dart:304:2 • expected_type_name
  error • A comparison expression can't be an operand of another comparison expression. Try putting parentheses around one of the comparisons • lib/main.dart:306:1 • equality_cannot_be_equality_operand
  error • Expected to find '[' • lib/main.dart:306:1 • expected_token
  error • A comparison expression can't be an operand of another comparison expression. Try putting parentheses around one of the comparisons • lib/main.dart:306:6 • equality_cannot_be_equality_operand
  error • Expected to find ';' • lib/main.dart:308:2 • expected_token
  error • Expected to find '>' • lib/main.dart:308:2 • expected_token
  error • The name 'section' isn't a type, so it can't be used as a type argument. Try correcting the name to an existing type, or defining a type named 'section' • lib/main.dart:308:2 • non_type_as_type_argument
  error • Expected to find '[' • lib/main.dart:308:10 • expected_token
  error • The name 'id' is already defined. Try renaming one of the declarations • lib/main.dart:308:10 • duplicate_definition
  error • Variables must be declared using the keywords 'const', 'final', 'var' or a type name. Try adding the name of the type of the variable or the keyword 'var' • lib/main.dart:308:10 • missing_const_final_var_or_type
  error • Expected to find ';' • lib/main.dart:308:13 • expected_token
  error • Expected an identifier • lib/main.dart:308:34 • missing_identifier
  error • Expected to find ';' • lib/main.dart:308:34 • expected_token
  error • Expected a method, getter, setter or operator declaration. This appears to be incomplete code. Try removing it or completing it • lib/main.dart:308:35 • expected_executable
  error • Expected a type name • lib/main.dart:308:35 • expected_type_name
  error • Expected to find 'with' • lib/main.dart:308:35 • expected_token
  error • Expected a method, getter, setter or operator declaration. This appears to be incomplete code. Try removing it or completing it • lib/main.dart:308:48 • expected_executable
  error • Expected a method, getter, setter or operator declaration. This appears to be incomplete code. Try removing it or completing it • lib/main.dart:310:1 • expected_executable
   info • An uninitialized variable should have an explicit type annotation. Try adding a type annotation • lib/main.dart:310:2 • prefer_typing_uninitialized_variables
   info • Missing type annotation. Try adding a type annotation • lib/main.dart:310:2 • strict_top_level_inference
  error • Expected to find ';' • lib/main.dart:310:2 • expected_token
  error • Variables must be declared using the keywords 'const', 'final', 'var' or a type name. Try adding the name of the type of the variable or the keyword 'var' • lib/main.dart:310:2 • missing_const_final_var_or_type
  error • Expected a method, getter, setter or operator declaration. This appears to be incomplete code. Try removing it or completing it • lib/main.dart:310:4 • expected_executable
   info • Missing type annotation. Try adding a type annotation • lib/main.dart:310:5 • strict_top_level_inference
   info • The variable name 'Dashboard' isn't a lowerCamelCase identifier. Try changing the name to follow the lowerCamelCase style • lib/main.dart:310:5 • non_constant_identifier_names
  error • Functions must have an explicit list of parameters. Try adding a parameter list • lib/main.dart:310:5 • missing_function_parameters
  error • Expected an identifier • lib/main.dart:310:15 • missing_identifier
  error • Expected to find ',' • lib/main.dart:310:16 • expected_token
  error • A function body must be provided. Try adding a function body • lib/main.dart:312:1 • missing_function_body
  error • Expected a method, getter, setter or operator declaration. This appears to be incomplete code. Try removing it or completing it • lib/main.dart:312:1 • expected_executable
  error • div isn't a type. Try correcting the name to match an existing type • lib/main.dart:312:2 • not_a_type
  error • 'class' can't be used as an identifier because it's a keyword. Try renaming this to be an identifier that isn't a keyword • lib/main.dart:312:6 • expected_identifier_but_got_keyword
  error • The name 'class' is already defined. Try renaming one of the declarations • lib/main.dart:312:6 • duplicate_definition
  error • The operator '>' isn't defined for the type 'String'. Try defining the operator '>' • lib/main.dart:312:19 • undefined_operator
  error • Expected to find ';' • lib/main.dart:314:2 • expected_token
  error • Expected to find '>' • lib/main.dart:314:2 • expected_token
  error • The name 'div' isn't a type, so it can't be used as a type argument. Try correcting the name to an existing type, or defining a type named 'div' • lib/main.dart:314:2 • non_type_as_type_argument
  error • Expected to find '[' • lib/main.dart:314:6 • expected_token
  error • Expected an identifier • lib/main.dart:314:11 • missing_identifier
  error • Expected to find ';' • lib/main.dart:314:11 • expected_token
  error • Expected a method, getter, setter or operator declaration. This appears to be incomplete code. Try removing it or completing it • lib/main.dart:314:12 • expected_executable
  error • Expected a type name • lib/main.dart:314:12 • expected_type_name
  error • Expected to find 'with' • lib/main.dart:314:12 • expected_token
  error • Expected a method, getter, setter or operator declaration. This appears to be incomplete code. Try removing it or completing it • lib/main.dart:314:18 • expected_executable
   info • Missing type annotation. Try adding a type annotation • lib/main.dart:315:1 • strict_top_level_inference
   info • The variable name 'Income' isn't a lowerCamelCase identifier. Try changing the name to follow the lowerCamelCase style • lib/main.dart:315:1 • non_constant_identifier_names
  error • Functions must have an explicit list of parameters. Try adding a parameter list • lib/main.dart:315:1 • missing_function_parameters
  error • Expected to find '>' • lib/main.dart:316:2 • expected_token
  error • A function body must be provided. Try adding a function body • lib/main.dart:316:4 • missing_function_body
  error • Expected an identifier • lib/main.dart:316:9 • missing_identifier
  error • Expected to find ';' • lib/main.dart:316:9 • expected_token
  error • Expected a method, getter, setter or operator declaration. This appears to be incomplete code. Try removing it or completing it • lib/main.dart:316:10 • expected_executable
  error • Expected a type name • lib/main.dart:316:10 • expected_type_name
  error • Expected to find 'with' • lib/main.dart:316:10 • expected_token
  error • The name 'id' is already defined. Try renaming one of the declarations • lib/main.dart:316:19 • duplicate_definition
  error • Variables must be declared using the keywords 'const', 'final', 'var' or a type name. Try adding the name of the type of the variable or the keyword 'var' • lib/main.dart:316:19 • missing_const_final_var_or_type
  error • The operator '>' isn't defined for the type 'String'. Try defining the operator '>' • lib/main.dart:316:35 • undefined_operator
  error • Expected to find ';' • lib/main.dart:317:1 • expected_token
  error • Illegal character '8377' • lib/main.dart:317:1 • illegal_character
  error • Undefined name '₹0'. Try correcting the name to one that is defined, or defining the name • lib/main.dart:317:1 • undefined_identifier
  error • Expected a method, getter, setter or operator declaration. This appears to be incomplete code. Try removing it or completing it • lib/main.dart:317:3 • expected_executable
  error • Expected a method, getter, setter or operator declaration. This appears to be incomplete code. Try removing it or completing it • lib/main.dart:318:1 • expected_executable
  error • Expected a method, getter, setter or operator declaration. This appears to be incomplete code. Try removing it or completing it • lib/main.dart:318:2 • expected_executable
   info • An uninitialized variable should have an explicit type annotation. Try adding a type annotation • lib/main.dart:318:3 • prefer_typing_uninitialized_variables
   info • Missing type annotation. Try adding a type annotation • lib/main.dart:318:3 • strict_top_level_inference
  error • Expected to find ';' • lib/main.dart:318:3 • expected_token
  error • The name 'b' is already defined. Try renaming one of the declarations • lib/main.dart:318:3 • duplicate_definition
  error • Variables must be declared using the keywords 'const', 'final', 'var' or a type name. Try adding the name of the type of the variable or the keyword 'var' • lib/main.dart:318:3 • missing_const_final_var_or_type
  error • Expected a method, getter, setter or operator declaration. This appears to be incomplete code. Try removing it or completing it • lib/main.dart:318:4 • expected_executable
  error • Expected a method, getter, setter or operator declaration. This appears to be incomplete code. Try removing it or completing it • lib/main.dart:319:1 • expected_executable
  error • Expected a method, getter, setter or operator declaration. This appears to be incomplete code. Try removing it or completing it • lib/main.dart:319:2 • expected_executable
   info • An uninitialized variable should have an explicit type annotation. Try adding a type annotation • lib/main.dart:319:3 • prefer_typing_uninitialized_variables
   info • Missing type annotation. Try adding a type annotation • lib/main.dart:319:3 • strict_top_level_inference
  error • Expected to find ';' • lib/main.dart:319:3 • expected_token
  error • The name 'div' is already defined. Try renaming one of the declarations • lib/main.dart:319:3 • duplicate_definition
  error • Variables must be declared using the keywords 'const', 'final', 'var' or a type name. Try adding the name of the type of the variable or the keyword 'var' • lib/main.dart:319:3 • missing_const_final_var_or_type
  error • Expected a method, getter, setter or operator declaration. This appears to be incomplete code. Try removing it or completing it • lib/main.dart:319:6 • expected_executable
  error • Expected a method, getter, setter or operator declaration. This appears to be incomplete code. Try removing it or completing it • lib/main.dart:321:1 • expected_executable
  error • div isn't a type. Try correcting the name to match an existing type • lib/main.dart:321:2 • not_a_type
  error • 'class' can't be used as an identifier because it's a keyword. Try renaming this to be an identifier that isn't a keyword • lib/main.dart:321:6 • expected_identifier_but_got_keyword
  error • The name 'class' is already defined. Try renaming one of the declarations • lib/main.dart:321:6 • duplicate_definition
  error • The operator '>' isn't defined for the type 'String'. Try defining the operator '>' • lib/main.dart:321:18 • undefined_operator
  error • Undefined name 'Expense'. Try correcting the name to one that is defined, or defining the name • lib/main.dart:322:1 • undefined_identifier
  error • A comparison expression can't be an operand of another comparison expression. Try putting parentheses around one of the comparisons • lib/main.dart:323:1 • equality_cannot_be_equality_operand
  error • Expected to find ';' • lib/main.dart:323:2 • expected_token
  error • Expected an identifier • lib/main.dart:323:9 • missing_identifier
  error • Expected to find ';' • lib/main.dart:323:9 • expected_token
  error • Expected a method, getter, setter or operator declaration. This appears to be incomplete code. Try removing it or completing it • lib/main.dart:323:10 • expected_executable
  error • Expected a type name • lib/main.dart:323:10 • expected_type_name
  error • Expected to find 'with' • lib/main.dart:323:10 • expected_token
  error • The name 'id' is already defined. Try renaming one of the declarations • lib/main.dart:323:20 • duplicate_definition
  error • Variables must be declared using the keywords 'const', 'final', 'var' or a type name. Try adding the name of the type of the variable or the keyword 'var' • lib/main.dart:323:20 • missing_const_final_var_or_type
  error • The operator '>' isn't defined for the type 'String'. Try defining the operator '>' • lib/main.dart:323:37 • undefined_operator
  error • Expected to find ';' • lib/main.dart:324:1 • expected_token
  error • Illegal character '8377' • lib/main.dart:324:1 • illegal_character
  error • Undefined name '₹0'. Try correcting the name to one that is defined, or defining the name • lib/main.dart:324:1 • undefined_identifier
  error • Expected a method, getter, setter or operator declaration. This appears to be incomplete code. Try removing it or completing it • lib/main.dart:324:3 • expected_executable
  error • Expected a method, getter, setter or operator declaration. This appears to be incomplete code. Try removing it or completing it • lib/main.dart:325:1 • expected_executable
  error • Expected a method, getter, setter or operator declaration. This appears to be incomplete code. Try removing it or completing it • lib/main.dart:325:2 • expected_executable
   info • An uninitialized variable should have an explicit type annotation. Try adding a type annotation • lib/main.dart:325:3 • prefer_typing_uninitialized_variables
   info • Missing type annotation. Try adding a type annotation • lib/main.dart:325:3 • strict_top_level_inference
  error • Expected to find ';' • lib/main.dart:325:3 • expected_token
  error • The name 'b' is already defined. Try renaming one of the declarations • lib/main.dart:325:3 • duplicate_definition
  error • Variables must be declared using the keywords 'const', 'final', 'var' or a type name. Try adding the name of the type of the variable or the keyword 'var' • lib/main.dart:325:3 • missing_const_final_var_or_type
  error • Expected a method, getter, setter or operator declaration. This appears to be incomplete code. Try removing it or completing it • lib/main.dart:325:4 • expected_executable
  error • Expected a method, getter, setter or operator declaration. This appears to be incomplete code. Try removing it or completing it • lib/main.dart:326:1 • expected_executable
  error • Expected a method, getter, setter or operator declaration. This appears to be incomplete code. Try removing it or completing it • lib/main.dart:326:2 • expected_executable
   info • An uninitialized variable should have an explicit type annotation. Try adding a type annotation • lib/main.dart:326:3 • prefer_typing_uninitialized_variables
   info • Missing type annotation. Try adding a type annotation • lib/main.dart:326:3 • strict_top_level_inference
  error • Expected to find ';' • lib/main.dart:326:3 • expected_token
  error • The name 'div' is already defined. Try renaming one of the declarations • lib/main.dart:326:3 • duplicate_definition
  error • Variables must be declared using the keywords 'const', 'final', 'var' or a type name. Try adding the name of the type of the variable or the keyword 'var' • lib/main.dart:326:3 • missing_const_final_var_or_type
  error • Expected a method, getter, setter or operator declaration. This appears to be incomplete code. Try removing it or completing it • lib/main.dart:326:6 • expected_executable
  error • Expected a method, getter, setter or operator declaration. This appears to be incomplete code. Try removing it or completing it • lib/main.dart:328:1 • expected_executable
  error • div isn't a type. Try correcting the name to match an existing type • lib/main.dart:328:2 • not_a_type
  error • 'class' can't be used as an identifier because it's a keyword. Try renaming this to be an identifier that isn't a keyword • lib/main.dart:328:6 • expected_identifier_but_got_keyword
  error • The name 'class' is already defined. Try renaming one of the declarations • lib/main.dart:328:6 • duplicate_definition
  error • The operator '>' isn't defined for the type 'String'. Try defining the operator '>' • lib/main.dart:328:18 • undefined_operator
  error • A comparison expression can't be an operand of another comparison expression. Try putting parentheses around one of the comparisons • lib/main.dart:330:1 • equality_cannot_be_equality_operand
  error • Expected to find ';' • lib/main.dart:330:2 • expected_token
  error • The name 'id' is already defined. Try renaming one of the declarations • lib/main.dart:330:4 • duplicate_definition
  error • Variables must be declared using the keywords 'const', 'final', 'var' or a type name. Try adding the name of the type of the variable or the keyword 'var' • lib/main.dart:330:4 • missing_const_final_var_or_type
  error • The operator '>' isn't defined for the type 'String'. Try defining the operator '>' • lib/main.dart:330:21 • undefined_operator
  error • Expected to find ';' • lib/main.dart:331:1 • expected_token
  error • Illegal character '8377' • lib/main.dart:331:1 • illegal_character
  error • Undefined name '₹0'. Try correcting the name to one that is defined, or defining the name • lib/main.dart:331:1 • undefined_identifier
  error • Expected a method, getter, setter or operator declaration. This appears to be incomplete code. Try removing it or completing it • lib/main.dart:331:3 • expected_executable
  error • Expected a method, getter, setter or operator declaration. This appears to be incomplete code. Try removing it or completing it • lib/main.dart:332:1 • expected_executable
  error • Expected a method, getter, setter or operator declaration. This appears to be incomplete code. Try removing it or completing it • lib/main.dart:332:2 • expected_executable
   info • An uninitialized variable should have an explicit type annotation. Try adding a type annotation • lib/main.dart:332:3 • prefer_typing_uninitialized_variables
   info • Missing type annotation. Try adding a type annotation • lib/main.dart:332:3 • strict_top_level_inference
  error • Expected to find ';' • lib/main.dart:332:3 • expected_token
  error • The name 'b' is already defined. Try renaming one of the declarations • lib/main.dart:332:3 • duplicate_definition
  error • Variables must be declared using the keywords 'const', 'final', 'var' or a type name. Try adding the name of the type of the variable or the keyword 'var' • lib/main.dart:332:3 • missing_const_final_var_or_type
  error • Expected a method, getter, setter or operator declaration. This appears to be incomplete code. Try removing it or completing it • lib/main.dart:332:4 • expected_executable
  error • Expected a method, getter, setter or operator declaration. This appears to be incomplete code. Try removing it or completing it • lib/main.dart:333:1 • expected_executable
  error • Expected a method, getter, setter or operator declaration. This appears to be incomplete code. Try removing it or completing it • lib/main.dart:333:2 • expected_executable
   info • An uninitialized variable should have an explicit type annotation. Try adding a type annotation • lib/main.dart:333:3 • prefer_typing_uninitialized_variables
   info • Missing type annotation. Try adding a type annotation • lib/main.dart:333:3 • strict_top_level_inference
  error • Expected to find ';' • lib/main.dart:333:3 • expected_token
  error • The name 'div' is already defined. Try renaming one of the declarations • lib/main.dart:333:3 • duplicate_definition
  error • Variables must be declared using the keywords 'const', 'final', 'var' or a type name. Try adding the name of the type of the variable or the keyword 'var' • lib/main.dart:333:3 • missing_const_final_var_or_type
  error • Expected a method, getter, setter or operator declaration. This appears to be incomplete code. Try removing it or completing it • lib/main.dart:333:6 • expected_executable
  error • Expected a method, getter, setter or operator declaration. This appears to be incomplete code. Try removing it or completing it • lib/main.dart:335:1 • expected_executable
  error • div isn't a type. Try correcting the name to match an existing type • lib/main.dart:335:2 • not_a_type
  error • 'class' can't be used as an identifier because it's a keyword. Try renaming this to be an identifier that isn't a keyword • lib/main.dart:335:6 • expected_identifier_but_got_keyword
  error • The name 'class' is already defined. Try renaming one of the declarations • lib/main.dart:335:6 • duplicate_definition
  error • The operator '>' isn't defined for the type 'String'. Try defining the operator '>' • lib/main.dart:335:18 • undefined_operator
  error • Undefined name 'Receivable'. Try correcting the name to one that is defined, or defining the name • lib/main.dart:336:1 • undefined_identifier
  error • A comparison expression can't be an operand of another comparison expression. Try putting parentheses around one of the comparisons • lib/main.dart:337:1 • equality_cannot_be_equality_operand
  error • Expected to find ';' • lib/main.dart:337:2 • expected_token
  error • Expected an identifier • lib/main.dart:337:9 • missing_identifier
  error • Expected to find ';' • lib/main.dart:337:9 • expected_token
  error • Expected a method, getter, setter or operator declaration. This appears to be incomplete code. Try removing it or completing it • lib/main.dart:337:10 • expected_executable
  error • Expected a type name • lib/main.dart:337:10 • expected_type_name
  error • Expected to find 'with' • lib/main.dart:337:10 • expected_token
  error • The name 'id' is already defined. Try renaming one of the declarations • lib/main.dart:337:23 • duplicate_definition
  error • Variables must be declared using the keywords 'const', 'final', 'var' or a type name. Try adding the name of the type of the variable or the keyword 'var' • lib/main.dart:337:23 • missing_const_final_var_or_type
  error • The operator '>' isn't defined for the type 'String'. Try defining the operator '>' • lib/main.dart:337:43 • undefined_operator
  error • Expected to find ';' • lib/main.dart:338:1 • expected_token
  error • Illegal character '8377' • lib/main.dart:338:1 • illegal_character
  error • Undefined name '₹0'. Try correcting the name to one that is defined, or defining the name • lib/main.dart:338:1 • undefined_identifier
  error • Expected a method, getter, setter or operator declaration. This appears to be incomplete code. Try removing it or completing it • lib/main.dart:338:3 • expected_executable
  error • Expected a method, getter, setter or operator declaration. This appears to be incomplete code. Try removing it or completing it • lib/main.dart:339:1 • expected_executable
  error • Expected a method, getter, setter or operator declaration. This appears to be incomplete code. Try removing it or completing it • lib/main.dart:339:2 • expected_executable
   info • An uninitialized variable should have an explicit type annotation. Try adding a type annotation • lib/main.dart:339:3 • prefer_typing_uninitialized_variables
   info • Missing type annotation. Try adding a type annotation • lib/main.dart:339:3 • strict_top_level_inference
  error • Expected to find ';' • lib/main.dart:339:3 • expected_token
  error • The name 'b' is already defined. Try renaming one of the declarations • lib/main.dart:339:3 • duplicate_definition
  error • Variables must be declared using the keywords 'const', 'final', 'var' or a type name. Try adding the name of the type of the variable or the keyword 'var' • lib/main.dart:339:3 • missing_const_final_var_or_type
  error • Expected a method, getter, setter or operator declaration. This appears to be incomplete code. Try removing it or completing it • lib/main.dart:339:4 • expected_executable
  error • Expected a method, getter, setter or operator declaration. This appears to be incomplete code. Try removing it or completing it • lib/main.dart:340:1 • expected_executable
  error • Expected a method, getter, setter or operator declaration. This appears to be incomplete code. Try removing it or completing it • lib/main.dart:340:2 • expected_executable
   info • An uninitialized variable should have an explicit type annotation. Try adding a type annotation • lib/main.dart:340:3 • prefer_typing_uninitialized_variables
   info • Missing type annotation. Try adding a type annotation • lib/main.dart:340:3 • strict_top_level_inference
  error • Expected to find ';' • lib/main.dart:340:3 • expected_token
  error • The name 'div' is already defined. Try renaming one of the declarations • lib/main.dart:340:3 • duplicate_definition
  error • Variables must be declared using the keywords 'const', 'final', 'var' or a type name. Try adding the name of the type of the variable or the keyword 'var' • lib/main.dart:340:3 • missing_const_final_var_or_type
  error • Expected a method, getter, setter or operator declaration. This appears to be incomplete code. Try removing it or completing it • lib/main.dart:340:6 • expected_executable
  error • Expected a method, getter, setter or operator declaration. This appears to be incomplete code. Try removing it or completing it • lib/main.dart:342:1 • expected_executable
  error • div isn't a type. Try correcting the name to match an existing type • lib/main.dart:342:2 • not_a_type
  error • 'class' can't be used as an identifier because it's a keyword. Try renaming this to be an identifier that isn't a keyword • lib/main.dart:342:6 • expected_identifier_but_got_keyword
  error • The name 'class' is already defined. Try renaming one of the declarations • lib/main.dart:342:6 • duplicate_definition
  error • The operator '>' isn't defined for the type 'String'. Try defining the operator '>' • lib/main.dart:342:18 • undefined_operator
  error • Undefined name 'Payable'. Try correcting the name to one that is defined, or defining the name • lib/main.dart:343:1 • undefined_identifier
  error • A comparison expression can't be an operand of another comparison expression. Try putting parentheses around one of the comparisons • lib/main.dart:344:1 • equality_cannot_be_equality_operand
  error • Expected to find ';' • lib/main.dart:344:2 • expected_token
  error • Expected an identifier • lib/main.dart:344:9 • missing_identifier
  error • Expected to find ';' • lib/main.dart:344:9 • expected_token
  error • Expected a method, getter, setter or operator declaration. This appears to be incomplete code. Try removing it or completing it • lib/main.dart:344:10 • expected_executable
  error • Expected a type name • lib/main.dart:344:10 • expected_type_name
  error • Expected to find 'with' • lib/main.dart:344:10 • expected_token
  error • The name 'id' is already defined. Try renaming one of the declarations • lib/main.dart:344:20 • duplicate_definition
  error • Variables must be declared using the keywords 'const', 'final', 'var' or a type name. Try adding the name of the type of the variable or the keyword 'var' • lib/main.dart:344:20 • missing_const_final_var_or_type
  error • The operator '>' isn't defined for the type 'String'. Try defining the operator '>' • lib/main.dart:344:37 • undefined_operator
  error • Expected to find ';' • lib/main.dart:345:1 • expected_token
  error • Illegal character '8377' • lib/main.dart:345:1 • illegal_character
  error • Undefined name '₹0'. Try correcting the name to one that is defined, or defining the name • lib/main.dart:345:1 • undefined_identifier
  error • Expected a method, getter, setter or operator declaration. This appears to be incomplete code. Try removing it or completing it • lib/main.dart:345:3 • expected_executable
  error • Expected a method, getter, setter or operator declaration. This appears to be incomplete code. Try removing it or completing it • lib/main.dart:346:1 • expected_executable
  error • Expected a method, getter, setter or operator declaration. This appears to be incomplete code. Try removing it or completing it • lib/main.dart:346:2 • expected_executable
   info • An uninitialized variable should have an explicit type annotation. Try adding a type annotation • lib/main.dart:346:3 • prefer_typing_uninitialized_variables
   info • Missing type annotation. Try adding a type annotation • lib/main.dart:346:3 • strict_top_level_inference
  error • Expected to find ';' • lib/main.dart:346:3 • expected_token
  error • The name 'b' is already defined. Try renaming one of the declarations • lib/main.dart:346:3 • duplicate_definition
  error • Variables must be declared using the keywords 'const', 'final', 'var' or a type name. Try adding the name of the type of the variable or the keyword 'var' • lib/main.dart:346:3 • missing_const_final_var_or_type
  error • Expected a method, getter, setter or operator declaration. This appears to be incomplete code. Try removing it or completing it • lib/main.dart:346:4 • expected_executable
  error • Expected a method, getter, setter or operator declaration. This appears to be incomplete code. Try removing it or completing it • lib/main.dart:347:1 • expected_executable
  error • Expected a method, getter, setter or operator declaration. This appears to be incomplete code. Try removing it or completing it • lib/main.dart:347:2 • expected_executable
   info • An uninitialized variable should have an explicit type annotation. Try adding a type annotation • lib/main.dart:347:3 • prefer_typing_uninitialized_variables
   info • Missing type annotation. Try adding a type annotation • lib/main.dart:347:3 • strict_top_level_inference
  error • Expected to find ';' • lib/main.dart:347:3 • expected_token
  error • The name 'div' is already defined. Try renaming one of the declarations • lib/main.dart:347:3 • duplicate_definition
  error • Variables must be declared using the keywords 'const', 'final', 'var' or a type name. Try adding the name of the type of the variable or the keyword 'var' • lib/main.dart:347:3 • missing_const_final_var_or_type
  error • Expected a method, getter, setter or operator declaration. This appears to be incomplete code. Try removing it or completing it • lib/main.dart:347:6 • expected_executable
  error • Expected a method, getter, setter or operator declaration. This appears to be incomplete code. Try removing it or completing it • lib/main.dart:349:1 • expected_executable
  error • div isn't a type. Try correcting the name to match an existing type • lib/main.dart:349:2 • not_a_type
  error • 'class' can't be used as an identifier because it's a keyword. Try renaming this to be an identifier that isn't a keyword • lib/main.dart:349:6 • expected_identifier_but_got_keyword
  error • The name 'class' is already defined. Try renaming one of the declarations • lib/main.dart:349:6 • duplicate_definition
  error • The operator '>' isn't defined for the type 'String'. Try defining the operator '>' • lib/main.dart:349:18 • undefined_operator
  error • A comparison expression can't be an operand of another comparison expression. Try putting parentheses around one of the comparisons • lib/main.dart:351:1 • equality_cannot_be_equality_operand
  error • Expected to find ';' • lib/main.dart:351:2 • expected_token
  error • The name 'id' is already defined. Try renaming one of the declarations • lib/main.dart:351:4 • duplicate_definition
  error • Variables must be declared using the keywords 'const', 'final', 'var' or a type name. Try adding the name of the type of the variable or the keyword 'var' • lib/main.dart:351:4 • missing_const_final_var_or_type
  error • The operator '>' isn't defined for the type 'String'. Try defining the operator '>' • lib/main.dart:351:24 • undefined_operator
  error • A comparison expression can't be an operand of another comparison expression. Try putting parentheses around one of the comparisons • lib/main.dart:353:1 • equality_cannot_be_equality_operand
  error • Expected an identifier • lib/main.dart:353:2 • missing_identifier
  error • A comparison expression can't be an operand of another comparison expression. Try putting parentheses around one of the comparisons • lib/main.dart:353:4 • equality_cannot_be_equality_operand
  error • Expected a type name • lib/main.dart:354:2 • expected_type_name
  error • A comparison expression can't be an operand of another comparison expression. Try putting parentheses around one of the comparisons • lib/main.dart:356:1 • equality_cannot_be_equality_operand
  error • Expected to find '[' • lib/main.dart:356:1 • expected_token
  error • Expected an identifier • lib/main.dart:356:2 • missing_identifier
  error • A comparison expression can't be an operand of another comparison expression. Try putting parentheses around one of the comparisons • lib/main.dart:356:6 • equality_cannot_be_equality_operand
  error • The name 'h2' isn't a type, so it can't be used as a type argument. Try correcting the name to an existing type, or defining a type named 'h2' • lib/main.dart:358:2 • non_type_as_type_argument
  error • Expected to find ';' • lib/main.dart:358:4 • expected_token
  error • Expected to find '[' • lib/main.dart:358:5 • expected_token
  error • Undefined class 'Recent'. Try changing the name to the name of an existing class, or creating a class with the name 'Recent' • lib/main.dart:358:5 • undefined_class
   info • The variable name 'Transactions' isn't a lowerCamelCase identifier. Try changing the name to follow the lowerCamelCase style • lib/main.dart:358:12 • non_constant_identifier_names
  error • Functions must have an explicit list of parameters. Try adding a parameter list • lib/main.dart:358:12 • missing_function_parameters
  error • Expected an identifier • lib/main.dart:358:25 • missing_identifier
  error • Expected to find ',' • lib/main.dart:358:26 • expected_token
  error • A function body must be provided. Try adding a function body • lib/main.dart:360:1 • missing_function_body
  error • Expected a method, getter, setter or operator declaration. This appears to be incomplete code. Try removing it or completing it • lib/main.dart:360:1 • expected_executable
  error • div isn't a type. Try correcting the name to match an existing type • lib/main.dart:360:2 • not_a_type
  error • The name 'id' is already defined. Try renaming one of the declarations • lib/main.dart:360:6 • duplicate_definition
  error • The operator '>' isn't defined for the type 'String'. Try defining the operator '>' • lib/main.dart:360:29 • undefined_operator
  error • Expected a type name • lib/main.dart:360:31 • expected_type_name
  error • A comparison expression can't be an operand of another comparison expression. Try putting parentheses around one of the comparisons • lib/main.dart:362:1 • equality_cannot_be_equality_operand
  error • Expected to find '[' • lib/main.dart:362:1 • expected_token
  error • Expected an identifier • lib/main.dart:362:2 • missing_identifier
  error • A comparison expression can't be an operand of another comparison expression. Try putting parentheses around one of the comparisons • lib/main.dart:362:10 • equality_cannot_be_equality_operand
  error • Expected to find ';' • lib/main.dart:363:4 • expected_token
  error • Expected to find '>' • lib/main.dart:363:4 • expected_token
  error • The name 'section' isn't a type, so it can't be used as a type argument. Try correcting the name to an existing type, or defining a type named 'section' • lib/main.dart:363:4 • non_type_as_type_argument
  error • Expected to find '[' • lib/main.dart:363:12 • expected_token
  error • The name 'id' is already defined. Try renaming one of the declarations • lib/main.dart:363:12 • duplicate_definition
  error • Variables must be declared using the keywords 'const', 'final', 'var' or a type name. Try adding the name of the type of the variable or the keyword 'var' • lib/main.dart:363:12 • missing_const_final_var_or_type
  error • Expected to find ';' • lib/main.dart:363:15 • expected_token
  error • Expected an identifier • lib/main.dart:363:38 • missing_identifier
  error • Expected to find ';' • lib/main.dart:363:38 • expected_token
  error • Expected a method, getter, setter or operator declaration. This appears to be incomplete code. Try removing it or completing it • lib/main.dart:363:39 • expected_executable
  error • Expected a type name • lib/main.dart:363:39 • expected_type_name
  error • Expected to find 'with' • lib/main.dart:363:39 • expected_token
  error • Expected a method, getter, setter or operator declaration. This appears to be incomplete code. Try removing it or completing it • lib/main.dart:363:45 • expected_executable
  error • Expected a method, getter, setter or operator declaration. This appears to be incomplete code. Try removing it or completing it • lib/main.dart:365:1 • expected_executable
   info • An uninitialized variable should have an explicit type annotation. Try adding a type annotation • lib/main.dart:365:2 • prefer_typing_uninitialized_variables
   info • Missing type annotation. Try adding a type annotation • lib/main.dart:365:2 • strict_top_level_inference
  error • Expected to find ';' • lib/main.dart:365:2 • expected_token
  error • The name 'h2' is already defined. Try renaming one of the declarations • lib/main.dart:365:2 • duplicate_definition
  error • Variables must be declared using the keywords 'const', 'final', 'var' or a type name. Try adding the name of the type of the variable or the keyword 'var' • lib/main.dart:365:2 • missing_const_final_var_or_type
  error • Expected a method, getter, setter or operator declaration. This appears to be incomplete code. Try removing it or completing it • lib/main.dart:365:4 • expected_executable
  error • Undefined class 'Add'. Try changing the name to the name of an existing class, or creating a class with the name 'Add' • lib/main.dart:365:5 • undefined_class
   info • The variable name 'Transaction' isn't a lowerCamelCase identifier. Try changing the name to follow the lowerCamelCase style • lib/main.dart:365:9 • non_constant_identifier_names
  error • Functions must have an explicit list of parameters. Try adding a parameter list • lib/main.dart:365:9 • missing_function_parameters
  error • Expected an identifier • lib/main.dart:365:21 • missing_identifier
  error • Expected to find ',' • lib/main.dart:365:22 • expected_token
  error • A function body must be provided. Try adding a function body • lib/main.dart:367:1 • missing_function_body
  error • Expected a method, getter, setter or operator declaration. This appears to be incomplete code. Try removing it or completing it • lib/main.dart:367:1 • expected_executable
  error • div isn't a type. Try correcting the name to match an existing type • lib/main.dart:367:2 • not_a_type
  error • 'class' can't be used as an identifier because it's a keyword. Try renaming this to be an identifier that isn't a keyword • lib/main.dart:367:6 • expected_identifier_but_got_keyword
  error • The name 'class' is already defined. Try renaming one of the declarations • lib/main.dart:367:6 • duplicate_definition
  error • The operator '>' isn't defined for the type 'String'. Try defining the operator '>' • lib/main.dart:367:17 • undefined_operator
  error • The name 'label' isn't a type, so it can't be used as a type argument. Try correcting the name to an existing type, or defining a type named 'label' • lib/main.dart:369:2 • non_type_as_type_argument
  error • Expected to find ';' • lib/main.dart:369:7 • expected_token
   info • Missing type annotation. Try adding a type annotation • lib/main.dart:369:8 • strict_top_level_inference
   info • The variable name 'Date' isn't a lowerCamelCase identifier. Try changing the name to follow the lowerCamelCase style • lib/main.dart:369:8 • non_constant_identifier_names
  error • Expected to find '[' • lib/main.dart:369:8 • expected_token
  error • Functions must have an explicit list of parameters. Try adding a parameter list • lib/main.dart:369:8 • missing_function_parameters
  error • Expected an identifier • lib/main.dart:369:13 • missing_identifier
  error • Expected to find ',' • lib/main.dart:369:14 • expected_token
  error • A function body must be provided. Try adding a function body • lib/main.dart:371:1 • missing_function_body
  error • Expected a method, getter, setter or operator declaration. This appears to be incomplete code. Try removing it or completing it • lib/main.dart:371:1 • expected_executable
  error • input isn't a type. Try correcting the name to match an existing type • lib/main.dart:371:2 • not_a_type
  error • The name 'type' is already defined. Try renaming one of the declarations • lib/main.dart:372:1 • duplicate_definition
  error • Expected to find ';' • lib/main.dart:372:6 • expected_token
  error • The name 'id' is already defined. Try renaming one of the declarations • lib/main.dart:373:1 • duplicate_definition
  error • Variables must be declared using the keywords 'const', 'final', 'var' or a type name. Try adding the name of the type of the variable or the keyword 'var' • lib/main.dart:373:1 • missing_const_final_var_or_type
  error • The operator '>' isn't defined for the type 'String'. Try defining the operator '>' • lib/main.dart:374:1 • undefined_operator
  error • The name 'label' isn't a type, so it can't be used as a type argument. Try correcting the name to an existing type, or defining a type named 'label' • lib/main.dart:376:2 • non_type_as_type_argument
  error • Expected to find ';' • lib/main.dart:376:7 • expected_token
   info • Missing type annotation. Try adding a type annotation • lib/main.dart:376:8 • strict_top_level_inference
   info • The variable name 'Type' isn't a lowerCamelCase identifier. Try changing the name to follow the lowerCamelCase style • lib/main.dart:376:8 • non_constant_identifier_names
  error • Expected to find '[' • lib/main.dart:376:8 • expected_token
  error • Functions must have an explicit list of parameters. Try adding a parameter list • lib/main.dart:376:8 • missing_function_parameters
  error • Expected an identifier • lib/main.dart:376:13 • missing_identifier
  error • Expected to find ',' • lib/main.dart:376:14 • expected_token
  error • A function body must be provided. Try adding a function body • lib/main.dart:378:1 • missing_function_body
  error • Expected a method, getter, setter or operator declaration. This appears to be incomplete code. Try removing it or completing it • lib/main.dart:378:1 • expected_executable
  error • select isn't a type. Try correcting the name to match an existing type • lib/main.dart:378:2 • not_a_type
  error • The name 'id' is already defined. Try renaming one of the declarations • lib/main.dart:378:9 • duplicate_definition
  error • The operator '>' isn't defined for the type 'String'. Try defining the operator '>' • lib/main.dart:378:29 • undefined_operator
  error • Expected to find ';' • lib/main.dart:380:2 • expected_token
  error • Expected to find '>' • lib/main.dart:380:2 • expected_token
  error • The name 'option' isn't a type, so it can't be used as a type argument. Try correcting the name to an existing type, or defining a type named 'option' • lib/main.dart:380:2 • non_type_as_type_argument
  error • Expected to find '[' • lib/main.dart:380:9 • expected_token
  error • Variables must be declared using the keywords 'const', 'final', 'var' or a type name. Try adding the name of the type of the variable or the keyword 'var' • lib/main.dart:380:9 • missing_const_final_var_or_type
  error • The operator '>' isn't defined for the type 'String'. Try defining the operator '>' • lib/main.dart:380:23 • undefined_operator
  error • A comparison expression can't be an operand of another comparison expression. Try putting parentheses around one of the comparisons • lib/main.dart:382:1 • equality_cannot_be_equality_operand
  error • Expected an identifier • lib/main.dart:382:2 • missing_identifier
  error • Undefined name 'option'. Try correcting the name to one that is defined, or defining the name • lib/main.dart:382:3 • undefined_identifier
  error • A comparison expression can't be an operand of another comparison expression. Try putting parentheses around one of the comparisons • lib/main.dart:382:9 • equality_cannot_be_equality_operand
  error • Expected to find ';' • lib/main.dart:384:2 • expected_token
  error • Expected to find '>' • lib/main.dart:384:2 • expected_token
  error • The name 'option' isn't a type, so it can't be used as a type argument. Try correcting the name to an existing type, or defining a type named 'option' • lib/main.dart:384:2 • non_type_as_type_argument
  error • Expected to find '[' • lib/main.dart:384:9 • expected_token
  error • The name 'value' is already defined. Try renaming one of the declarations • lib/main.dart:384:9 • duplicate_definition
  error • Variables must be declared using the keywords 'const', 'final', 'var' or a type name. Try adding the name of the type of the variable or the keyword 'var' • lib/main.dart:384:9 • missing_const_final_var_or_type
  error • The operator '>' isn't defined for the type 'String'. Try defining the operator '>' • lib/main.dart:384:24 • undefined_operator
  error • Undefined name 'Expense'. Try correcting the name to one that is defined, or defining the name • lib/main.dart:385:1 • undefined_identifier
  error • A comparison expression can't be an operand of another comparison expression. Try putting parentheses around one of the comparisons • lib/main.dart:386:1 • equality_cannot_be_equality_operand
  error • Expected an identifier • lib/main.dart:386:2 • missing_identifier
  error • Undefined name 'option'. Try correcting the name to one that is defined, or defining the name • lib/main.dart:386:3 • undefined_identifier
  error • A comparison expression can't be an operand of another comparison expression. Try putting parentheses around one of the comparisons • lib/main.dart:386:9 • equality_cannot_be_equality_operand
  error • Expected to find ';' • lib/main.dart:388:2 • expected_token
  error • Expected to find '>' • lib/main.dart:388:2 • expected_token
  error • The name 'option' isn't a type, so it can't be used as a type argument. Try correcting the name to an existing type, or defining a type named 'option' • lib/main.dart:388:2 • non_type_as_type_argument
  error • Expected to find '[' • lib/main.dart:388:9 • expected_token
  error • The name 'value' is already defined. Try renaming one of the declarations • lib/main.dart:388:9 • duplicate_definition
  error • Variables must be declared using the keywords 'const', 'final', 'var' or a type name. Try adding the name of the type of the variable or the keyword 'var' • lib/main.dart:388:9 • missing_const_final_var_or_type
  error • The operator '>' isn't defined for the type 'String'. Try defining the operator '>' • lib/main.dart:388:27 • undefined_operator
  error • Undefined name 'Receivable'. Try correcting the name to one that is defined, or defining the name • lib/main.dart:389:1 • undefined_identifier
  error • A comparison expression can't be an operand of another comparison expression. Try putting parentheses around one of the comparisons • lib/main.dart:390:1 • equality_cannot_be_equality_operand
  error • Expected an identifier • lib/main.dart:390:2 • missing_identifier
  error • Undefined name 'option'. Try correcting the name to one that is defined, or defining the name • lib/main.dart:390:3 • undefined_identifier
  error • A comparison expression can't be an operand of another comparison expression. Try putting parentheses around one of the comparisons • lib/main.dart:390:9 • equality_cannot_be_equality_operand
  error • Expected to find ';' • lib/main.dart:392:2 • expected_token
  error • Expected to find '>' • lib/main.dart:392:2 • expected_token
  error • The name 'option' isn't a type, so it can't be used as a type argument. Try correcting the name to an existing type, or defining a type named 'option' • lib/main.dart:392:2 • non_type_as_type_argument
  error • Expected to find '[' • lib/main.dart:392:9 • expected_token
  error • The name 'value' is already defined. Try renaming one of the declarations • lib/main.dart:392:9 • duplicate_definition
  error • Variables must be declared using the keywords 'const', 'final', 'var' or a type name. Try adding the name of the type of the variable or the keyword 'var' • lib/main.dart:392:9 • missing_const_final_var_or_type
  error • The operator '>' isn't defined for the type 'String'. Try defining the operator '>' • lib/main.dart:392:24 • undefined_operator
  error • Undefined name 'Payable'. Try correcting the name to one that is defined, or defining the name • lib/main.dart:393:1 • undefined_identifier
  error • A comparison expression can't be an operand of another comparison expression. Try putting parentheses around one of the comparisons • lib/main.dart:394:1 • equality_cannot_be_equality_operand
  error • Expected an identifier • lib/main.dart:394:2 • missing_identifier
  error • Undefined name 'option'. Try correcting the name to one that is defined, or defining the name • lib/main.dart:394:3 • undefined_identifier
  error • A comparison expression can't be an operand of another comparison expression. Try putting parentheses around one of the comparisons • lib/main.dart:394:9 • equality_cannot_be_equality_operand
  error • Expected to find ';' • lib/main.dart:396:2 • expected_token
  error • Expected to find '>' • lib/main.dart:396:2 • expected_token
  error • The name 'option' isn't a type, so it can't be used as a type argument. Try correcting the name to an existing type, or defining a type named 'option' • lib/main.dart:396:2 • non_type_as_type_argument
  error • Expected to find '[' • lib/main.dart:396:9 • expected_token
  error • The name 'value' is already defined. Try renaming one of the declarations • lib/main.dart:396:9 • duplicate_definition
  error • Variables must be declared using the keywords 'const', 'final', 'var' or a type name. Try adding the name of the type of the variable or the keyword 'var' • lib/main.dart:396:9 • missing_const_final_var_or_type
  error • The operator '>' isn't defined for the type 'String'. Try defining the operator '>' • lib/main.dart:396:33 • undefined_operator
  error • Expected to find ';' • lib/main.dart:397:1 • expected_token
  error • Undefined name 'Payment'. Try correcting the name to one that is defined, or defining the name • lib/main.dart:397:1 • undefined_identifier
   info • Missing type annotation. Try adding a type annotation • lib/main.dart:397:9 • strict_top_level_inference
   info • The variable name 'Received' isn't a lowerCamelCase identifier. Try changing the name to follow the lowerCamelCase style • lib/main.dart:397:9 • non_constant_identifier_names
  error • Functions must have an explicit list of parameters. Try adding a parameter list • lib/main.dart:397:9 • missing_function_parameters
  error • Expected an identifier • lib/main.dart:398:2 • missing_identifier
  error • Expected to find ',' • lib/main.dart:398:3 • expected_token
  error • A function body must be provided. Try adding a function body • lib/main.dart:400:1 • missing_function_body
  error • Expected a method, getter, setter or operator declaration. This appears to be incomplete code. Try removing it or completing it • lib/main.dart:400:1 • expected_executable
  error • Undefined class 'option'. Try changing the name to the name of an existing class, or creating a class with the name 'option' • lib/main.dart:400:2 • undefined_class
  error • The name 'value' is already defined. Try renaming one of the declarations • lib/main.dart:400:9 • duplicate_definition
  error • The operator '>' isn't defined for the type 'String'. Try defining the operator '>' • lib/main.dart:400:29 • undefined_operator
  error • Expected to find ';' • lib/main.dart:401:1 • expected_token
  error • Undefined name 'Payment'. Try correcting the name to one that is defined, or defining the name • lib/main.dart:401:1 • undefined_identifier
   info • Missing type annotation. Try adding a type annotation • lib/main.dart:401:9 • strict_top_level_inference
   info • The variable name 'Made' isn't a lowerCamelCase identifier. Try changing the name to follow the lowerCamelCase style • lib/main.dart:401:9 • non_constant_identifier_names
  error • Functions must have an explicit list of parameters. Try adding a parameter list • lib/main.dart:401:9 • missing_function_parameters
  error • Expected an identifier • lib/main.dart:402:2 • missing_identifier
  error • Expected to find ',' • lib/main.dart:402:3 • expected_token
  error • A function body must be provided. Try adding a function body • lib/main.dart:404:1 • missing_function_body
  error • Expected a method, getter, setter or operator declaration. This appears to be incomplete code. Try removing it or completing it • lib/main.dart:404:1 • expected_executable
  error • Expected a method, getter, setter or operator declaration. This appears to be incomplete code. Try removing it or completing it • lib/main.dart:404:2 • expected_executable
   info • An uninitialized variable should have an explicit type annotation. Try adding a type annotation • lib/main.dart:404:3 • prefer_typing_uninitialized_variables
   info • Missing type annotation. Try adding a type annotation • lib/main.dart:404:3 • strict_top_level_inference
  error • Expected to find ';' • lib/main.dart:404:3 • expected_token
  error • The name 'select' is already defined. Try renaming one of the declarations • lib/main.dart:404:3 • duplicate_definition
  error • Variables must be declared using the keywords 'const', 'final', 'var' or a type name. Try adding the name of the type of the variable or the keyword 'var' • lib/main.dart:404:3 • missing_const_final_var_or_type
  error • Expected a method, getter, setter or operator declaration. This appears to be incomplete code. Try removing it or completing it • lib/main.dart:404:9 • expected_executable
  error • Expected a method, getter, setter or operator declaration. This appears to be incomplete code. Try removing it or completing it • lib/main.dart:406:1 • expected_executable
   info • An uninitialized variable should have an explicit type annotation. Try adding a type annotation • lib/main.dart:406:2 • prefer_typing_uninitialized_variables
   info • Missing type annotation. Try adding a type annotation • lib/main.dart:406:2 • strict_top_level_inference
  error • Expected to find ';' • lib/main.dart:406:2 • expected_token
  error • The name 'label' is already defined. Try renaming one of the declarations • lib/main.dart:406:2 • duplicate_definition
  error • Variables must be declared using the keywords 'const', 'final', 'var' or a type name. Try adding the name of the type of the variable or the keyword 'var' • lib/main.dart:406:2 • missing_const_final_var_or_type
  error • Expected a method, getter, setter or operator declaration. This appears to be incomplete code. Try removing it or completing it • lib/main.dart:406:7 • expected_executable
   info • An uninitialized variable should have an explicit type annotation. Try adding a type annotation • lib/main.dart:406:8 • prefer_typing_uninitialized_variables
   info • Missing type annotation. Try adding a type annotation • lib/main.dart:406:8 • strict_top_level_inference
   info • The variable name 'Party' isn't a lowerCamelCase identifier. Try changing the name to follow the lowerCamelCase style • lib/main.dart:406:8 • non_constant_identifier_names
  error • Expected to find ';' • lib/main.dart:406:8 • expected_token
  error • Variables must be declared using the keywords 'const', 'final', 'var' or a type name. Try adding the name of the type of the variable or the keyword 'var' • lib/main.dart:406:8 • missing_const_final_var_or_type
  error • Expected a method, getter, setter or operator declaration. This appears to be incomplete code. Try removing it or completing it • lib/main.dart:406:14 • expected_executable
   info • Missing type annotation. Try adding a type annotation • lib/main.dart:406:16 • strict_top_level_inference
   info • The variable name 'Person' isn't a lowerCamelCase identifier. Try changing the name to follow the lowerCamelCase style • lib/main.dart:406:16 • non_constant_identifier_names
  error • Functions must have an explicit list of parameters. Try adding a parameter list • lib/main.dart:406:16 • missing_function_parameters
  error • Expected an identifier • lib/main.dart:406:23 • missing_identifier
  error • Expected to find ',' • lib/main.dart:406:24 • expected_token
  error • A function body must be provided. Try adding a function body • lib/main.dart:408:1 • missing_function_body
  error • Expected a method, getter, setter or operator declaration. This appears to be incomplete code. Try removing it or completing it • lib/main.dart:408:1 • expected_executable
  error • input isn't a type. Try correcting the name to match an existing type • lib/main.dart:408:2 • not_a_type
  error • The name 'id' is already defined. Try renaming one of the declarations • lib/main.dart:409:1 • duplicate_definition
  error • Expected to find ';' • lib/main.dart:409:4 • expected_token
  error • The name 'placeholder' is already defined. Try renaming one of the declarations • lib/main.dart:410:1 • duplicate_definition
  error • Variables must be declared using the keywords 'const', 'final', 'var' or a type name. Try adding the name of the type of the variable or the keyword 'var' • lib/main.dart:410:1 • missing_const_final_var_or_type
  error • The operator '>' isn't defined for the type 'String'. Try defining the operator '>' • lib/main.dart:411:1 • undefined_operator
  error • The name 'label' isn't a type, so it can't be used as a type argument. Try correcting the name to an existing type, or defining a type named 'label' • lib/main.dart:413:2 • non_type_as_type_argument
  error • Expected to find ';' • lib/main.dart:413:7 • expected_token
   info • Missing type annotation. Try adding a type annotation • lib/main.dart:413:8 • strict_top_level_inference
   info • The variable name 'Description' isn't a lowerCamelCase identifier. Try changing the name to follow the lowerCamelCase style • lib/main.dart:413:8 • non_constant_identifier_names
  error • Expected to find '[' • lib/main.dart:413:8 • expected_token
  error • Functions must have an explicit list of parameters. Try adding a parameter list • lib/main.dart:413:8 • missing_function_parameters
  error • Expected an identifier • lib/main.dart:413:20 • missing_identifier
  error • Expected to find ',' • lib/main.dart:413:21 • expected_token
  error • A function body must be provided. Try adding a function body • lib/main.dart:415:1 • missing_function_body
  error • Expected a method, getter, setter or operator declaration. This appears to be incomplete code. Try removing it or completing it • lib/main.dart:415:1 • expected_executable
  error • textarea isn't a type. Try correcting the name to match an existing type • lib/main.dart:415:2 • not_a_type
  error • The name 'id' is already defined. Try renaming one of the declarations • lib/main.dart:416:1 • duplicate_definition
  error • Expected to find ';' • lib/main.dart:416:4 • expected_token
  error • The name 'placeholder' is already defined. Try renaming one of the declarations • lib/main.dart:417:1 • duplicate_definition
  error • Variables must be declared using the keywords 'const', 'final', 'var' or a type name. Try adding the name of the type of the variable or the keyword 'var' • lib/main.dart:417:1 • missing_const_final_var_or_type
  error • The operator '>' isn't defined for the type 'String'. Try defining the operator '>' • lib/main.dart:418:1 • undefined_operator
  error • Expected a type name • lib/main.dart:418:3 • expected_type_name
  error • A comparison expression can't be an operand of another comparison expression. Try putting parentheses around one of the comparisons • lib/main.dart:420:1 • equality_cannot_be_equality_operand
  error • Expected to find '[' • lib/main.dart:420:1 • expected_token
  error • A comparison expression can't be an operand of another comparison expression. Try putting parentheses around one of the comparisons • lib/main.dart:420:7 • equality_cannot_be_equality_operand
  error • Undefined name 'Amount'. Try correcting the name to one that is defined, or defining the name • lib/main.dart:420:8 • undefined_identifier
  error • A comparison expression can't be an operand of another comparison expression. Try putting parentheses around one of the comparisons • lib/main.dart:420:14 • equality_cannot_be_equality_operand
  error • Expected an identifier • lib/main.dart:420:15 • missing_identifier
  error • A comparison expression can't be an operand of another comparison expression. Try putting parentheses around one of the comparisons • lib/main.dart:420:21 • equality_cannot_be_equality_operand
  error • Expected to find ';' • lib/main.dart:422:2 • expected_token
  error • Expected to find '>' • lib/main.dart:422:2 • expected_token
  error • The name 'input' isn't a type, so it can't be used as a type argument. Try correcting the name to an existing type, or defining a type named 'input' • lib/main.dart:422:2 • non_type_as_type_argument
  error • Expected to find '[' • lib/main.dart:423:1 • expected_token
  error • The name 'id' is already defined. Try renaming one of the declarations • lib/main.dart:423:1 • duplicate_definition
  error • Variables must be declared using the keywords 'const', 'final', 'var' or a type name. Try adding the name of the type of the variable or the keyword 'var' • lib/main.dart:423:1 • missing_const_final_var_or_type
  error • Expected to find ';' • lib/main.dart:423:4 • expected_token
  error • The name 'type' is already defined. Try renaming one of the declarations • lib/main.dart:424:1 • duplicate_definition
  error • Variables must be declared using the keywords 'const', 'final', 'var' or a type name. Try adding the name of the type of the variable or the keyword 'var' • lib/main.dart:424:1 • missing_const_final_var_or_type
  error • Expected to find ';' • lib/main.dart:424:6 • expected_token
  error • Variables must be declared using the keywords 'const', 'final', 'var' or a type name. Try adding the name of the type of the variable or the keyword 'var' • lib/main.dart:425:1 • missing_const_final_var_or_type
  error • Expected to find ';' • lib/main.dart:425:6 • expected_token
  error • Variables must be declared using the keywords 'const', 'final', 'var' or a type name. Try adding the name of the type of the variable or the keyword 'var' • lib/main.dart:426:1 • missing_const_final_var_or_type
  error • Expected to find ';' • lib/main.dart:426:5 • expected_token
  error • The name 'placeholder' is already defined. Try renaming one of the declarations • lib/main.dart:427:1 • duplicate_definition
  error • Variables must be declared using the keywords 'const', 'final', 'var' or a type name. Try adding the name of the type of the variable or the keyword 'var' • lib/main.dart:427:1 • missing_const_final_var_or_type
  error • The operator '>' isn't defined for the type 'String'. Try defining the operator '>' • lib/main.dart:428:1 • undefined_operator
  error • Expected to find ';' • lib/main.dart:430:2 • expected_token
  error • Expected to find '>' • lib/main.dart:430:2 • expected_token
  error • The name 'button' isn't a type, so it can't be used as a type argument. Try correcting the name to an existing type, or defining a type named 'button' • lib/main.dart:430:2 • non_type_as_type_argument
  error • Expected to find '[' • lib/main.dart:431:1 • expected_token
  error • Expected an identifier • lib/main.dart:431:6 • missing_identifier
  error • Expected to find ';' • lib/main.dart:431:6 • expected_token
  error • Expected a method, getter, setter or operator declaration. This appears to be incomplete code. Try removing it or completing it • lib/main.dart:431:7 • expected_executable
  error • Expected a type name • lib/main.dart:431:7 • expected_type_name
  error • Expected to find 'with' • lib/main.dart:431:7 • expected_token
  error • The name 'id' is already defined. Try renaming one of the declarations • lib/main.dart:432:1 • duplicate_definition
  error • Variables must be declared using the keywords 'const', 'final', 'var' or a type name. Try adding the name of the type of the variable or the keyword 'var' • lib/main.dart:432:1 • missing_const_final_var_or_type
  error • The operator '>' isn't defined for the type 'String'. Try defining the operator '>' • lib/main.dart:433:1 • undefined_operator
  error • Expected to find ';' • lib/main.dart:434:1 • expected_token
  error • Undefined name 'Save'. Try correcting the name to one that is defined, or defining the name • lib/main.dart:434:1 • undefined_identifier
   info • Missing type annotation. Try adding a type annotation • lib/main.dart:434:6 • strict_top_level_inference
   info • The variable name 'Transaction' isn't a lowerCamelCase identifier. Try changing the name to follow the lowerCamelCase style • lib/main.dart:434:6 • non_constant_identifier_names
  error • Functions must have an explicit list of parameters. Try adding a parameter list • lib/main.dart:434:6 • missing_function_parameters
  error • The name 'Transaction' is already defined. Try renaming one of the declarations • lib/main.dart:434:6 • duplicate_definition
  error • Expected an identifier • lib/main.dart:435:2 • missing_identifier
  error • Expected to find ',' • lib/main.dart:435:3 • expected_token
  error • A function body must be provided. Try adding a function body • lib/main.dart:437:1 • missing_function_body
  error • Expected a method, getter, setter or operator declaration. This appears to be incomplete code. Try removing it or completing it • lib/main.dart:437:1 • expected_executable
  error • Undefined class 'p'. Try changing the name to the name of an existing class, or creating a class with the name 'p' • lib/main.dart:437:2 • undefined_class
  error • The name 'id' is already defined. Try renaming one of the declarations • lib/main.dart:437:4 • duplicate_definition
  error • The operator '>' isn't defined for the type 'String'. Try defining the operator '>' • lib/main.dart:437:27 • undefined_operator
  error • Expected a type name • lib/main.dart:437:29 • expected_type_name
  error • A comparison expression can't be an operand of another comparison expression. Try putting parentheses around one of the comparisons • lib/main.dart:439:1 • equality_cannot_be_equality_operand
  error • Expected to find '[' • lib/main.dart:439:1 • expected_token
  error • Expected an identifier • lib/main.dart:439:2 • missing_identifier
  error • A comparison expression can't be an operand of another comparison expression. Try putting parentheses around one of the comparisons • lib/main.dart:439:6 • equality_cannot_be_equality_operand
  error • Expected a type name • lib/main.dart:441:2 • expected_type_name
  error • A comparison expression can't be an operand of another comparison expression. Try putting parentheses around one of the comparisons • lib/main.dart:444:1 • equality_cannot_be_equality_operand
  error • Expected to find '[' • lib/main.dart:444:1 • expected_token
  error • Expected to find ';' • lib/main.dart:444:2 • expected_token
  error • The name 'id' is already defined. Try renaming one of the declarations • lib/main.dart:444:10 • duplicate_definition
  error • Variables must be declared using the keywords 'const', 'final', 'var' or a type name. Try adding the name of the type of the variable or the keyword 'var' • lib/main.dart:444:10 • missing_const_final_var_or_type
  error • Expected to find ';' • lib/main.dart:444:13 • expected_token
  error • Expected an identifier • lib/main.dart:444:30 • missing_identifier
  error • Expected to find ';' • lib/main.dart:444:30 • expected_token
  error • Expected a method, getter, setter or operator declaration. This appears to be incomplete code. Try removing it or completing it • lib/main.dart:444:31 • expected_executable
  error • Expected a type name • lib/main.dart:444:31 • expected_type_name
  error • Expected to find 'with' • lib/main.dart:444:31 • expected_token
  error • Expected a method, getter, setter or operator declaration. This appears to be incomplete code. Try removing it or completing it • lib/main.dart:444:37 • expected_executable
  error • Expected a method, getter, setter or operator declaration. This appears to be incomplete code. Try removing it or completing it • lib/main.dart:446:1 • expected_executable
   info • An uninitialized variable should have an explicit type annotation. Try adding a type annotation • lib/main.dart:446:2 • prefer_typing_uninitialized_variables
   info • Missing type annotation. Try adding a type annotation • lib/main.dart:446:2 • strict_top_level_inference
  error • Expected to find ';' • lib/main.dart:446:2 • expected_token
  error • The name 'h2' is already defined. Try renaming one of the declarations • lib/main.dart:446:2 • duplicate_definition
  error • Variables must be declared using the keywords 'const', 'final', 'var' or a type name. Try adding the name of the type of the variable or the keyword 'var' • lib/main.dart:446:2 • missing_const_final_var_or_type
  error • Expected a method, getter, setter or operator declaration. This appears to be incomplete code. Try removing it or completing it • lib/main.dart:446:4 • expected_executable
   info • Missing type annotation. Try adding a type annotation • lib/main.dart:446:5 • strict_top_level_inference
   info • The variable name 'Parties' isn't a lowerCamelCase identifier. Try changing the name to follow the lowerCamelCase style • lib/main.dart:446:5 • non_constant_identifier_names
  error • Functions must have an explicit list of parameters. Try adding a parameter list • lib/main.dart:446:5 • missing_function_parameters
  error • Expected an identifier • lib/main.dart:446:13 • missing_identifier
  error • Expected to find ',' • lib/main.dart:446:14 • expected_token
  error • A function body must be provided. Try adding a function body • lib/main.dart:448:1 • missing_function_body
  error • Expected a method, getter, setter or operator declaration. This appears to be incomplete code. Try removing it or completing it • lib/main.dart:448:1 • expected_executable
  error • div isn't a type. Try correcting the name to match an existing type • lib/main.dart:448:2 • not_a_type
  error • 'class' can't be used as an identifier because it's a keyword. Try renaming this to be an identifier that isn't a keyword • lib/main.dart:448:6 • expected_identifier_but_got_keyword
  error • The name 'class' is already defined. Try renaming one of the declarations • lib/main.dart:448:6 • duplicate_definition
  error • The operator '>' isn't defined for the type 'String'. Try defining the operator '>' • lib/main.dart:448:17 • undefined_operator
  error • The name 'label' isn't a type, so it can't be used as a type argument. Try correcting the name to an existing type, or defining a type named 'label' • lib/main.dart:450:2 • non_type_as_type_argument
  error • Expected to find ';' • lib/main.dart:450:7 • expected_token
  error • Expected to find '[' • lib/main.dart:450:8 • expected_token
  error • Party isn't a type. Try correcting the name to match an existing type • lib/main.dart:450:8 • not_a_type
   info • The variable name 'Name' isn't a lowerCamelCase identifier. Try changing the name to follow the lowerCamelCase style • lib/main.dart:450:14 • non_constant_identifier_names
  error • Functions must have an explicit list of parameters. Try adding a parameter list • lib/main.dart:450:14 • missing_function_parameters
  error • Expected an identifier • lib/main.dart:450:19 • missing_identifier
  error • Expected to find ',' • lib/main.dart:450:20 • expected_token
  error • A function body must be provided. Try adding a function body • lib/main.dart:452:1 • missing_function_body
  error • Expected a method, getter, setter or operator declaration. This appears to be incomplete code. Try removing it or completing it • lib/main.dart:452:1 • expected_executable
  error • input isn't a type. Try correcting the name to match an existing type • lib/main.dart:452:2 • not_a_type
  error • The name 'id' is already defined. Try renaming one of the declarations • lib/main.dart:453:1 • duplicate_definition
  error • Expected to find ';' • lib/main.dart:453:4 • expected_token
  error • The name 'placeholder' is already defined. Try renaming one of the declarations • lib/main.dart:454:1 • duplicate_definition
  error • Variables must be declared using the keywords 'const', 'final', 'var' or a type name. Try adding the name of the type of the variable or the keyword 'var' • lib/main.dart:454:1 • missing_const_final_var_or_type
  error • The operator '>' isn't defined for the type 'String'. Try defining the operator '>' • lib/main.dart:455:1 • undefined_operator
  error • The name 'label' isn't a type, so it can't be used as a type argument. Try correcting the name to an existing type, or defining a type named 'label' • lib/main.dart:457:2 • non_type_as_type_argument
  error • Expected to find ';' • lib/main.dart:457:7 • expected_token
  error • Expected to find '[' • lib/main.dart:457:8 • expected_token
  error • Undefined class 'Opening'. Try changing the name to the name of an existing class, or creating a class with the name 'Opening' • lib/main.dart:457:8 • undefined_class
   info • The variable name 'Balance' isn't a lowerCamelCase identifier. Try changing the name to follow the lowerCamelCase style • lib/main.dart:457:16 • non_constant_identifier_names
  error • Functions must have an explicit list of parameters. Try adding a parameter list • lib/main.dart:457:16 • missing_function_parameters
  error • Expected an identifier • lib/main.dart:457:24 • missing_identifier
  error • Expected to find ',' • lib/main.dart:457:25 • expected_token
  error • A function body must be provided. Try adding a function body • lib/main.dart:459:1 • missing_function_body
  error • Expected a method, getter, setter or operator declaration. This appears to be incomplete code. Try removing it or completing it • lib/main.dart:459:1 • expected_executable
  error • input isn't a type. Try correcting the name to match an existing type • lib/main.dart:459:2 • not_a_type
  error • The name 'id' is already defined. Try renaming one of the declarations • lib/main.dart:460:1 • duplicate_definition
  error • Expected to find ';' • lib/main.dart:460:4 • expected_token
  error • The name 'type' is already defined. Try renaming one of the declarations • lib/main.dart:461:1 • duplicate_definition
  error • Variables must be declared using the keywords 'const', 'final', 'var' or a type name. Try adding the name of the type of the variable or the keyword 'var' • lib/main.dart:461:1 • missing_const_final_var_or_type
  error • Expected to find ';' • lib/main.dart:461:6 • expected_token
  error • The name 'step' is already defined. Try renaming one of the declarations • lib/main.dart:462:1 • duplicate_definition
  error • Variables must be declared using the keywords 'const', 'final', 'var' or a type name. Try adding the name of the type of the variable or the keyword 'var' • lib/main.dart:462:1 • missing_const_final_var_or_type
  error • Expected to find ';' • lib/main.dart:462:6 • expected_token
  error • The name 'placeholder' is already defined. Try renaming one of the declarations • lib/main.dart:463:1 • duplicate_definition
  error • Variables must be declared using the keywords 'const', 'final', 'var' or a type name. Try adding the name of the type of the variable or the keyword 'var' • lib/main.dart:463:1 • missing_const_final_var_or_type
  error • The operator '>' isn't defined for the type 'String'. Try defining the operator '>' • lib/main.dart:464:1 • undefined_operator
  error • The name 'label' isn't a type, so it can't be used as a type argument. Try correcting the name to an existing type, or defining a type named 'label' • lib/main.dart:466:2 • non_type_as_type_argument
  error • Expected to find ';' • lib/main.dart:466:7 • expected_token
  error • Expected to find '[' • lib/main.dart:466:8 • expected_token
  error • Undefined class 'Opening'. Try changing the name to the name of an existing class, or creating a class with the name 'Opening' • lib/main.dart:466:8 • undefined_class
   info • The variable name 'Type' isn't a lowerCamelCase identifier. Try changing the name to follow the lowerCamelCase style • lib/main.dart:466:16 • non_constant_identifier_names
  error • Functions must have an explicit list of parameters. Try adding a parameter list • lib/main.dart:466:16 • missing_function_parameters
  error • The name 'Type' is already defined. Try renaming one of the declarations • lib/main.dart:466:16 • duplicate_definition
  error • Expected an identifier • lib/main.dart:466:21 • missing_identifier
  error • Expected to find ',' • lib/main.dart:466:22 • expected_token
  error • A function body must be provided. Try adding a function body • lib/main.dart:468:1 • missing_function_body
  error • Expected a method, getter, setter or operator declaration. This appears to be incomplete code. Try removing it or completing it • lib/main.dart:468:1 • expected_executable
  error • select isn't a type. Try correcting the name to match an existing type • lib/main.dart:468:2 • not_a_type
  error • The name 'id' is already defined. Try renaming one of the declarations • lib/main.dart:468:9 • duplicate_definition
  error • The operator '>' isn't defined for the type 'String'. Try defining the operator '>' • lib/main.dart:468:30 • undefined_operator
  error • Expected to find ';' • lib/main.dart:470:2 • expected_token
  error • Expected to find '>' • lib/main.dart:470:2 • expected_token
  error • The name 'option' isn't a type, so it can't be used as a type argument. Try correcting the name to an existing type, or defining a type named 'option' • lib/main.dart:470:2 • non_type_as_type_argument
  error • Expected to find '[' • lib/main.dart:470:9 • expected_token
  error • The name 'value' is already defined. Try renaming one of the declarations • lib/main.dart:470:9 • duplicate_definition
  error • Variables must be declared using the keywords 'const', 'final', 'var' or a type name. Try adding the name of the type of the variable or the keyword 'var' • lib/main.dart:470:9 • missing_const_final_var_or_type
  error • The operator '>' isn't defined for the type 'String'. Try defining the operator '>' • lib/main.dart:470:21 • undefined_operator
  error • Undefined name 'None'. Try correcting the name to one that is defined, or defining the name • lib/main.dart:471:1 • undefined_identifier
  error • A comparison expression can't be an operand of another comparison expression. Try putting parentheses around one of the comparisons • lib/main.dart:472:1 • equality_cannot_be_equality_operand
  error • Expected an identifier • lib/main.dart:472:2 • missing_identifier
  error • Undefined name 'option'. Try correcting the name to one that is defined, or defining the name • lib/main.dart:472:3 • undefined_identifier
  error • A comparison expression can't be an operand of another comparison expression. Try putting parentheses around one of the comparisons • lib/main.dart:472:9 • equality_cannot_be_equality_operand
  error • Expected to find ';' • lib/main.dart:474:2 • expected_token
  error • Expected to find '>' • lib/main.dart:474:2 • expected_token
  error • The name 'option' isn't a type, so it can't be used as a type argument. Try correcting the name to an existing type, or defining a type named 'option' • lib/main.dart:474:2 • non_type_as_type_argument
  error • Expected to find '[' • lib/main.dart:474:9 • expected_token
  error • The name 'value' is already defined. Try renaming one of the declarations • lib/main.dart:474:9 • duplicate_definition
  error • Variables must be declared using the keywords 'const', 'final', 'var' or a type name. Try adding the name of the type of the variable or the keyword 'var' • lib/main.dart:474:9 • missing_const_final_var_or_type
  error • The operator '>' isn't defined for the type 'String'. Try defining the operator '>' • lib/main.dart:474:27 • undefined_operator
  error • Undefined name 'Receivable'. Try correcting the name to one that is defined, or defining the name • lib/main.dart:475:1 • undefined_identifier
  error • A comparison expression can't be an operand of another comparison expression. Try putting parentheses around one of the comparisons • lib/main.dart:476:1 • equality_cannot_be_equality_operand
  error • Expected an identifier • lib/main.dart:476:2 • missing_identifier
  error • Undefined name 'option'. Try correcting the name to one that is defined, or defining the name • lib/main.dart:476:3 • undefined_identifier
  error • A comparison expression can't be an operand of another comparison expression. Try putting parentheses around one of the comparisons • lib/main.dart:476:9 • equality_cannot_be_equality_operand
  error • Expected to find ';' • lib/main.dart:478:2 • expected_token
  error • Expected to find '>' • lib/main.dart:478:2 • expected_token
  error • The name 'option' isn't a type, so it can't be used as a type argument. Try correcting the name to an existing type, or defining a type named 'option' • lib/main.dart:478:2 • non_type_as_type_argument
  error • Expected to find '[' • lib/main.dart:478:9 • expected_token
  error • The name 'value' is already defined. Try renaming one of the declarations • lib/main.dart:478:9 • duplicate_definition
  error • Variables must be declared using the keywords 'const', 'final', 'var' or a type name. Try adding the name of the type of the variable or the keyword 'var' • lib/main.dart:478:9 • missing_const_final_var_or_type
  error • The operator '>' isn't defined for the type 'String'. Try defining the operator '>' • lib/main.dart:478:24 • undefined_operator
  error • Undefined name 'Payable'. Try correcting the name to one that is defined, or defining the name • lib/main.dart:479:1 • undefined_identifier
  error • A comparison expression can't be an operand of another comparison expression. Try putting parentheses around one of the comparisons • lib/main.dart:480:1 • equality_cannot_be_equality_operand
  error • Expected an identifier • lib/main.dart:480:2 • missing_identifier
  error • Undefined name 'option'. Try correcting the name to one that is defined, or defining the name • lib/main.dart:480:3 • undefined_identifier
  error • A comparison expression can't be an operand of another comparison expression. Try putting parentheses around one of the comparisons • lib/main.dart:480:9 • equality_cannot_be_equality_operand
  error • Expected a type name • lib/main.dart:482:2 • expected_type_name
  error • A comparison expression can't be an operand of another comparison expression. Try putting parentheses around one of the comparisons • lib/main.dart:484:1 • equality_cannot_be_equality_operand
  error • Expected to find '[' • lib/main.dart:484:1 • expected_token
  error • Expected to find ';' • lib/main.dart:484:2 • expected_token
  error • Expected an identifier • lib/main.dart:485:6 • missing_identifier
  error • Expected to find ';' • lib/main.dart:485:6 • expected_token
  error • Expected a method, getter, setter or operator declaration. This appears to be incomplete code. Try removing it or completing it • lib/main.dart:485:7 • expected_executable
  error • Expected a type name • lib/main.dart:485:7 • expected_type_name
  error • Expected to find 'with' • lib/main.dart:485:7 • expected_token
  error • The name 'id' is already defined. Try renaming one of the declarations • lib/main.dart:486:1 • duplicate_definition
  error • Variables must be declared using the keywords 'const', 'final', 'var' or a type name. Try adding the name of the type of the variable or the keyword 'var' • lib/main.dart:486:1 • missing_const_final_var_or_type
  error • The operator '>' isn't defined for the type 'String'. Try defining the operator '>' • lib/main.dart:487:1 • undefined_operator
  error • Expected to find ';' • lib/main.dart:488:1 • expected_token
  error • Undefined name 'Add'. Try correcting the name to one that is defined, or defining the name • lib/main.dart:488:1 • undefined_identifier
   info • Missing type annotation. Try adding a type annotation • lib/main.dart:488:5 • strict_top_level_inference
   info • The variable name 'Party' isn't a lowerCamelCase identifier. Try changing the name to follow the lowerCamelCase style • lib/main.dart:488:5 • non_constant_identifier_names
  error • Functions must have an explicit list of parameters. Try adding a parameter list • lib/main.dart:488:5 • missing_function_parameters
  error • The name 'Party' is already defined. Try renaming one of the declarations • lib/main.dart:488:5 • duplicate_definition
  error • Expected an identifier • lib/main.dart:489:2 • missing_identifier
  error • Expected to find ',' • lib/main.dart:489:3 • expected_token
  error • A function body must be provided. Try adding a function body • lib/main.dart:491:1 • missing_function_body
  error • Expected a method, getter, setter or operator declaration. This appears to be incomplete code. Try removing it or completing it • lib/main.dart:491:1 • expected_executable
  error • Expected a method, getter, setter or operator declaration. This appears to be incomplete code. Try removing it or completing it • lib/main.dart:491:2 • expected_executable
   info • An uninitialized variable should have an explicit type annotation. Try adding a type annotation • lib/main.dart:491:3 • prefer_typing_uninitialized_variables
   info • Missing type annotation. Try adding a type annotation • lib/main.dart:491:3 • strict_top_level_inference
  error • Expected to find ';' • lib/main.dart:491:3 • expected_token
  error • The name 'div' is already defined. Try renaming one of the declarations • lib/main.dart:491:3 • duplicate_definition
  error • Variables must be declared using the keywords 'const', 'final', 'var' or a type name. Try adding the name of the type of the variable or the keyword 'var' • lib/main.dart:491:3 • missing_const_final_var_or_type
  error • Expected a method, getter, setter or operator declaration. This appears to be incomplete code. Try removing it or completing it • lib/main.dart:491:6 • expected_executable
  error • Expected a method, getter, setter or operator declaration. This appears to be incomplete code. Try removing it or completing it • lib/main.dart:493:1 • expected_executable
  error • div isn't a type. Try correcting the name to match an existing type • lib/main.dart:493:2 • not_a_type
  error • The name 'id' is already defined. Try renaming one of the declarations • lib/main.dart:493:6 • duplicate_definition
  error • The operator '>' isn't defined for the type 'String'. Try defining the operator '>' • lib/main.dart:493:20 • undefined_operator
  error • Expected a type name • lib/main.dart:493:22 • expected_type_name
  error • A comparison expression can't be an operand of another comparison expression. Try putting parentheses around one of the comparisons • lib/main.dart:495:1 • equality_cannot_be_equality_operand
  error • Expected to find '[' • lib/main.dart:495:1 • expected_token
  error • Expected an identifier • lib/main.dart:495:2 • missing_identifier
  error • A comparison expression can't be an operand of another comparison expression. Try putting parentheses around one of the comparisons • lib/main.dart:495:10 • equality_cannot_be_equality_operand
  error • Expected to find ';' • lib/main.dart:498:2 • expected_token
  error • Expected to find '>' • lib/main.dart:498:2 • expected_token
  error • The name 'section' isn't a type, so it can't be used as a type argument. Try correcting the name to an existing type, or defining a type named 'section' • lib/main.dart:498:2 • non_type_as_type_argument
  error • Expected to find '[' • lib/main.dart:498:10 • expected_token
  error • The name 'id' is already defined. Try renaming one of the declarations • lib/main.dart:498:10 • duplicate_definition
  error • Variables must be declared using the keywords 'const', 'final', 'var' or a type name. Try adding the name of the type of the variable or the keyword 'var' • lib/main.dart:498:10 • missing_const_final_var_or_type
  error • Expected to find ';' • lib/main.dart:498:13 • expected_token
  error • Expected an identifier • lib/main.dart:498:35 • missing_identifier
  error • Expected to find ';' • lib/main.dart:498:35 • expected_token
  error • Expected a method, getter, setter or operator declaration. This appears to be incomplete code. Try removing it or completing it • lib/main.dart:498:36 • expected_executable
  error • Expected a type name • lib/main.dart:498:36 • expected_type_name
  error • Expected to find 'with' • lib/main.dart:498:36 • expected_token
  error • Expected a method, getter, setter or operator declaration. This appears to be incomplete code. Try removing it or completing it • lib/main.dart:498:42 • expected_executable
  error • Expected a method, getter, setter or operator declaration. This appears to be incomplete code. Try removing it or completing it • lib/main.dart:500:1 • expected_executable
   info • An uninitialized variable should have an explicit type annotation. Try adding a type annotation • lib/main.dart:500:2 • prefer_typing_uninitialized_variables
   info • Missing type annotation. Try adding a type annotation • lib/main.dart:500:2 • strict_top_level_inference
  error • Expected to find ';' • lib/main.dart:500:2 • expected_token
  error • The name 'h2' is already defined. Try renaming one of the declarations • lib/main.dart:500:2 • duplicate_definition
  error • Variables must be declared using the keywords 'const', 'final', 'var' or a type name. Try adding the name of the type of the variable or the keyword 'var' • lib/main.dart:500:2 • missing_const_final_var_or_type
  error • Expected a method, getter, setter or operator declaration. This appears to be incomplete code. Try removing it or completing it • lib/main.dart:500:4 • expected_executable
   info • Missing type annotation. Try adding a type annotation • lib/main.dart:500:5 • strict_top_level_inference
   info • The variable name 'Production' isn't a lowerCamelCase identifier. Try changing the name to follow the lowerCamelCase style • lib/main.dart:500:5 • non_constant_identifier_names
  error • Functions must have an explicit list of parameters. Try adding a parameter list • lib/main.dart:500:5 • missing_function_parameters
  error • Expected an identifier • lib/main.dart:500:16 • missing_identifier
  error • Expected to find ',' • lib/main.dart:500:17 • expected_token
  error • A function body must be provided. Try adding a function body • lib/main.dart:502:1 • missing_function_body
  error • Expected a method, getter, setter or operator declaration. This appears to be incomplete code. Try removing it or completing it • lib/main.dart:502:1 • expected_executable
  error • div isn't a type. Try correcting the name to match an existing type • lib/main.dart:502:2 • not_a_type
  error • 'class' can't be used as an identifier because it's a keyword. Try renaming this to be an identifier that isn't a keyword • lib/main.dart:502:6 • expected_identifier_but_got_keyword
  error • The name 'class' is already defined. Try renaming one of the declarations • lib/main.dart:502:6 • duplicate_definition
  error • The operator '>' isn't defined for the type 'String'. Try defining the operator '>' • lib/main.dart:502:17 • undefined_operator
  error • The name 'label' isn't a type, so it can't be used as a type argument. Try correcting the name to an existing type, or defining a type named 'label' • lib/main.dart:504:2 • non_type_as_type_argument
  error • Expected to find ';' • lib/main.dart:504:7 • expected_token
   info • Missing type annotation. Try adding a type annotation • lib/main.dart:504:8 • strict_top_level_inference
   info • The variable name 'Date' isn't a lowerCamelCase identifier. Try changing the name to follow the lowerCamelCase style • lib/main.dart:504:8 • non_constant_identifier_names
  error • Expected to find '[' • lib/main.dart:504:8 • expected_token
  error • Functions must have an explicit list of parameters. Try adding a parameter list • lib/main.dart:504:8 • missing_function_parameters
  error • The name 'Date' is already defined. Try renaming one of the declarations • lib/main.dart:504:8 • duplicate_definition
  error • Expected an identifier • lib/main.dart:504:13 • missing_identifier
  error • Expected to find ',' • lib/main.dart:504:14 • expected_token
  error • A function body must be provided. Try adding a function body • lib/main.dart:506:1 • missing_function_body
  error • Expected a method, getter, setter or operator declaration. This appears to be incomplete code. Try removing it or completing it • lib/main.dart:506:1 • expected_executable
  error • input isn't a type. Try correcting the name to match an existing type • lib/main.dart:506:2 • not_a_type
  error • The name 'type' is already defined. Try renaming one of the declarations • lib/main.dart:507:1 • duplicate_definition
  error • Expected to find ';' • lib/main.dart:507:6 • expected_token
  error • The name 'id' is already defined. Try renaming one of the declarations • lib/main.dart:508:1 • duplicate_definition
  error • Variables must be declared using the keywords 'const', 'final', 'var' or a type name. Try adding the name of the type of the variable or the keyword 'var' • lib/main.dart:508:1 • missing_const_final_var_or_type
  error • The operator '>' isn't defined for the type 'String'. Try defining the operator '>' • lib/main.dart:509:1 • undefined_operator
  error • The name 'label' isn't a type, so it can't be used as a type argument. Try correcting the name to an existing type, or defining a type named 'label' • lib/main.dart:511:2 • non_type_as_type_argument
  error • Expected to find ';' • lib/main.dart:511:7 • expected_token
   info • Missing type annotation. Try adding a type annotation • lib/main.dart:511:8 • strict_top_level_inference
   info • The variable name 'Product' isn't a lowerCamelCase identifier. Try changing the name to follow the lowerCamelCase style • lib/main.dart:511:8 • non_constant_identifier_names
  error • Expected to find '[' • lib/main.dart:511:8 • expected_token
  error • Functions must have an explicit list of parameters. Try adding a parameter list • lib/main.dart:511:8 • missing_function_parameters
  error • Expected an identifier • lib/main.dart:511:16 • missing_identifier
  error • Expected to find ',' • lib/main.dart:511:17 • expected_token
  error • A function body must be provided. Try adding a function body • lib/main.dart:513:1 • missing_function_body
  error • Expected a method, getter, setter or operator declaration. This appears to be incomplete code. Try removing it or completing it • lib/main.dart:513:1 • expected_executable
  error • input isn't a type. Try correcting the name to match an existing type • lib/main.dart:513:2 • not_a_type
  error • The name 'id' is already defined. Try renaming one of the declarations • lib/main.dart:514:1 • duplicate_definition
  error • Expected to find ';' • lib/main.dart:514:4 • expected_token
  error • The name 'placeholder' is already defined. Try renaming one of the declarations • lib/main.dart:515:1 • duplicate_definition
  error • Variables must be declared using the keywords 'const', 'final', 'var' or a type name. Try adding the name of the type of the variable or the keyword 'var' • lib/main.dart:515:1 • missing_const_final_var_or_type
  error • The operator '>' isn't defined for the type 'String'. Try defining the operator '>' • lib/main.dart:516:1 • undefined_operator
  error • The name 'label' isn't a type, so it can't be used as a type argument. Try correcting the name to an existing type, or defining a type named 'label' • lib/main.dart:518:2 • non_type_as_type_argument
  error • Expected to find ';' • lib/main.dart:518:7 • expected_token
   info • Missing type annotation. Try adding a type annotation • lib/main.dart:518:8 • strict_top_level_inference
   info • The variable name 'Quantity' isn't a lowerCamelCase identifier. Try changing the name to follow the lowerCamelCase style • lib/main.dart:518:8 • non_constant_identifier_names
  error • Expected to find '[' • lib/main.dart:518:8 • expected_token
  error • Functions must have an explicit list of parameters. Try adding a parameter list • lib/main.dart:518:8 • missing_function_parameters
  error • Expected an identifier • lib/main.dart:518:17 • missing_identifier
  error • Expected to find ',' • lib/main.dart:518:18 • expected_token
  error • A function body must be provided. Try adding a function body • lib/main.dart:520:1 • missing_function_body
  error • Expected a method, getter, setter or operator declaration. This appears to be incomplete code. Try removing it or completing it • lib/main.dart:520:1 • expected_executable
  error • input isn't a type. Try correcting the name to match an existing type • lib/main.dart:520:2 • not_a_type
  error • The name 'id' is already defined. Try renaming one of the declarations • lib/main.dart:521:1 • duplicate_definition
  error • Expected to find ';' • lib/main.dart:521:4 • expected_token
  error • The name 'type' is already defined. Try renaming one of the declarations • lib/main.dart:522:1 • duplicate_definition
  error • Variables must be declared using the keywords 'const', 'final', 'var' or a type name. Try adding the name of the type of the variable or the keyword 'var' • lib/main.dart:522:1 • missing_const_final_var_or_type
  error • Expected to find ';' • lib/main.dart:522:6 • expected_token
  error • The name 'step' is already defined. Try renaming one of the declarations • lib/main.dart:523:1 • duplicate_definition
  error • Variables must be declared using the keywords 'const', 'final', 'var' or a type name. Try adding the name of the type of the variable or the keyword 'var' • lib/main.dart:523:1 • missing_const_final_var_or_type
  error • Expected to find ';' • lib/main.dart:523:6 • expected_token
  error • The name 'placeholder' is already defined. Try renaming one of the declarations • lib/main.dart:524:1 • duplicate_definition
  error • Variables must be declared using the keywords 'const', 'final', 'var' or a type name. Try adding the name of the type of the variable or the keyword 'var' • lib/main.dart:524:1 • missing_const_final_var_or_type
  error • The operator '>' isn't defined for the type 'String'. Try defining the operator '>' • lib/main.dart:525:1 • undefined_operator
  error • The name 'label' isn't a type, so it can't be used as a type argument. Try correcting the name to an existing type, or defining a type named 'label' • lib/main.dart:527:2 • non_type_as_type_argument
  error • Expected to find ';' • lib/main.dart:527:7 • expected_token
   info • Missing type annotation. Try adding a type annotation • lib/main.dart:527:8 • strict_top_level_inference
   info • The variable name 'Unit' isn't a lowerCamelCase identifier. Try changing the name to follow the lowerCamelCase style • lib/main.dart:527:8 • non_constant_identifier_names
  error • Expected to find '[' • lib/main.dart:527:8 • expected_token
  error • Functions must have an explicit list of parameters. Try adding a parameter list • lib/main.dart:527:8 • missing_function_parameters
  error • Expected an identifier • lib/main.dart:527:13 • missing_identifier
  error • Expected to find ',' • lib/main.dart:527:14 • expected_token
  error • A function body must be provided. Try adding a function body • lib/main.dart:529:1 • missing_function_body
  error • Expected a method, getter, setter or operator declaration. This appears to be incomplete code. Try removing it or completing it • lib/main.dart:529:1 • expected_executable
  error • input isn't a type. Try correcting the name to match an existing type • lib/main.dart:529:2 • not_a_type
  error • The name 'id' is already defined. Try renaming one of the declarations • lib/main.dart:530:1 • duplicate_definition
  error • Expected to find ';' • lib/main.dart:530:4 • expected_token
  error • The name 'placeholder' is already defined. Try renaming one of the declarations • lib/main.dart:531:1 • duplicate_definition
  error • Variables must be declared using the keywords 'const', 'final', 'var' or a type name. Try adding the name of the type of the variable or the keyword 'var' • lib/main.dart:531:1 • missing_const_final_var_or_type
  error • The operator '>' isn't defined for the type 'String'. Try defining the operator '>' • lib/main.dart:532:1 • undefined_operator
  error • Expected to find ';' • lib/main.dart:534:2 • expected_token
  error • Expected to find '>' • lib/main.dart:534:2 • expected_token
  error • The name 'button' isn't a type, so it can't be used as a type argument. Try correcting the name to an existing type, or defining a type named 'button' • lib/main.dart:534:2 • non_type_as_type_argument
  error • Expected to find '[' • lib/main.dart:535:1 • expected_token
  error • Expected an identifier • lib/main.dart:535:6 • missing_identifier
  error • Expected to find ';' • lib/main.dart:535:6 • expected_token
  error • Expected a method, getter, setter or operator declaration. This appears to be incomplete code. Try removing it or completing it • lib/main.dart:535:7 • expected_executable
  error • Expected a type name • lib/main.dart:535:7 • expected_type_name
  error • Expected to find 'with' • lib/main.dart:535:7 • expected_token
  error • The name 'id' is already defined. Try renaming one of the declarations • lib/main.dart:536:1 • duplicate_definition
  error • Variables must be declared using the keywords 'const', 'final', 'var' or a type name. Try adding the name of the type of the variable or the keyword 'var' • lib/main.dart:536:1 • missing_const_final_var_or_type
  error • The operator '>' isn't defined for the type 'String'. Try defining the operator '>' • lib/main.dart:537:1 • undefined_operator
  error • Expected to find ';' • lib/main.dart:538:1 • expected_token
  error • Undefined name 'Save'. Try correcting the name to one that is defined, or defining the name • lib/main.dart:538:1 • undefined_identifier
   info • Missing type annotation. Try adding a type annotation • lib/main.dart:538:6 • strict_top_level_inference
   info • The variable name 'Production' isn't a lowerCamelCase identifier. Try changing the name to follow the lowerCamelCase style • lib/main.dart:538:6 • non_constant_identifier_names
  error • Functions must have an explicit list of parameters. Try adding a parameter list • lib/main.dart:538:6 • missing_function_parameters
  error • The name 'Production' is already defined. Try renaming one of the declarations • lib/main.dart:538:6 • duplicate_definition
  error • Expected an identifier • lib/main.dart:539:2 • missing_identifier
  error • Expected to find ',' • lib/main.dart:539:3 • expected_token
  error • A function body must be provided. Try adding a function body • lib/main.dart:541:1 • missing_function_body
  error • Expected a method, getter, setter or operator declaration. This appears to be incomplete code. Try removing it or completing it • lib/main.dart:541:1 • expected_executable
  error • Expected a method, getter, setter or operator declaration. This appears to be incomplete code. Try removing it or completing it • lib/main.dart:541:2 • expected_executable
   info • An uninitialized variable should have an explicit type annotation. Try adding a type annotation • lib/main.dart:541:3 • prefer_typing_uninitialized_variables
   info • Missing type annotation. Try adding a type annotation • lib/main.dart:541:3 • strict_top_level_inference
  error • Expected to find ';' • lib/main.dart:541:3 • expected_token
  error • The name 'div' is already defined. Try renaming one of the declarations • lib/main.dart:541:3 • duplicate_definition
  error • Variables must be declared using the keywords 'const', 'final', 'var' or a type name. Try adding the name of the type of the variable or the keyword 'var' • lib/main.dart:541:3 • missing_const_final_var_or_type
  error • Expected a method, getter, setter or operator declaration. This appears to be incomplete code. Try removing it or completing it • lib/main.dart:541:6 • expected_executable
  error • Expected a method, getter, setter or operator declaration. This appears to be incomplete code. Try removing it or completing it • lib/main.dart:543:1 • expected_executable
  error • div isn't a type. Try correcting the name to match an existing type • lib/main.dart:543:2 • not_a_type
  error • The name 'id' is already defined. Try renaming one of the declarations • lib/main.dart:543:6 • duplicate_definition
  error • The operator '>' isn't defined for the type 'String'. Try defining the operator '>' • lib/main.dart:543:25 • undefined_operator
  error • Expected a type name • lib/main.dart:543:27 • expected_type_name
  error • A comparison expression can't be an operand of another comparison expression. Try putting parentheses around one of the comparisons • lib/main.dart:545:1 • equality_cannot_be_equality_operand
  error • Expected to find '[' • lib/main.dart:545:1 • expected_token
  error • Expected an identifier • lib/main.dart:545:2 • missing_identifier
  error • A comparison expression can't be an operand of another comparison expression. Try putting parentheses around one of the comparisons • lib/main.dart:545:10 • equality_cannot_be_equality_operand
  error • Expected to find ';' • lib/main.dart:548:2 • expected_token
  error • Expected to find '>' • lib/main.dart:548:2 • expected_token
  error • The name 'section' isn't a type, so it can't be used as a type argument. Try correcting the name to an existing type, or defining a type named 'section' • lib/main.dart:548:2 • non_type_as_type_argument
  error • Expected to find '[' • lib/main.dart:548:10 • expected_token
  error • The name 'id' is already defined. Try renaming one of the declarations • lib/main.dart:548:10 • duplicate_definition
  error • Variables must be declared using the keywords 'const', 'final', 'var' or a type name. Try adding the name of the type of the variable or the keyword 'var' • lib/main.dart:548:10 • missing_const_final_var_or_type
  error • Expected to find ';' • lib/main.dart:548:13 • expected_token
  error • Expected an identifier • lib/main.dart:548:32 • missing_identifier
  error • Expected to find ';' • lib/main.dart:548:32 • expected_token
  error • Expected a method, getter, setter or operator declaration. This appears to be incomplete code. Try removing it or completing it • lib/main.dart:548:33 • expected_executable
  error • Expected a type name • lib/main.dart:548:33 • expected_type_name
  error • Expected to find 'with' • lib/main.dart:548:33 • expected_token
  error • Expected a method, getter, setter or operator declaration. This appears to be incomplete code. Try removing it or completing it • lib/main.dart:548:39 • expected_executable
  error • Expected a method, getter, setter or operator declaration. This appears to be incomplete code. Try removing it or completing it • lib/main.dart:550:1 • expected_executable
   info • An uninitialized variable should have an explicit type annotation. Try adding a type annotation • lib/main.dart:550:2 • prefer_typing_uninitialized_variables
   info • Missing type annotation. Try adding a type annotation • lib/main.dart:550:2 • strict_top_level_inference
  error • Expected to find ';' • lib/main.dart:550:2 • expected_token
  error • The name 'h2' is already defined. Try renaming one of the declarations • lib/main.dart:550:2 • duplicate_definition
  error • Variables must be declared using the keywords 'const', 'final', 'var' or a type name. Try adding the name of the type of the variable or the keyword 'var' • lib/main.dart:550:2 • missing_const_final_var_or_type
  error • Expected a method, getter, setter or operator declaration. This appears to be incomplete code. Try removing it or completing it • lib/main.dart:550:4 • expected_executable
  error • Transaction isn't a type. Try correcting the name to match an existing type • lib/main.dart:550:5 • not_a_type
   info • The variable name 'History' isn't a lowerCamelCase identifier. Try changing the name to follow the lowerCamelCase style • lib/main.dart:550:17 • non_constant_identifier_names
  error • Functions must have an explicit list of parameters. Try adding a parameter list • lib/main.dart:550:17 • missing_function_parameters
  error • Expected an identifier • lib/main.dart:550:25 • missing_identifier
  error • Expected to find ',' • lib/main.dart:550:26 • expected_token
  error • A function body must be provided. Try adding a function body • lib/main.dart:552:1 • missing_function_body
  error • Expected a method, getter, setter or operator declaration. This appears to be incomplete code. Try removing it or completing it • lib/main.dart:552:1 • expected_executable
  error • div isn't a type. Try correcting the name to match an existing type • lib/main.dart:552:2 • not_a_type
  error • 'class' can't be used as an identifier because it's a keyword. Try renaming this to be an identifier that isn't a keyword • lib/main.dart:552:6 • expected_identifier_but_got_keyword
  error • The name 'class' is already defined. Try renaming one of the declarations • lib/main.dart:552:6 • duplicate_definition
  error • The operator '>' isn't defined for the type 'String'. Try defining the operator '>' • lib/main.dart:552:17 • undefined_operator
  error • The name 'label' isn't a type, so it can't be used as a type argument. Try correcting the name to an existing type, or defining a type named 'label' • lib/main.dart:554:2 • non_type_as_type_argument
  error • Expected to find ';' • lib/main.dart:554:7 • expected_token
   info • Missing type annotation. Try adding a type annotation • lib/main.dart:554:8 • strict_top_level_inference
   info • The variable name 'Search' isn't a lowerCamelCase identifier. Try changing the name to follow the lowerCamelCase style • lib/main.dart:554:8 • non_constant_identifier_names
  error • Expected to find '[' • lib/main.dart:554:8 • expected_token
  error • Functions must have an explicit list of parameters. Try adding a parameter list • lib/main.dart:554:8 • missing_function_parameters
  error • Expected an identifier • lib/main.dart:554:15 • missing_identifier
  error • Expected to find ',' • lib/main.dart:554:16 • expected_token
  error • A function body must be provided. Try adding a function body • lib/main.dart:556:1 • missing_function_body
  error • Expected a method, getter, setter or operator declaration. This appears to be incomplete code. Try removing it or completing it • lib/main.dart:556:1 • expected_executable
  error • input isn't a type. Try correcting the name to match an existing type • lib/main.dart:556:2 • not_a_type
  error • The name 'id' is already defined. Try renaming one of the declarations • lib/main.dart:557:1 • duplicate_definition
  error • Expected to find ';' • lib/main.dart:557:4 • expected_token
  error • The name 'placeholder' is already defined. Try renaming one of the declarations • lib/main.dart:558:1 • duplicate_definition
  error • Variables must be declared using the keywords 'const', 'final', 'var' or a type name. Try adding the name of the type of the variable or the keyword 'var' • lib/main.dart:558:1 • missing_const_final_var_or_type
  error • The operator '>' isn't defined for the type 'String'. Try defining the operator '>' • lib/main.dart:559:1 • undefined_operator
  error • Expected a type name • lib/main.dart:561:2 • expected_type_name
  error • A comparison expression can't be an operand of another comparison expression. Try putting parentheses around one of the comparisons • lib/main.dart:563:1 • equality_cannot_be_equality_operand
  error • Expected to find '[' • lib/main.dart:563:1 • expected_token
  error • Expected to find ';' • lib/main.dart:563:2 • expected_token
  error • The name 'id' is already defined. Try renaming one of the declarations • lib/main.dart:563:6 • duplicate_definition
  error • Variables must be declared using the keywords 'const', 'final', 'var' or a type name. Try adding the name of the type of the variable or the keyword 'var' • lib/main.dart:563:6 • missing_const_final_var_or_type
  error • The operator '>' isn't defined for the type 'String'. Try defining the operator '>' • lib/main.dart:563:22 • undefined_operator
  error • Expected a type name • lib/main.dart:563:24 • expected_type_name
  error • A comparison expression can't be an operand of another comparison expression. Try putting parentheses around one of the comparisons • lib/main.dart:565:1 • equality_cannot_be_equality_operand
  error • Expected to find '[' • lib/main.dart:565:1 • expected_token
  error • Expected an identifier • lib/main.dart:565:2 • missing_identifier
  error • A comparison expression can't be an operand of another comparison expression. Try putting parentheses around one of the comparisons • lib/main.dart:565:10 • equality_cannot_be_equality_operand
  error • Expected a type name • lib/main.dart:568:2 • expected_type_name
  error • A comparison expression can't be an operand of another comparison expression. Try putting parentheses around one of the comparisons • lib/main.dart:570:1 • equality_cannot_be_equality_operand
  error • Expected to find '[' • lib/main.dart:570:1 • expected_token
  error • Expected an identifier • lib/main.dart:570:2 • missing_identifier
  error • A comparison expression can't be an operand of another comparison expression. Try putting parentheses around one of the comparisons • lib/main.dart:570:6 • equality_cannot_be_equality_operand
  error • Expected to find ';' • lib/main.dart:573:2 • expected_token
  error • Expected to find '>' • lib/main.dart:573:2 • expected_token
  error • The name 'script' isn't a type, so it can't be used as a type argument. Try correcting the name to an existing type, or defining a type named 'script' • lib/main.dart:573:2 • non_type_as_type_argument
  error • Expected to find '[' • lib/main.dart:573:9 • expected_token
  error • The name 'type' is already defined. Try renaming one of the declarations • lib/main.dart:573:9 • duplicate_definition
  error • Variables must be declared using the keywords 'const', 'final', 'var' or a type name. Try adding the name of the type of the variable or the keyword 'var' • lib/main.dart:573:9 • missing_const_final_var_or_type
  error • The operator '>' isn't defined for the type 'String'. Try defining the operator '>' • lib/main.dart:573:22 • undefined_operator
  error • Expected to find ';' • lib/main.dart:575:1 • expected_token
  error • Undefined name 'import'. Try correcting the name to one that is defined, or defining the name • lib/main.dart:575:1 • undefined_identifier
  error • Expected a method, getter, setter or operator declaration. This appears to be incomplete code. Try removing it or completing it • lib/main.dart:575:8 • expected_executable
   info • An uninitialized variable should have an explicit type annotation. Try adding a type annotation • lib/main.dart:577:1 • prefer_typing_uninitialized_variables
   info • Missing type annotation. Try adding a type annotation • lib/main.dart:577:1 • strict_top_level_inference
  error • Expected to find ';' • lib/main.dart:577:1 • expected_token
  error • Variables must be declared using the keywords 'const', 'final', 'var' or a type name. Try adding the name of the type of the variable or the keyword 'var' • lib/main.dart:577:1 • missing_const_final_var_or_type
  error • Expected a method, getter, setter or operator declaration. This appears to be incomplete code. Try removing it or completing it • lib/main.dart:577:6 • expected_executable
  error • Unexpected text ';'. Try removing the text • lib/main.dart:577:66 • unexpected_token
  error • Directives must appear before any declarations. Try moving the directive before any declarations • lib/main.dart:580:1 • directive_after_declaration
  error • Expected to find ';' • lib/main.dart:580:1 • expected_token
  error • Expected a method, getter, setter or operator declaration. This appears to be incomplete code. Try removing it or completing it • lib/main.dart:580:8 • expected_executable
  error • Expected a string literal • lib/main.dart:580:8 • expected_string_literal
   info • An uninitialized variable should have an explicit type annotation. Try adding a type annotation • lib/main.dart:592:1 • prefer_typing_uninitialized_variables
   info • Missing type annotation. Try adding a type annotation • lib/main.dart:592:1 • strict_top_level_inference
  error • Expected to find ';' • lib/main.dart:592:1 • expected_token
  error • The name 'from' is already defined. Try renaming one of the declarations • lib/main.dart:592:1 • duplicate_definition
  error • Variables must be declared using the keywords 'const', 'final', 'var' or a type name. Try adding the name of the type of the variable or the keyword 'var' • lib/main.dart:592:1 • missing_const_final_var_or_type
  error • Expected a method, getter, setter or operator declaration. This appears to be incomplete code. Try removing it or completing it • lib/main.dart:592:6 • expected_executable
  error • Unexpected text ';'. Try removing the text • lib/main.dart:592:67 • unexpected_token
  error • Directives must appear before any declarations. Try moving the directive before any declarations • lib/main.dart:595:1 • directive_after_declaration
  error • Expected to find ';' • lib/main.dart:595:1 • expected_token
  error • Expected a method, getter, setter or operator declaration. This appears to be incomplete code. Try removing it or completing it • lib/main.dart:595:8 • expected_executable
  error • Expected a string literal • lib/main.dart:595:8 • expected_string_literal
   info • An uninitialized variable should have an explicit type annotation. Try adding a type annotation • lib/main.dart:617:1 • prefer_typing_uninitialized_variables
   info • Missing type annotation. Try adding a type annotation • lib/main.dart:617:1 • strict_top_level_inference
  error • Expected to find ';' • lib/main.dart:617:1 • expected_token
  error • The name 'from' is already defined. Try renaming one of the declarations • lib/main.dart:617:1 • duplicate_definition
  error • Variables must be declared using the keywords 'const', 'final', 'var' or a type name. Try adding the name of the type of the variable or the keyword 'var' • lib/main.dart:617:1 • missing_const_final_var_or_type
  error • Expected a method, getter, setter or operator declaration. This appears to be incomplete code. Try removing it or completing it • lib/main.dart:617:6 • expected_executable
  error • Unexpected text ';'. Try removing the text • lib/main.dart:617:72 • unexpected_token
  error • Const variables must be initialized with a constant value. Try changing the initializer to be a constant expression • lib/main.dart:622:1 • const_initialized_with_non_constant_value
  error • The keys in a const map literal must be constant. Try removing the keyword 'const' from the map literal • lib/main.dart:622:1 • non_constant_map_key
  error • Undefined name 'apiKey'. Try correcting the name to one that is defined, or defining the name • lib/main.dart:622:1 • undefined_identifier
  error • The keys in a const map literal must be constant. Try removing the keyword 'const' from the map literal • lib/main.dart:625:1 • non_constant_map_key
  error • Undefined name 'authDomain'. Try correcting the name to one that is defined, or defining the name • lib/main.dart:625:1 • undefined_identifier
  error • The keys in a const map literal must be constant. Try removing the keyword 'const' from the map literal • lib/main.dart:628:1 • non_constant_map_key
  error • Undefined name 'projectId'. Try correcting the name to one that is defined, or defining the name • lib/main.dart:628:1 • undefined_identifier
  error • The keys in a const map literal must be constant. Try removing the keyword 'const' from the map literal • lib/main.dart:631:1 • non_constant_map_key
  error • Undefined name 'storageBucket'. Try correcting the name to one that is defined, or defining the name • lib/main.dart:631:1 • undefined_identifier
  error • The keys in a const map literal must be constant. Try removing the keyword 'const' from the map literal • lib/main.dart:634:1 • non_constant_map_key
  error • Undefined name 'messagingSenderId'. Try correcting the name to one that is defined, or defining the name • lib/main.dart:634:1 • undefined_identifier
  error • The keys in a const map literal must be constant. Try removing the keyword 'const' from the map literal • lib/main.dart:637:1 • non_constant_map_key
  error • Undefined name 'appId'. Try correcting the name to one that is defined, or defining the name • lib/main.dart:637:1 • undefined_identifier
  error • Const variables must be initialized with a constant value. Try changing the initializer to be a constant expression • lib/main.dart:644:1 • const_initialized_with_non_constant_value
  error • The function 'initializeApp' isn't defined. Try importing the library that defines 'initializeApp', correcting the name to the name of an existing function, or defining a function named 'initializeApp' • lib/main.dart:644:1 • undefined_function
  error • Const variables must be initialized with a constant value. Try changing the initializer to be a constant expression • lib/main.dart:647:1 • const_initialized_with_non_constant_value
  error • The function 'getAuth' isn't defined. Try importing the library that defines 'getAuth', correcting the name to the name of an existing function, or defining a function named 'getAuth' • lib/main.dart:647:1 • undefined_function
  error • Const variables must be initialized with a constant value. Try changing the initializer to be a constant expression • lib/main.dart:650:1 • const_initialized_with_non_constant_value
  error • The function 'getFirestore' isn't defined. Try importing the library that defines 'getFirestore', correcting the name to the name of an existing function, or defining a function named 'getFirestore' • lib/main.dart:650:1 • undefined_function
  error • Undefined class 'let'. Try changing the name to the name of an existing class, or creating a class with the name 'let' • lib/main.dart:653:1 • undefined_class
  error • Undefined class 'let'. Try changing the name to the name of an existing class, or creating a class with the name 'let' • lib/main.dart:655:1 • undefined_class
  error • Undefined class 'let'. Try changing the name to the name of an existing class, or creating a class with the name 'let' • lib/main.dart:657:1 • undefined_class
  error • Undefined class 'let'. Try changing the name to the name of an existing class, or creating a class with the name 'let' • lib/main.dart:659:1 • undefined_class
   info • Redundant initialization to 'null'. Try removing the initializer • lib/main.dart:659:5 • avoid_init_to_null
  error • Undefined class 'let'. Try changing the name to the name of an existing class, or creating a class with the name 'let' • lib/main.dart:661:1 • undefined_class
   info • Redundant initialization to 'null'. Try removing the initializer • lib/main.dart:661:5 • avoid_init_to_null
  error • Undefined class 'let'. Try changing the name to the name of an existing class, or creating a class with the name 'let' • lib/main.dart:663:1 • undefined_class
   info • Redundant initialization to 'null'. Try removing the initializer • lib/main.dart:663:5 • avoid_init_to_null
  error • Const variables must be initialized with a constant value. Try changing the initializer to be a constant expression • lib/main.dart:667:1 • const_initialized_with_non_constant_value
  error • The method 'getElementById' isn't defined for the type 'Function'. Try correcting the name to the name of an existing method, or defining a method named 'getElementById' • lib/main.dart:667:10 • undefined_method
  error • Const variables must be initialized with a constant value. Try changing the initializer to be a constant expression • lib/main.dart:670:1 • const_initialized_with_non_constant_value
  error • The method 'getElementById' isn't defined for the type 'Function'. Try correcting the name to the name of an existing method, or defining a method named 'getElementById' • lib/main.dart:670:10 • undefined_method
  error • Const variables must be initialized with a constant value. Try changing the initializer to be a constant expression • lib/main.dart:673:1 • const_initialized_with_non_constant_value
  error • The method 'getElementById' isn't defined for the type 'Function'. Try correcting the name to the name of an existing method, or defining a method named 'getElementById' • lib/main.dart:673:10 • undefined_method
  error • Const variables must be initialized with a constant value. Try changing the initializer to be a constant expression • lib/main.dart:676:1 • const_initialized_with_non_constant_value
  error • The method 'getElementById' isn't defined for the type 'Function'. Try correcting the name to the name of an existing method, or defining a method named 'getElementById' • lib/main.dart:676:10 • undefined_method
  error • Const variables must be initialized with a constant value. Try changing the initializer to be a constant expression • lib/main.dart:679:1 • const_initialized_with_non_constant_value
  error • The method 'getElementById' isn't defined for the type 'Function'. Try correcting the name to the name of an existing method, or defining a method named 'getElementById' • lib/main.dart:679:10 • undefined_method
  error • Const variables must be initialized with a constant value. Try changing the initializer to be a constant expression • lib/main.dart:682:1 • const_initialized_with_non_constant_value
  error • The method 'getElementById' isn't defined for the type 'Function'. Try correcting the name to the name of an existing method, or defining a method named 'getElementById' • lib/main.dart:682:10 • undefined_method
  error • Undefined class 'async'. Try changing the name to the name of an existing class, or creating a class with the name 'async' • lib/main.dart:685:1 • undefined_class
  error • Expected to find ';' • lib/main.dart:685:7 • expected_token
   info • Missing type annotation. Try adding a type annotation • lib/main.dart:685:16 • strict_top_level_inference
  error • Const variables must be initialized with a constant value. Try changing the initializer to be a constant expression • lib/main.dart:688:1 • const_initialized_with_non_constant_value
  error • The await expression can only be used in an async function. Try marking the function body with either 'async' or 'async*' • lib/main.dart:711:1 • await_in_wrong_context
  error • The function 'signInWithEmailAndPassword' isn't defined. Try importing the library that defines 'signInWithEmailAndPassword', correcting the name to the name of an existing function, or defining a function named 'signInWithEmailAndPassword' • lib/main.dart:711:7 • undefined_function
  error • Undefined name 'console'. Try correcting the name to one that is defined, or defining the name • lib/main.dart:719:1 • undefined_identifier
   info • Missing type annotation. Try adding a type annotation • lib/main.dart:734:1 • strict_top_level_inference
  error • Functions must have an explicit list of parameters. Try adding a parameter list • lib/main.dart:734:1 • missing_function_parameters
  error • The name 'loginButton' is already defined. Try renaming one of the declarations • lib/main.dart:734:1 • duplicate_definition
  error • A function body must be provided. Try adding a function body • lib/main.dart:734:12 • missing_function_body
  error • Expected a method, getter, setter or operator declaration. This appears to be incomplete code. Try removing it or completing it • lib/main.dart:734:12 • expected_executable
   info • Missing type annotation. Try adding a type annotation • lib/main.dart:734:13 • strict_top_level_inference
  error • Expected an identifier • lib/main.dart:735:1 • missing_identifier
   info • Missing type annotation. Try adding a type annotation • lib/main.dart:736:1 • strict_top_level_inference
  error • A function body must be provided. Try adding a function body • lib/main.dart:737:2 • missing_function_body
   info • Missing type annotation. Try adding a type annotation • lib/main.dart:740:1 • strict_top_level_inference
  error • Functions must have an explicit list of parameters. Try adding a parameter list • lib/main.dart:740:1 • missing_function_parameters
  error • The name 'loginPassword' is already defined. Try renaming one of the declarations • lib/main.dart:740:1 • duplicate_definition
  error • A function body must be provided. Try adding a function body • lib/main.dart:740:14 • missing_function_body
  error • Expected a method, getter, setter or operator declaration. This appears to be incomplete code. Try removing it or completing it • lib/main.dart:740:14 • expected_executable
   info • Missing type annotation. Try adding a type annotation • lib/main.dart:740:15 • strict_top_level_inference
  error • The name 'addEventListener' is already defined. Try renaming one of the declarations • lib/main.dart:740:15 • duplicate_definition
  error • Expected an identifier • lib/main.dart:741:1 • missing_identifier
   info • Use the generic function type syntax to declare the parameter 'function'. Try using the generic function type syntax • lib/main.dart:742:1 • use_function_type_syntax_for_parameters
  error • Expected to find ')' • lib/main.dart:742:16 • expected_token
  error • The '===' operator is not supported • lib/main.dart:744:14 • unsupported_operator
  error • A function body must be provided. Try adding a function body • lib/main.dart:751:2 • missing_function_body
   info • Missing type annotation. Try adding a type annotation • lib/main.dart:754:1 • strict_top_level_inference
  error • Functions must have an explicit list of parameters. Try adding a parameter list • lib/main.dart:754:1 • missing_function_parameters
  error • A function body must be provided. Try adding a function body • lib/main.dart:755:1 • missing_function_body
  error • Expected a method, getter, setter or operator declaration. This appears to be incomplete code. Try removing it or completing it • lib/main.dart:755:1 • expected_executable
   info • Missing type annotation. Try adding a type annotation • lib/main.dart:755:2 • strict_top_level_inference
  error • Expected an identifier • lib/main.dart:755:17 • missing_identifier
  error • A function body must be provided. Try adding a function body • lib/main.dart:756:1 • missing_function_body
  error • Expected a method, getter, setter or operator declaration. This appears to be incomplete code. Try removing it or completing it • lib/main.dart:756:1 • expected_executable
   info • Missing type annotation. Try adding a type annotation • lib/main.dart:756:2 • strict_top_level_inference
  error • The name 'addEventListener' is already defined. Try renaming one of the declarations • lib/main.dart:756:2 • duplicate_definition
  error • Expected an identifier • lib/main.dart:757:1 • missing_identifier
   info • Use the generic function type syntax to declare the parameter 'function'. Try using the generic function type syntax • lib/main.dart:758:1 • use_function_type_syntax_for_parameters
  error • Undefined class 'async'. Try changing the name to the name of an existing class, or creating a class with the name 'async' • lib/main.dart:758:1 • undefined_class
  error • Expected to find ')' • lib/main.dart:758:17 • expected_token
  error • A function body must be provided. Try adding a function body • lib/main.dart:763:2 • missing_function_body
   info • Missing type annotation. Try adding a type annotation • lib/main.dart:766:1 • strict_top_level_inference
   info • Missing type annotation. Try adding a type annotation • lib/main.dart:767:1 • strict_top_level_inference
   info • Use the generic function type syntax to declare the parameter 'function'. Try using the generic function type syntax • lib/main.dart:768:1 • use_function_type_syntax_for_parameters
  error • Expected to find ')' • lib/main.dart:768:15 • expected_token
  error • A function body must be provided. Try adding a function body • lib/main.dart:802:2 • missing_function_body
   info • Missing type annotation. Try adding a type annotation • lib/main.dart:805:1 • strict_top_level_inference
  error • Functions must have an explicit list of parameters. Try adding a parameter list • lib/main.dart:805:1 • missing_function_parameters
  error • The name 'document' is already defined. Try renaming one of the declarations • lib/main.dart:805:1 • duplicate_definition
  error • A function body must be provided. Try adding a function body • lib/main.dart:806:1 • missing_function_body
  error • Expected a method, getter, setter or operator declaration. This appears to be incomplete code. Try removing it or completing it • lib/main.dart:806:1 • expected_executable
   info • Missing type annotation. Try adding a type annotation • lib/main.dart:806:2 • strict_top_level_inference
  error • Expected an identifier • lib/main.dart:806:19 • missing_identifier
  error • A function body must be provided. Try adding a function body • lib/main.dart:807:1 • missing_function_body
  error • Expected a method, getter, setter or operator declaration. This appears to be incomplete code. Try removing it or completing it • lib/main.dart:807:1 • expected_executable
   info • Missing type annotation. Try adding a type annotation • lib/main.dart:807:2 • strict_top_level_inference
   info • Use the generic function type syntax to declare the parameter 'function'. Try using the generic function type syntax • lib/main.dart:807:10 • use_function_type_syntax_for_parameters
  error • Expected to find ')' • lib/main.dart:807:26 • expected_token
  error • A function body must be provided. Try adding a function body • lib/main.dart:844:3 • missing_function_body
  error • function isn't a type. Try correcting the name to match an existing type • lib/main.dart:847:1 • not_a_type
   info • Unnecessary 'new' keyword. Try removing the 'new' keyword • lib/main.dart:849:11 • unnecessary_new
  error • Const variables must be initialized with a constant value. Try changing the initializer to be a constant expression • lib/main.dart:849:11 • const_initialized_with_non_constant_value
  error • The name 'Date' isn't a class. Try correcting the name to match an existing class • lib/main.dart:849:15 • creation_with_non_type
   info • Use interpolation to compose strings and values. Try using string interpolation to build the composite string • lib/main.dart:852:3 • prefer_interpolation_to_compose_strings
  error • The class 'String' doesn't have an unnamed constructor. Try using one of the named constructors defined in 'String' • lib/main.dart:853:3 • new_with_undefined_constructor_default
  error • The method 'padStart' isn't defined for the type 'String'. Try correcting the name to the name of an existing method, or defining a method named 'padStart' • lib/main.dart:854:2 • undefined_method
   info • Use interpolation to compose strings and values. Try using string interpolation to build the composite string • lib/main.dart:855:3 • prefer_interpolation_to_compose_strings
  error • The class 'String' doesn't have an unnamed constructor. Try using one of the named constructors defined in 'String' • lib/main.dart:856:3 • new_with_undefined_constructor_default
  error • The method 'padStart' isn't defined for the type 'String'. Try correcting the name to the name of an existing method, or defining a method named 'padStart' • lib/main.dart:857:2 • undefined_method
   info • Missing type annotation. Try adding a type annotation • lib/main.dart:862:1 • strict_top_level_inference
  error • Functions must have an explicit list of parameters. Try adding a parameter list • lib/main.dart:862:1 • missing_function_parameters
  error • The name 'document' is already defined. Try renaming one of the declarations • lib/main.dart:862:1 • duplicate_definition
  error • A function body must be provided. Try adding a function body • lib/main.dart:862:9 • missing_function_body
  error • Expected a method, getter, setter or operator declaration. This appears to be incomplete code. Try removing it or completing it • lib/main.dart:862:9 • expected_executable
   info • Missing type annotation. Try adding a type annotation • lib/main.dart:862:10 • strict_top_level_inference
  error • The name 'getElementById' is already defined. Try renaming one of the declarations • lib/main.dart:862:10 • duplicate_definition
  error • Expected an identifier • lib/main.dart:863:1 • missing_identifier
  error • A function body must be provided. Try adding a function body • lib/main.dart:864:2 • missing_function_body
  error • Expected a method, getter, setter or operator declaration. This appears to be incomplete code. Try removing it or completing it • lib/main.dart:864:2 • expected_executable
  error • The name 'value' is already defined. Try renaming one of the declarations • lib/main.dart:864:3 • duplicate_definition
  error • Variables must be declared using the keywords 'const', 'final', 'var' or a type name. Try adding the name of the type of the variable or the keyword 'var' • lib/main.dart:864:3 • missing_const_final_var_or_type
   info • Missing type annotation. Try adding a type annotation • lib/main.dart:867:1 • strict_top_level_inference
  error • Functions must have an explicit list of parameters. Try adding a parameter list • lib/main.dart:867:1 • missing_function_parameters
  error • The name 'document' is already defined. Try renaming one of the declarations • lib/main.dart:867:1 • duplicate_definition
  error • A function body must be provided. Try adding a function body • lib/main.dart:867:9 • missing_function_body
  error • Expected a method, getter, setter or operator declaration. This appears to be incomplete code. Try removing it or completing it • lib/main.dart:867:9 • expected_executable
   info • Missing type annotation. Try adding a type annotation • lib/main.dart:867:10 • strict_top_level_inference
  error • The name 'getElementById' is already defined. Try renaming one of the declarations • lib/main.dart:867:10 • duplicate_definition
  error • Expected an identifier • lib/main.dart:868:1 • missing_identifier
  error • A function body must be provided. Try adding a function body • lib/main.dart:869:2 • missing_function_body
  error • Expected a method, getter, setter or operator declaration. This appears to be incomplete code. Try removing it or completing it • lib/main.dart:869:2 • expected_executable
  error • The name 'value' is already defined. Try renaming one of the declarations • lib/main.dart:869:3 • duplicate_definition
  error • Variables must be declared using the keywords 'const', 'final', 'var' or a type name. Try adding the name of the type of the variable or the keyword 'var' • lib/main.dart:869:3 • missing_const_final_var_or_type
  error • function isn't a type. Try correcting the name to match an existing type • lib/main.dart:872:1 • not_a_type
  error • Const variables must be initialized with a constant value. Try changing the initializer to be a constant expression • lib/main.dart:877:1 • const_initialized_with_non_constant_value
  error • The function 'query' isn't defined. Try importing the library that defines 'query', correcting the name to the name of an existing function, or defining a function named 'query' • lib/main.dart:877:1 • undefined_function
  error • The function 'collection' isn't defined. Try importing the library that defines 'collection', correcting the name to the name of an existing function, or defining a function named 'collection' • lib/main.dart:878:1 • undefined_function
  error • The function 'orderBy' isn't defined. Try importing the library that defines 'orderBy', correcting the name to the name of an existing function, or defining a function named 'orderBy' • lib/main.dart:879:1 • undefined_function
  error • The function 'onSnapshot' isn't defined. Try importing the library that defines 'onSnapshot', correcting the name to the name of an existing function, or defining a function named 'onSnapshot' • lib/main.dart:883:1 • undefined_function
  error • Function expressions can't be named. Try removing the name, or moving the function expression to a function declaration statement • lib/main.dart:885:1 • named_function_expression
  error • Function expressions can't be named. Try removing the name, or moving the function expression to a function declaration statement • lib/main.dart:888:19 • named_function_expression
  error • The function 'renderAll' isn't defined. Try importing the library that defines 'renderAll', correcting the name to the name of an existing function, or defining a function named 'renderAll' • lib/main.dart:897:1 • undefined_function
  error • The method 'getElementById' isn't defined for the type 'Function'. Try correcting the name to the name of an existing method, or defining a method named 'getElementById' • lib/main.dart:899:10 • undefined_method
  error • Function expressions can't be named. Try removing the name, or moving the function expression to a function declaration statement • lib/main.dart:905:1 • named_function_expression
  error • Undefined name 'console'. Try correcting the name to one that is defined, or defining the name • lib/main.dart:907:1 • undefined_identifier
  error • The method 'getElementById' isn't defined for the type 'Function'. Try correcting the name to the name of an existing method, or defining a method named 'getElementById' • lib/main.dart:909:10 • undefined_method
  error • Const variables must be initialized with a constant value. Try changing the initializer to be a constant expression • lib/main.dart:919:1 • const_initialized_with_non_constant_value
  error • The function 'query' isn't defined. Try importing the library that defines 'query', correcting the name to the name of an existing function, or defining a function named 'query' • lib/main.dart:919:1 • undefined_function
  error • The function 'collection' isn't defined. Try importing the library that defines 'collection', correcting the name to the name of an existing function, or defining a function named 'collection' • lib/main.dart:920:1 • undefined_function
  error • The function 'orderBy' isn't defined. Try importing the library that defines 'orderBy', correcting the name to the name of an existing function, or defining a function named 'orderBy' • lib/main.dart:921:1 • undefined_function
  error • The function 'onSnapshot' isn't defined. Try importing the library that defines 'onSnapshot', correcting the name to the name of an existing function, or defining a function named 'onSnapshot' • lib/main.dart:925:1 • undefined_function
  error • Function expressions can't be named. Try removing the name, or moving the function expression to a function declaration statement • lib/main.dart:927:1 • named_function_expression
  error • Function expressions can't be named. Try removing the name, or moving the function expression to a function declaration statement • lib/main.dart:930:19 • named_function_expression
  error • The function 'renderAll' isn't defined. Try importing the library that defines 'renderAll', correcting the name to the name of an existing function, or defining a function named 'renderAll' • lib/main.dart:939:1 • undefined_function
  error • Const variables must be initialized with a constant value. Try changing the initializer to be a constant expression • lib/main.dart:946:1 • const_initialized_with_non_constant_value
  error • The function 'query' isn't defined. Try importing the library that defines 'query', correcting the name to the name of an existing function, or defining a function named 'query' • lib/main.dart:946:1 • undefined_function
  error • The function 'collection' isn't defined. Try importing the library that defines 'collection', correcting the name to the name of an existing function, or defining a function named 'collection' • lib/main.dart:947:1 • undefined_function
  error • The function 'orderBy' isn't defined. Try importing the library that defines 'orderBy', correcting the name to the name of an existing function, or defining a function named 'orderBy' • lib/main.dart:948:1 • undefined_function
  error • The function 'onSnapshot' isn't defined. Try importing the library that defines 'onSnapshot', correcting the name to the name of an existing function, or defining a function named 'onSnapshot' • lib/main.dart:952:1 • undefined_function
  error • Function expressions can't be named. Try removing the name, or moving the function expression to a function declaration statement • lib/main.dart:954:1 • named_function_expression
  error • Function expressions can't be named. Try removing the name, or moving the function expression to a function declaration statement • lib/main.dart:957:19 • named_function_expression
  error • The function 'renderAll' isn't defined. Try importing the library that defines 'renderAll', correcting the name to the name of an existing function, or defining a function named 'renderAll' • lib/main.dart:966:1 • undefined_function
  error • function isn't a type. Try correcting the name to match an existing type • lib/main.dart:974:1 • not_a_type
   info • Missing type annotation. Try adding a type annotation • lib/main.dart:1009:1 • strict_top_level_inference
  error • Functions must have an explicit list of parameters. Try adding a parameter list • lib/main.dart:1009:1 • missing_function_parameters
  error • The name 'document' is already defined. Try renaming one of the declarations • lib/main.dart:1009:1 • duplicate_definition
  error • A function body must be provided. Try adding a function body • lib/main.dart:1010:1 • missing_function_body
  error • Expected a method, getter, setter or operator declaration. This appears to be incomplete code. Try removing it or completing it • lib/main.dart:1010:1 • expected_executable
   info • Missing type annotation. Try adding a type annotation • lib/main.dart:1010:2 • strict_top_level_inference
  error • The name 'getElementById' is already defined. Try renaming one of the declarations • lib/main.dart:1010:2 • duplicate_definition
  error • Expected an identifier • lib/main.dart:1010:17 • missing_identifier
  error • A function body must be provided. Try adding a function body • lib/main.dart:1011:1 • missing_function_body
  error • Expected a method, getter, setter or operator declaration. This appears to be incomplete code. Try removing it or completing it • lib/main.dart:1011:1 • expected_executable
   info • Missing type annotation. Try adding a type annotation • lib/main.dart:1011:2 • strict_top_level_inference
  error • The name 'addEventListener' is already defined. Try renaming one of the declarations • lib/main.dart:1011:2 • duplicate_definition
  error • Expected an identifier • lib/main.dart:1012:1 • missing_identifier
   info • Use the generic function type syntax to declare the parameter 'function'. Try using the generic function type syntax • lib/main.dart:1013:1 • use_function_type_syntax_for_parameters
  error • Undefined class 'async'. Try changing the name to the name of an existing class, or creating a class with the name 'async' • lib/main.dart:1013:1 • undefined_class
  error • Expected to find ')' • lib/main.dart:1013:17 • expected_token
  error • A function body must be provided. Try adding a function body • lib/main.dart:1115:3 • missing_function_body
   info • Missing type annotation. Try adding a type annotation • lib/main.dart:1120:1 • strict_top_level_inference
  error • Functions must have an explicit list of parameters. Try adding a parameter list • lib/main.dart:1120:1 • missing_function_parameters
  error • The name 'document' is already defined. Try renaming one of the declarations • lib/main.dart:1120:1 • duplicate_definition
  error • A function body must be provided. Try adding a function body • lib/main.dart:1121:1 • missing_function_body
  error • Expected a method, getter, setter or operator declaration. This appears to be incomplete code. Try removing it or completing it • lib/main.dart:1121:1 • expected_executable
   info • Missing type annotation. Try adding a type annotation • lib/main.dart:1121:2 • strict_top_level_inference
  error • The name 'getElementById' is already defined. Try renaming one of the declarations • lib/main.dart:1121:2 • duplicate_definition
  error • Expected an identifier • lib/main.dart:1121:17 • missing_identifier
  error • A function body must be provided. Try adding a function body • lib/main.dart:1122:1 • missing_function_body
  error • Expected a method, getter, setter or operator declaration. This appears to be incomplete code. Try removing it or completing it • lib/main.dart:1122:1 • expected_executable
   info • Missing type annotation. Try adding a type annotation • lib/main.dart:1122:2 • strict_top_level_inference
  error • The name 'addEventListener' is already defined. Try renaming one of the declarations • lib/main.dart:1122:2 • duplicate_definition
  error • Expected an identifier • lib/main.dart:1123:1 • missing_identifier
   info • Use the generic function type syntax to declare the parameter 'function'. Try using the generic function type syntax • lib/main.dart:1124:1 • use_function_type_syntax_for_parameters
  error • Undefined class 'async'. Try changing the name to the name of an existing class, or creating a class with the name 'async' • lib/main.dart:1124:1 • undefined_class
  error • Expected to find ')' • lib/main.dart:1124:17 • expected_token
  error • A function body must be provided. Try adding a function body • lib/main.dart:1200:3 • missing_function_body
   info • Missing type annotation. Try adding a type annotation • lib/main.dart:1205:1 • strict_top_level_inference
  error • Functions must have an explicit list of parameters. Try adding a parameter list • lib/main.dart:1205:1 • missing_function_parameters
  error • The name 'document' is already defined. Try renaming one of the declarations • lib/main.dart:1205:1 • duplicate_definition
  error • A function body must be provided. Try adding a function body • lib/main.dart:1206:1 • missing_function_body
  error • Expected a method, getter, setter or operator declaration. This appears to be incomplete code. Try removing it or completing it • lib/main.dart:1206:1 • expected_executable
   info • Missing type annotation. Try adding a type annotation • lib/main.dart:1206:2 • strict_top_level_inference
  error • The name 'getElementById' is already defined. Try renaming one of the declarations • lib/main.dart:1206:2 • duplicate_definition
  error • Expected an identifier • lib/main.dart:1206:17 • missing_identifier
  error • A function body must be provided. Try adding a function body • lib/main.dart:1207:1 • missing_function_body
  error • Expected a method, getter, setter or operator declaration. This appears to be incomplete code. Try removing it or completing it • lib/main.dart:1207:1 • expected_executable
   info • Missing type annotation. Try adding a type annotation • lib/main.dart:1207:2 • strict_top_level_inference
  error • The name 'addEventListener' is already defined. Try renaming one of the declarations • lib/main.dart:1207:2 • duplicate_definition
  error • Expected an identifier • lib/main.dart:1208:1 • missing_identifier
   info • Use the generic function type syntax to declare the parameter 'function'. Try using the generic function type syntax • lib/main.dart:1209:1 • use_function_type_syntax_for_parameters
  error • Undefined class 'async'. Try changing the name to the name of an existing class, or creating a class with the name 'async' • lib/main.dart:1209:1 • undefined_class
  error • Expected to find ')' • lib/main.dart:1209:17 • expected_token
  error • A function body must be provided. Try adding a function body • lib/main.dart:1312:3 • missing_function_body
   info • Missing type annotation. Try adding a type annotation • lib/main.dart:1317:1 • strict_top_level_inference
  error • Functions must have an explicit list of parameters. Try adding a parameter list • lib/main.dart:1317:1 • missing_function_parameters
  error • A function body must be provided. Try adding a function body • lib/main.dart:1317:7 • missing_function_body
  error • Expected a method, getter, setter or operator declaration. This appears to be incomplete code. Try removing it or completing it • lib/main.dart:1317:7 • expected_executable
  error • Variables must be declared using the keywords 'const', 'final', 'var' or a type name. Try adding the name of the type of the variable or the keyword 'var' • lib/main.dart:1317:8 • missing_const_final_var_or_type
  error • Function expressions can't be named. Try removing the name, or moving the function expression to a function declaration statement • lib/main.dart:1318:7 • named_function_expression
  error • The function 'confirm' isn't defined. Try importing the library that defines 'confirm', correcting the name to the name of an existing function, or defining a function named 'confirm' • lib/main.dart:1320:5 • undefined_function
  error • The await expression can only be used in an async function. Try marking the function body with either 'async' or 'async*' • lib/main.dart:1330:1 • await_in_wrong_context
  error • The function 'deleteDoc' isn't defined. Try importing the library that defines 'deleteDoc', correcting the name to the name of an existing function, or defining a function named 'deleteDoc' • lib/main.dart:1330:7 • undefined_function
  error • The function 'doc' isn't defined. Try importing the library that defines 'doc', correcting the name to the name of an existing function, or defining a function named 'doc' • lib/main.dart:1331:1 • undefined_function
  error • Undefined name 'console'. Try correcting the name to one that is defined, or defining the name • lib/main.dart:1336:1 • undefined_identifier
  error • The function 'alert' isn't defined. Try importing the library that defines 'alert', correcting the name to the name of an existing function, or defining a function named 'alert' • lib/main.dart:1338:1 • undefined_function
   info • Missing type annotation. Try adding a type annotation • lib/main.dart:1347:1 • strict_top_level_inference
  error • Functions must have an explicit list of parameters. Try adding a parameter list • lib/main.dart:1347:1 • missing_function_parameters
  error • The name 'window' is already defined. Try renaming one of the declarations • lib/main.dart:1347:1 • duplicate_definition
  error • A function body must be provided. Try adding a function body • lib/main.dart:1347:7 • missing_function_body
  error • Expected a method, getter, setter or operator declaration. This appears to be incomplete code. Try removing it or completing it • lib/main.dart:1347:7 • expected_executable
  error • Variables must be declared using the keywords 'const', 'final', 'var' or a type name. Try adding the name of the type of the variable or the keyword 'var' • lib/main.dart:1347:8 • missing_const_final_var_or_type
  error • Function expressions can't be named. Try removing the name, or moving the function expression to a function declaration statement • lib/main.dart:1348:7 • named_function_expression
  error • The function 'confirm' isn't defined. Try importing the library that defines 'confirm', correcting the name to the name of an existing function, or defining a function named 'confirm' • lib/main.dart:1350:5 • undefined_function
  error • The await expression can only be used in an async function. Try marking the function body with either 'async' or 'async*' • lib/main.dart:1360:1 • await_in_wrong_context
  error • The function 'deleteDoc' isn't defined. Try importing the library that defines 'deleteDoc', correcting the name to the name of an existing function, or defining a function named 'deleteDoc' • lib/main.dart:1360:7 • undefined_function
  error • The function 'doc' isn't defined. Try importing the library that defines 'doc', correcting the name to the name of an existing function, or defining a function named 'doc' • lib/main.dart:1361:1 • undefined_function
  error • Undefined name 'console'. Try correcting the name to one that is defined, or defining the name • lib/main.dart:1366:1 • undefined_identifier
  error • The function 'alert' isn't defined. Try importing the library that defines 'alert', correcting the name to the name of an existing function, or defining a function named 'alert' • lib/main.dart:1368:1 • undefined_function
   info • Missing type annotation. Try adding a type annotation • lib/main.dart:1377:1 • strict_top_level_inference
  error • Functions must have an explicit list of parameters. Try adding a parameter list • lib/main.dart:1377:1 • missing_function_parameters
  error • The name 'window' is already defined. Try renaming one of the declarations • lib/main.dart:1377:1 • duplicate_definition
  error • A function body must be provided. Try adding a function body • lib/main.dart:1377:7 • missing_function_body
  error • Expected a method, getter, setter or operator declaration. This appears to be incomplete code. Try removing it or completing it • lib/main.dart:1377:7 • expected_executable
  error • Variables must be declared using the keywords 'const', 'final', 'var' or a type name. Try adding the name of the type of the variable or the keyword 'var' • lib/main.dart:1377:8 • missing_const_final_var_or_type
  error • Function expressions can't be named. Try removing the name, or moving the function expression to a function declaration statement • lib/main.dart:1378:7 • named_function_expression
  error • The function 'confirm' isn't defined. Try importing the library that defines 'confirm', correcting the name to the name of an existing function, or defining a function named 'confirm' • lib/main.dart:1380:5 • undefined_function
  error • The await expression can only be used in an async function. Try marking the function body with either 'async' or 'async*' • lib/main.dart:1390:1 • await_in_wrong_context
  error • The function 'deleteDoc' isn't defined. Try importing the library that defines 'deleteDoc', correcting the name to the name of an existing function, or defining a function named 'deleteDoc' • lib/main.dart:1390:7 • undefined_function
  error • The function 'doc' isn't defined. Try importing the library that defines 'doc', correcting the name to the name of an existing function, or defining a function named 'doc' • lib/main.dart:1391:1 • undefined_function
  error • Undefined name 'console'. Try correcting the name to one that is defined, or defining the name • lib/main.dart:1396:1 • undefined_identifier
  error • The function 'alert' isn't defined. Try importing the library that defines 'alert', correcting the name to the name of an existing function, or defining a function named 'alert' • lib/main.dart:1398:1 • undefined_function
  error • function isn't a type. Try correcting the name to match an existing type • lib/main.dart:1407:1 • not_a_type
   info • Missing type annotation. Try adding a type annotation • lib/main.dart:1407:16 • strict_top_level_inference
   info • Use interpolation to compose strings and values. Try using string interpolation to build the composite string • lib/main.dart:1409:8 • prefer_interpolation_to_compose_strings
  error • The function 'Number' isn't defined. Try importing the library that defines 'Number', correcting the name to the name of an existing function, or defining a function named 'Number' • lib/main.dart:1410:1 • undefined_function
  error • The operands of the operator '||' must be assignable to 'bool' • lib/main.dart:1410:17 • non_bool_operand
  error • Undefined name 'minimumFractionDigits'. Try correcting the name to one that is defined, or defining the name • lib/main.dart:1414:1 • undefined_identifier
  error • Undefined name 'maximumFractionDigits'. Try correcting the name to one that is defined, or defining the name • lib/main.dart:1415:1 • undefined_identifier
  error • The name 'MyApp' isn't a class. Try correcting the name to match an existing class • test/widget_test.dart:16:35 • creation_with_non_type

